<!doctype html public "-//w3c//dtd html 4.0 transitional//en">
<html><head>
<title>Static Call Graph - [CubeSTM32F103W5500\CubeSTM32F103W5500.axf]</title></head>
<body><HR>
<H1>Static Call Graph for image CubeSTM32F103W5500\CubeSTM32F103W5500.axf</H1><HR>
<BR><P>#&#060CALLGRAPH&#062# ARM Linker, 5060750: Last Updated: Mon Oct 28 23:17:11 2019
<BR><P>
<H3>Maximum Stack Usage =        792 bytes + Unknown(Cycles, Untraceable Function Pointers)</H3><H3>
Call chain for Maximum Stack Depth:</H3>
main &rArr; init &rArr; UART_Printf &rArr; HAL_UART_Transmit &rArr; UART_WaitOnFlagUntilTimeout
<P>
<H3>
Mutually Recursive functions
</H3> <LI><a href="#[1c]">ADC1_2_IRQHandler</a>&nbsp;&nbsp;&nbsp;&rArr;&nbsp;&nbsp;&nbsp;<a href="#[1c]">ADC1_2_IRQHandler</a><BR>
 <LI><a href="#[4]">BusFault_Handler</a>&nbsp;&nbsp;&nbsp;&rArr;&nbsp;&nbsp;&nbsp;<a href="#[4]">BusFault_Handler</a><BR>
 <LI><a href="#[2]">HardFault_Handler</a>&nbsp;&nbsp;&nbsp;&rArr;&nbsp;&nbsp;&nbsp;<a href="#[2]">HardFault_Handler</a><BR>
 <LI><a href="#[3]">MemManage_Handler</a>&nbsp;&nbsp;&nbsp;&rArr;&nbsp;&nbsp;&nbsp;<a href="#[3]">MemManage_Handler</a><BR>
 <LI><a href="#[5]">UsageFault_Handler</a>&nbsp;&nbsp;&nbsp;&rArr;&nbsp;&nbsp;&nbsp;<a href="#[5]">UsageFault_Handler</a><BR>
</UL>
<P>
<H3>
Function Pointers
</H3><UL>
 <LI><a href="#[1c]">ADC1_2_IRQHandler</a> from startup_stm32f103xb.o(.text) referenced from startup_stm32f103xb.o(RESET)
 <LI><a href="#[4]">BusFault_Handler</a> from stm32f1xx_it.o(i.BusFault_Handler) referenced from startup_stm32f103xb.o(RESET)
 <LI><a href="#[1f]">CAN1_RX1_IRQHandler</a> from startup_stm32f103xb.o(.text) referenced from startup_stm32f103xb.o(RESET)
 <LI><a href="#[20]">CAN1_SCE_IRQHandler</a> from startup_stm32f103xb.o(.text) referenced from startup_stm32f103xb.o(RESET)
 <LI><a href="#[44]">Callback_IPAssigned</a> from main.o(i.Callback_IPAssigned) referenced from main.o(i.init)
 <LI><a href="#[43]">Callback_IPConflict</a> from main.o(i.Callback_IPConflict) referenced from main.o(i.init)
 <LI><a href="#[15]">DMA1_Channel1_IRQHandler</a> from startup_stm32f103xb.o(.text) referenced from startup_stm32f103xb.o(RESET)
 <LI><a href="#[16]">DMA1_Channel2_IRQHandler</a> from startup_stm32f103xb.o(.text) referenced from startup_stm32f103xb.o(RESET)
 <LI><a href="#[17]">DMA1_Channel3_IRQHandler</a> from startup_stm32f103xb.o(.text) referenced from startup_stm32f103xb.o(RESET)
 <LI><a href="#[18]">DMA1_Channel4_IRQHandler</a> from startup_stm32f103xb.o(.text) referenced from startup_stm32f103xb.o(RESET)
 <LI><a href="#[19]">DMA1_Channel5_IRQHandler</a> from startup_stm32f103xb.o(.text) referenced from startup_stm32f103xb.o(RESET)
 <LI><a href="#[1a]">DMA1_Channel6_IRQHandler</a> from startup_stm32f103xb.o(.text) referenced from startup_stm32f103xb.o(RESET)
 <LI><a href="#[1b]">DMA1_Channel7_IRQHandler</a> from startup_stm32f103xb.o(.text) referenced from startup_stm32f103xb.o(RESET)
 <LI><a href="#[7]">DebugMon_Handler</a> from stm32f1xx_it.o(i.DebugMon_Handler) referenced from startup_stm32f103xb.o(RESET)
 <LI><a href="#[10]">EXTI0_IRQHandler</a> from startup_stm32f103xb.o(.text) referenced from startup_stm32f103xb.o(RESET)
 <LI><a href="#[32]">EXTI15_10_IRQHandler</a> from startup_stm32f103xb.o(.text) referenced from startup_stm32f103xb.o(RESET)
 <LI><a href="#[11]">EXTI1_IRQHandler</a> from startup_stm32f103xb.o(.text) referenced from startup_stm32f103xb.o(RESET)
 <LI><a href="#[12]">EXTI2_IRQHandler</a> from startup_stm32f103xb.o(.text) referenced from startup_stm32f103xb.o(RESET)
 <LI><a href="#[13]">EXTI3_IRQHandler</a> from startup_stm32f103xb.o(.text) referenced from startup_stm32f103xb.o(RESET)
 <LI><a href="#[14]">EXTI4_IRQHandler</a> from startup_stm32f103xb.o(.text) referenced from startup_stm32f103xb.o(RESET)
 <LI><a href="#[21]">EXTI9_5_IRQHandler</a> from startup_stm32f103xb.o(.text) referenced from startup_stm32f103xb.o(RESET)
 <LI><a href="#[e]">FLASH_IRQHandler</a> from startup_stm32f103xb.o(.text) referenced from startup_stm32f103xb.o(RESET)
 <LI><a href="#[2]">HardFault_Handler</a> from stm32f1xx_it.o(i.HardFault_Handler) referenced from startup_stm32f103xb.o(RESET)
 <LI><a href="#[2a]">I2C1_ER_IRQHandler</a> from startup_stm32f103xb.o(.text) referenced from startup_stm32f103xb.o(RESET)
 <LI><a href="#[29]">I2C1_EV_IRQHandler</a> from startup_stm32f103xb.o(.text) referenced from startup_stm32f103xb.o(RESET)
 <LI><a href="#[2c]">I2C2_ER_IRQHandler</a> from startup_stm32f103xb.o(.text) referenced from startup_stm32f103xb.o(RESET)
 <LI><a href="#[2b]">I2C2_EV_IRQHandler</a> from startup_stm32f103xb.o(.text) referenced from startup_stm32f103xb.o(RESET)
 <LI><a href="#[3]">MemManage_Handler</a> from stm32f1xx_it.o(i.MemManage_Handler) referenced from startup_stm32f103xb.o(RESET)
 <LI><a href="#[1]">NMI_Handler</a> from stm32f1xx_it.o(i.NMI_Handler) referenced from startup_stm32f103xb.o(RESET)
 <LI><a href="#[b]">PVD_IRQHandler</a> from startup_stm32f103xb.o(.text) referenced from startup_stm32f103xb.o(RESET)
 <LI><a href="#[8]">PendSV_Handler</a> from stm32f1xx_it.o(i.PendSV_Handler) referenced from startup_stm32f103xb.o(RESET)
 <LI><a href="#[f]">RCC_IRQHandler</a> from startup_stm32f103xb.o(.text) referenced from startup_stm32f103xb.o(RESET)
 <LI><a href="#[33]">RTC_Alarm_IRQHandler</a> from startup_stm32f103xb.o(.text) referenced from startup_stm32f103xb.o(RESET)
 <LI><a href="#[d]">RTC_IRQHandler</a> from startup_stm32f103xb.o(.text) referenced from startup_stm32f103xb.o(RESET)
 <LI><a href="#[0]">Reset_Handler</a> from startup_stm32f103xb.o(.text) referenced from startup_stm32f103xb.o(RESET)
 <LI><a href="#[2d]">SPI1_IRQHandler</a> from startup_stm32f103xb.o(.text) referenced from startup_stm32f103xb.o(RESET)
 <LI><a href="#[2e]">SPI2_IRQHandler</a> from startup_stm32f103xb.o(.text) referenced from startup_stm32f103xb.o(RESET)
 <LI><a href="#[6]">SVC_Handler</a> from stm32f1xx_it.o(i.SVC_Handler) referenced from startup_stm32f103xb.o(RESET)
 <LI><a href="#[9]">SysTick_Handler</a> from stm32f1xx_it.o(i.SysTick_Handler) referenced from startup_stm32f103xb.o(RESET)
 <LI><a href="#[36]">SystemInit</a> from system_stm32f1xx.o(i.SystemInit) referenced from startup_stm32f103xb.o(.text)
 <LI><a href="#[c]">TAMPER_IRQHandler</a> from startup_stm32f103xb.o(.text) referenced from startup_stm32f103xb.o(RESET)
 <LI><a href="#[22]">TIM1_BRK_IRQHandler</a> from startup_stm32f103xb.o(.text) referenced from startup_stm32f103xb.o(RESET)
 <LI><a href="#[25]">TIM1_CC_IRQHandler</a> from startup_stm32f103xb.o(.text) referenced from startup_stm32f103xb.o(RESET)
 <LI><a href="#[24]">TIM1_TRG_COM_IRQHandler</a> from startup_stm32f103xb.o(.text) referenced from startup_stm32f103xb.o(RESET)
 <LI><a href="#[23]">TIM1_UP_IRQHandler</a> from startup_stm32f103xb.o(.text) referenced from startup_stm32f103xb.o(RESET)
 <LI><a href="#[26]">TIM2_IRQHandler</a> from startup_stm32f103xb.o(.text) referenced from startup_stm32f103xb.o(RESET)
 <LI><a href="#[27]">TIM3_IRQHandler</a> from startup_stm32f103xb.o(.text) referenced from startup_stm32f103xb.o(RESET)
 <LI><a href="#[28]">TIM4_IRQHandler</a> from startup_stm32f103xb.o(.text) referenced from startup_stm32f103xb.o(RESET)
 <LI><a href="#[2f]">USART1_IRQHandler</a> from startup_stm32f103xb.o(.text) referenced from startup_stm32f103xb.o(RESET)
 <LI><a href="#[30]">USART2_IRQHandler</a> from startup_stm32f103xb.o(.text) referenced from startup_stm32f103xb.o(RESET)
 <LI><a href="#[31]">USART3_IRQHandler</a> from startup_stm32f103xb.o(.text) referenced from startup_stm32f103xb.o(RESET)
 <LI><a href="#[34]">USBWakeUp_IRQHandler</a> from startup_stm32f103xb.o(.text) referenced from startup_stm32f103xb.o(RESET)
 <LI><a href="#[1d]">USB_HP_CAN1_TX_IRQHandler</a> from startup_stm32f103xb.o(.text) referenced from startup_stm32f103xb.o(RESET)
 <LI><a href="#[1e]">USB_LP_CAN1_RX0_IRQHandler</a> from startup_stm32f103xb.o(.text) referenced from startup_stm32f103xb.o(RESET)
 <LI><a href="#[5]">UsageFault_Handler</a> from stm32f1xx_it.o(i.UsageFault_Handler) referenced from startup_stm32f103xb.o(RESET)
 <LI><a href="#[42]">W5500_ReadBuff</a> from main.o(i.W5500_ReadBuff) referenced from main.o(i.init)
 <LI><a href="#[40]">W5500_ReadByte</a> from main.o(i.W5500_ReadByte) referenced from main.o(i.init)
 <LI><a href="#[3e]">W5500_Select</a> from main.o(i.W5500_Select) referenced from main.o(i.init)
 <LI><a href="#[3d]">W5500_Unselect</a> from main.o(i.W5500_Unselect) referenced from main.o(i.init)
 <LI><a href="#[41]">W5500_WriteBuff</a> from main.o(i.W5500_WriteBuff) referenced from main.o(i.init)
 <LI><a href="#[3f]">W5500_WriteByte</a> from main.o(i.W5500_WriteByte) referenced from main.o(i.init)
 <LI><a href="#[a]">WWDG_IRQHandler</a> from startup_stm32f103xb.o(.text) referenced from startup_stm32f103xb.o(RESET)
 <LI><a href="#[37]">__main</a> from entry.o(.ARM.Collect$$$$00000000) referenced from startup_stm32f103xb.o(.text)
 <LI><a href="#[3c]">_snputc</a> from printfa.o(i._snputc) referenced from printfa.o(i.__0vsnprintf)
 <LI><a href="#[38]">bufchar</a> from mqttpacket.o(i.bufchar) referenced from mqttpacket.o(i.MQTTPacket_decodeBuf)
 <LI><a href="#[46]">default_ip_assign</a> from dhcp.o(i.default_ip_assign) referenced from dhcp.o(.data)
 <LI><a href="#[46]">default_ip_assign</a> from dhcp.o(i.default_ip_assign) referenced from dhcp.o(i.reg_dhcp_cbfunc)
 <LI><a href="#[48]">default_ip_conflict</a> from dhcp.o(i.default_ip_conflict) referenced from dhcp.o(.data)
 <LI><a href="#[48]">default_ip_conflict</a> from dhcp.o(i.default_ip_conflict) referenced from dhcp.o(i.reg_dhcp_cbfunc)
 <LI><a href="#[47]">default_ip_update</a> from dhcp.o(i.default_ip_update) referenced from dhcp.o(.data)
 <LI><a href="#[47]">default_ip_update</a> from dhcp.o(i.default_ip_update) referenced from dhcp.o(i.reg_dhcp_cbfunc)
 <LI><a href="#[35]">main</a> from main.o(i.main) referenced from entry9a.o(.ARM.Collect$$$$0000000B)
 <LI><a href="#[45]">messageArrived</a> from main.o(i.messageArrived) referenced from main.o(i.main)
 <LI><a href="#[3b]">w5x00_disconnect</a> from mqtt_interface.o(i.w5x00_disconnect) referenced from mqtt_interface.o(i.NewNetwork)
 <LI><a href="#[39]">w5x00_read</a> from mqtt_interface.o(i.w5x00_read) referenced from mqtt_interface.o(i.NewNetwork)
 <LI><a href="#[3a]">w5x00_write</a> from mqtt_interface.o(i.w5x00_write) referenced from mqtt_interface.o(i.NewNetwork)
 <LI><a href="#[51]">wizchip_bus_readdata</a> from wizchip_conf.o(i.wizchip_bus_readdata) referenced from wizchip_conf.o(.data)
 <LI><a href="#[52]">wizchip_bus_writedata</a> from wizchip_conf.o(i.wizchip_bus_writedata) referenced from wizchip_conf.o(.data)
 <LI><a href="#[4f]">wizchip_cris_enter</a> from wizchip_conf.o(i.wizchip_cris_enter) referenced from wizchip_conf.o(.data)
 <LI><a href="#[50]">wizchip_cris_exit</a> from wizchip_conf.o(i.wizchip_cris_exit) referenced from wizchip_conf.o(.data)
 <LI><a href="#[4a]">wizchip_cs_deselect</a> from wizchip_conf.o(i.wizchip_cs_deselect) referenced from wizchip_conf.o(.data)
 <LI><a href="#[4a]">wizchip_cs_deselect</a> from wizchip_conf.o(i.wizchip_cs_deselect) referenced from wizchip_conf.o(i.reg_wizchip_cs_cbfunc)
 <LI><a href="#[49]">wizchip_cs_select</a> from wizchip_conf.o(i.wizchip_cs_select) referenced from wizchip_conf.o(.data)
 <LI><a href="#[49]">wizchip_cs_select</a> from wizchip_conf.o(i.wizchip_cs_select) referenced from wizchip_conf.o(i.reg_wizchip_cs_cbfunc)
 <LI><a href="#[4d]">wizchip_spi_readburst</a> from wizchip_conf.o(i.wizchip_spi_readburst) referenced from wizchip_conf.o(i.reg_wizchip_spiburst_cbfunc)
 <LI><a href="#[4b]">wizchip_spi_readbyte</a> from wizchip_conf.o(i.wizchip_spi_readbyte) referenced from wizchip_conf.o(i.reg_wizchip_spi_cbfunc)
 <LI><a href="#[4e]">wizchip_spi_writeburst</a> from wizchip_conf.o(i.wizchip_spi_writeburst) referenced from wizchip_conf.o(i.reg_wizchip_spiburst_cbfunc)
 <LI><a href="#[4c]">wizchip_spi_writebyte</a> from wizchip_conf.o(i.wizchip_spi_writebyte) referenced from wizchip_conf.o(i.reg_wizchip_spi_cbfunc)
</UL>
<P>
<H3>
Global Symbols
</H3>
<P><STRONG><a name="[37]"></a>__main</STRONG> (Thumb, 0 bytes, Stack size unknown bytes, entry.o(.ARM.Collect$$$$00000000))
<BR>[Address Reference Count : 1]<UL><LI> startup_stm32f103xb.o(.text)
</UL>
<P><STRONG><a name="[f1]"></a>_main_stk</STRONG> (Thumb, 0 bytes, Stack size unknown bytes, entry2.o(.ARM.Collect$$$$00000001))

<P><STRONG><a name="[53]"></a>_main_scatterload</STRONG> (Thumb, 0 bytes, Stack size unknown bytes, entry5.o(.ARM.Collect$$$$00000004))
<BR><BR>[Calls]<UL><LI><a href="#[54]">&gt;&gt;</a>&nbsp;&nbsp;&nbsp;__scatterload
</UL>

<P><STRONG><a name="[64]"></a>__main_after_scatterload</STRONG> (Thumb, 0 bytes, Stack size unknown bytes, entry5.o(.ARM.Collect$$$$00000004))
<BR><BR>[Called By]<UL><LI><a href="#[54]">&gt;&gt;</a>&nbsp;&nbsp;&nbsp;__scatterload
</UL>

<P><STRONG><a name="[f2]"></a>_main_clock</STRONG> (Thumb, 0 bytes, Stack size unknown bytes, entry7b.o(.ARM.Collect$$$$00000008))

<P><STRONG><a name="[f3]"></a>_main_cpp_init</STRONG> (Thumb, 0 bytes, Stack size unknown bytes, entry8b.o(.ARM.Collect$$$$0000000A))

<P><STRONG><a name="[f4]"></a>_main_init</STRONG> (Thumb, 0 bytes, Stack size unknown bytes, entry9a.o(.ARM.Collect$$$$0000000B))

<P><STRONG><a name="[f5]"></a>__rt_final_cpp</STRONG> (Thumb, 0 bytes, Stack size unknown bytes, entry10a.o(.ARM.Collect$$$$0000000D))

<P><STRONG><a name="[f6]"></a>__rt_final_exit</STRONG> (Thumb, 0 bytes, Stack size unknown bytes, entry11a.o(.ARM.Collect$$$$0000000F))

<P><STRONG><a name="[0]"></a>Reset_Handler</STRONG> (Thumb, 8 bytes, Stack size 0 bytes, startup_stm32f103xb.o(.text))
<BR>[Address Reference Count : 1]<UL><LI> startup_stm32f103xb.o(RESET)
</UL>
<P><STRONG><a name="[1c]"></a>ADC1_2_IRQHandler</STRONG> (Thumb, 0 bytes, Stack size 0 bytes, startup_stm32f103xb.o(.text))
<BR><BR>[Calls]<UL><LI><a href="#[1c]">&gt;&gt;</a>&nbsp;&nbsp;&nbsp;ADC1_2_IRQHandler
</UL>
<BR>[Called By]<UL><LI><a href="#[1c]">&gt;&gt;</a>&nbsp;&nbsp;&nbsp;ADC1_2_IRQHandler
</UL>
<BR>[Address Reference Count : 1]<UL><LI> startup_stm32f103xb.o(RESET)
</UL>
<P><STRONG><a name="[1f]"></a>CAN1_RX1_IRQHandler</STRONG> (Thumb, 0 bytes, Stack size 0 bytes, startup_stm32f103xb.o(.text))
<BR>[Address Reference Count : 1]<UL><LI> startup_stm32f103xb.o(RESET)
</UL>
<P><STRONG><a name="[20]"></a>CAN1_SCE_IRQHandler</STRONG> (Thumb, 0 bytes, Stack size 0 bytes, startup_stm32f103xb.o(.text))
<BR>[Address Reference Count : 1]<UL><LI> startup_stm32f103xb.o(RESET)
</UL>
<P><STRONG><a name="[15]"></a>DMA1_Channel1_IRQHandler</STRONG> (Thumb, 0 bytes, Stack size 0 bytes, startup_stm32f103xb.o(.text))
<BR>[Address Reference Count : 1]<UL><LI> startup_stm32f103xb.o(RESET)
</UL>
<P><STRONG><a name="[16]"></a>DMA1_Channel2_IRQHandler</STRONG> (Thumb, 0 bytes, Stack size 0 bytes, startup_stm32f103xb.o(.text))
<BR>[Address Reference Count : 1]<UL><LI> startup_stm32f103xb.o(RESET)
</UL>
<P><STRONG><a name="[17]"></a>DMA1_Channel3_IRQHandler</STRONG> (Thumb, 0 bytes, Stack size 0 bytes, startup_stm32f103xb.o(.text))
<BR>[Address Reference Count : 1]<UL><LI> startup_stm32f103xb.o(RESET)
</UL>
<P><STRONG><a name="[18]"></a>DMA1_Channel4_IRQHandler</STRONG> (Thumb, 0 bytes, Stack size 0 bytes, startup_stm32f103xb.o(.text))
<BR>[Address Reference Count : 1]<UL><LI> startup_stm32f103xb.o(RESET)
</UL>
<P><STRONG><a name="[19]"></a>DMA1_Channel5_IRQHandler</STRONG> (Thumb, 0 bytes, Stack size 0 bytes, startup_stm32f103xb.o(.text))
<BR>[Address Reference Count : 1]<UL><LI> startup_stm32f103xb.o(RESET)
</UL>
<P><STRONG><a name="[1a]"></a>DMA1_Channel6_IRQHandler</STRONG> (Thumb, 0 bytes, Stack size 0 bytes, startup_stm32f103xb.o(.text))
<BR>[Address Reference Count : 1]<UL><LI> startup_stm32f103xb.o(RESET)
</UL>
<P><STRONG><a name="[1b]"></a>DMA1_Channel7_IRQHandler</STRONG> (Thumb, 0 bytes, Stack size 0 bytes, startup_stm32f103xb.o(.text))
<BR>[Address Reference Count : 1]<UL><LI> startup_stm32f103xb.o(RESET)
</UL>
<P><STRONG><a name="[10]"></a>EXTI0_IRQHandler</STRONG> (Thumb, 0 bytes, Stack size 0 bytes, startup_stm32f103xb.o(.text))
<BR>[Address Reference Count : 1]<UL><LI> startup_stm32f103xb.o(RESET)
</UL>
<P><STRONG><a name="[32]"></a>EXTI15_10_IRQHandler</STRONG> (Thumb, 0 bytes, Stack size 0 bytes, startup_stm32f103xb.o(.text))
<BR>[Address Reference Count : 1]<UL><LI> startup_stm32f103xb.o(RESET)
</UL>
<P><STRONG><a name="[11]"></a>EXTI1_IRQHandler</STRONG> (Thumb, 0 bytes, Stack size 0 bytes, startup_stm32f103xb.o(.text))
<BR>[Address Reference Count : 1]<UL><LI> startup_stm32f103xb.o(RESET)
</UL>
<P><STRONG><a name="[12]"></a>EXTI2_IRQHandler</STRONG> (Thumb, 0 bytes, Stack size 0 bytes, startup_stm32f103xb.o(.text))
<BR>[Address Reference Count : 1]<UL><LI> startup_stm32f103xb.o(RESET)
</UL>
<P><STRONG><a name="[13]"></a>EXTI3_IRQHandler</STRONG> (Thumb, 0 bytes, Stack size 0 bytes, startup_stm32f103xb.o(.text))
<BR>[Address Reference Count : 1]<UL><LI> startup_stm32f103xb.o(RESET)
</UL>
<P><STRONG><a name="[14]"></a>EXTI4_IRQHandler</STRONG> (Thumb, 0 bytes, Stack size 0 bytes, startup_stm32f103xb.o(.text))
<BR>[Address Reference Count : 1]<UL><LI> startup_stm32f103xb.o(RESET)
</UL>
<P><STRONG><a name="[21]"></a>EXTI9_5_IRQHandler</STRONG> (Thumb, 0 bytes, Stack size 0 bytes, startup_stm32f103xb.o(.text))
<BR>[Address Reference Count : 1]<UL><LI> startup_stm32f103xb.o(RESET)
</UL>
<P><STRONG><a name="[e]"></a>FLASH_IRQHandler</STRONG> (Thumb, 0 bytes, Stack size 0 bytes, startup_stm32f103xb.o(.text))
<BR>[Address Reference Count : 1]<UL><LI> startup_stm32f103xb.o(RESET)
</UL>
<P><STRONG><a name="[2a]"></a>I2C1_ER_IRQHandler</STRONG> (Thumb, 0 bytes, Stack size 0 bytes, startup_stm32f103xb.o(.text))
<BR>[Address Reference Count : 1]<UL><LI> startup_stm32f103xb.o(RESET)
</UL>
<P><STRONG><a name="[29]"></a>I2C1_EV_IRQHandler</STRONG> (Thumb, 0 bytes, Stack size 0 bytes, startup_stm32f103xb.o(.text))
<BR>[Address Reference Count : 1]<UL><LI> startup_stm32f103xb.o(RESET)
</UL>
<P><STRONG><a name="[2c]"></a>I2C2_ER_IRQHandler</STRONG> (Thumb, 0 bytes, Stack size 0 bytes, startup_stm32f103xb.o(.text))
<BR>[Address Reference Count : 1]<UL><LI> startup_stm32f103xb.o(RESET)
</UL>
<P><STRONG><a name="[2b]"></a>I2C2_EV_IRQHandler</STRONG> (Thumb, 0 bytes, Stack size 0 bytes, startup_stm32f103xb.o(.text))
<BR>[Address Reference Count : 1]<UL><LI> startup_stm32f103xb.o(RESET)
</UL>
<P><STRONG><a name="[b]"></a>PVD_IRQHandler</STRONG> (Thumb, 0 bytes, Stack size 0 bytes, startup_stm32f103xb.o(.text))
<BR>[Address Reference Count : 1]<UL><LI> startup_stm32f103xb.o(RESET)
</UL>
<P><STRONG><a name="[f]"></a>RCC_IRQHandler</STRONG> (Thumb, 0 bytes, Stack size 0 bytes, startup_stm32f103xb.o(.text))
<BR>[Address Reference Count : 1]<UL><LI> startup_stm32f103xb.o(RESET)
</UL>
<P><STRONG><a name="[33]"></a>RTC_Alarm_IRQHandler</STRONG> (Thumb, 0 bytes, Stack size 0 bytes, startup_stm32f103xb.o(.text))
<BR>[Address Reference Count : 1]<UL><LI> startup_stm32f103xb.o(RESET)
</UL>
<P><STRONG><a name="[d]"></a>RTC_IRQHandler</STRONG> (Thumb, 0 bytes, Stack size 0 bytes, startup_stm32f103xb.o(.text))
<BR>[Address Reference Count : 1]<UL><LI> startup_stm32f103xb.o(RESET)
</UL>
<P><STRONG><a name="[2d]"></a>SPI1_IRQHandler</STRONG> (Thumb, 0 bytes, Stack size 0 bytes, startup_stm32f103xb.o(.text))
<BR>[Address Reference Count : 1]<UL><LI> startup_stm32f103xb.o(RESET)
</UL>
<P><STRONG><a name="[2e]"></a>SPI2_IRQHandler</STRONG> (Thumb, 0 bytes, Stack size 0 bytes, startup_stm32f103xb.o(.text))
<BR>[Address Reference Count : 1]<UL><LI> startup_stm32f103xb.o(RESET)
</UL>
<P><STRONG><a name="[c]"></a>TAMPER_IRQHandler</STRONG> (Thumb, 0 bytes, Stack size 0 bytes, startup_stm32f103xb.o(.text))
<BR>[Address Reference Count : 1]<UL><LI> startup_stm32f103xb.o(RESET)
</UL>
<P><STRONG><a name="[22]"></a>TIM1_BRK_IRQHandler</STRONG> (Thumb, 0 bytes, Stack size 0 bytes, startup_stm32f103xb.o(.text))
<BR>[Address Reference Count : 1]<UL><LI> startup_stm32f103xb.o(RESET)
</UL>
<P><STRONG><a name="[25]"></a>TIM1_CC_IRQHandler</STRONG> (Thumb, 0 bytes, Stack size 0 bytes, startup_stm32f103xb.o(.text))
<BR>[Address Reference Count : 1]<UL><LI> startup_stm32f103xb.o(RESET)
</UL>
<P><STRONG><a name="[24]"></a>TIM1_TRG_COM_IRQHandler</STRONG> (Thumb, 0 bytes, Stack size 0 bytes, startup_stm32f103xb.o(.text))
<BR>[Address Reference Count : 1]<UL><LI> startup_stm32f103xb.o(RESET)
</UL>
<P><STRONG><a name="[23]"></a>TIM1_UP_IRQHandler</STRONG> (Thumb, 0 bytes, Stack size 0 bytes, startup_stm32f103xb.o(.text))
<BR>[Address Reference Count : 1]<UL><LI> startup_stm32f103xb.o(RESET)
</UL>
<P><STRONG><a name="[26]"></a>TIM2_IRQHandler</STRONG> (Thumb, 0 bytes, Stack size 0 bytes, startup_stm32f103xb.o(.text))
<BR>[Address Reference Count : 1]<UL><LI> startup_stm32f103xb.o(RESET)
</UL>
<P><STRONG><a name="[27]"></a>TIM3_IRQHandler</STRONG> (Thumb, 0 bytes, Stack size 0 bytes, startup_stm32f103xb.o(.text))
<BR>[Address Reference Count : 1]<UL><LI> startup_stm32f103xb.o(RESET)
</UL>
<P><STRONG><a name="[28]"></a>TIM4_IRQHandler</STRONG> (Thumb, 0 bytes, Stack size 0 bytes, startup_stm32f103xb.o(.text))
<BR>[Address Reference Count : 1]<UL><LI> startup_stm32f103xb.o(RESET)
</UL>
<P><STRONG><a name="[2f]"></a>USART1_IRQHandler</STRONG> (Thumb, 0 bytes, Stack size 0 bytes, startup_stm32f103xb.o(.text))
<BR>[Address Reference Count : 1]<UL><LI> startup_stm32f103xb.o(RESET)
</UL>
<P><STRONG><a name="[30]"></a>USART2_IRQHandler</STRONG> (Thumb, 0 bytes, Stack size 0 bytes, startup_stm32f103xb.o(.text))
<BR>[Address Reference Count : 1]<UL><LI> startup_stm32f103xb.o(RESET)
</UL>
<P><STRONG><a name="[31]"></a>USART3_IRQHandler</STRONG> (Thumb, 0 bytes, Stack size 0 bytes, startup_stm32f103xb.o(.text))
<BR>[Address Reference Count : 1]<UL><LI> startup_stm32f103xb.o(RESET)
</UL>
<P><STRONG><a name="[34]"></a>USBWakeUp_IRQHandler</STRONG> (Thumb, 0 bytes, Stack size 0 bytes, startup_stm32f103xb.o(.text))
<BR>[Address Reference Count : 1]<UL><LI> startup_stm32f103xb.o(RESET)
</UL>
<P><STRONG><a name="[1d]"></a>USB_HP_CAN1_TX_IRQHandler</STRONG> (Thumb, 0 bytes, Stack size 0 bytes, startup_stm32f103xb.o(.text))
<BR>[Address Reference Count : 1]<UL><LI> startup_stm32f103xb.o(RESET)
</UL>
<P><STRONG><a name="[1e]"></a>USB_LP_CAN1_RX0_IRQHandler</STRONG> (Thumb, 0 bytes, Stack size 0 bytes, startup_stm32f103xb.o(.text))
<BR>[Address Reference Count : 1]<UL><LI> startup_stm32f103xb.o(RESET)
</UL>
<P><STRONG><a name="[a]"></a>WWDG_IRQHandler</STRONG> (Thumb, 0 bytes, Stack size 0 bytes, startup_stm32f103xb.o(.text))
<BR>[Address Reference Count : 1]<UL><LI> startup_stm32f103xb.o(RESET)
</UL>
<P><STRONG><a name="[59]"></a>__aeabi_llsr</STRONG> (Thumb, 32 bytes, Stack size 0 bytes, llushr.o(.text), UNUSED)
<BR><BR>[Called By]<UL><LI><a href="#[5d]">&gt;&gt;</a>&nbsp;&nbsp;&nbsp;_double_epilogue
<LI><a href="#[58]">&gt;&gt;</a>&nbsp;&nbsp;&nbsp;__aeabi_uldivmod
<LI><a href="#[63]">&gt;&gt;</a>&nbsp;&nbsp;&nbsp;__aeabi_d2ulz
</UL>

<P><STRONG><a name="[f7]"></a>_ll_ushift_r</STRONG> (Thumb, 0 bytes, Stack size 0 bytes, llushr.o(.text), UNUSED)

<P><STRONG><a name="[b1]"></a>__aeabi_memcpy</STRONG> (Thumb, 36 bytes, Stack size 0 bytes, memcpya.o(.text))
<BR><BR>[Called By]<UL><LI><a href="#[a4]">&gt;&gt;</a>&nbsp;&nbsp;&nbsp;MQTTSerialize_publish
<LI><a href="#[ac]">&gt;&gt;</a>&nbsp;&nbsp;&nbsp;writeMQTTString
<LI><a href="#[ab]">&gt;&gt;</a>&nbsp;&nbsp;&nbsp;writeCString
</UL>

<P><STRONG><a name="[90]"></a>__aeabi_memcpy4</STRONG> (Thumb, 0 bytes, Stack size 0 bytes, memcpya.o(.text))
<BR><BR>[Called By]<UL><LI><a href="#[8f]">&gt;&gt;</a>&nbsp;&nbsp;&nbsp;MQTTConnect
<LI><a href="#[35]">&gt;&gt;</a>&nbsp;&nbsp;&nbsp;main
<LI><a href="#[d2]">&gt;&gt;</a>&nbsp;&nbsp;&nbsp;init
</UL>

<P><STRONG><a name="[f8]"></a>__aeabi_memcpy8</STRONG> (Thumb, 0 bytes, Stack size 0 bytes, memcpya.o(.text), UNUSED)

<P><STRONG><a name="[56]"></a>__aeabi_memset</STRONG> (Thumb, 14 bytes, Stack size 0 bytes, memseta.o(.text), UNUSED)
<BR><BR>[Called By]<UL><LI><a href="#[57]">&gt;&gt;</a>&nbsp;&nbsp;&nbsp;_memset$wrapper
<LI><a href="#[55]">&gt;&gt;</a>&nbsp;&nbsp;&nbsp;__aeabi_memclr
</UL>

<P><STRONG><a name="[f9]"></a>__aeabi_memset4</STRONG> (Thumb, 0 bytes, Stack size 0 bytes, memseta.o(.text), UNUSED)

<P><STRONG><a name="[fa]"></a>__aeabi_memset8</STRONG> (Thumb, 0 bytes, Stack size 0 bytes, memseta.o(.text), UNUSED)

<P><STRONG><a name="[55]"></a>__aeabi_memclr</STRONG> (Thumb, 4 bytes, Stack size 0 bytes, memseta.o(.text), UNUSED)
<BR><BR>[Calls]<UL><LI><a href="#[56]">&gt;&gt;</a>&nbsp;&nbsp;&nbsp;__aeabi_memset
</UL>

<P><STRONG><a name="[bd]"></a>__aeabi_memclr4</STRONG> (Thumb, 0 bytes, Stack size 0 bytes, memseta.o(.text))
<BR><BR>[Called By]<UL><LI><a href="#[bc]">&gt;&gt;</a>&nbsp;&nbsp;&nbsp;SystemClock_Config
</UL>

<P><STRONG><a name="[fb]"></a>__aeabi_memclr8</STRONG> (Thumb, 0 bytes, Stack size 0 bytes, memseta.o(.text), UNUSED)

<P><STRONG><a name="[57]"></a>_memset$wrapper</STRONG> (Thumb, 18 bytes, Stack size 8 bytes, memseta.o(.text), UNUSED)
<BR><BR>[Calls]<UL><LI><a href="#[56]">&gt;&gt;</a>&nbsp;&nbsp;&nbsp;__aeabi_memset
</UL>

<P><STRONG><a name="[a0]"></a>strlen</STRONG> (Thumb, 14 bytes, Stack size 0 bytes, strlen.o(.text))
<BR><BR>[Called By]<UL><LI><a href="#[9f]">&gt;&gt;</a>&nbsp;&nbsp;&nbsp;MQTTPacket_equals
<LI><a href="#[66]">&gt;&gt;</a>&nbsp;&nbsp;&nbsp;UART_Printf
<LI><a href="#[ab]">&gt;&gt;</a>&nbsp;&nbsp;&nbsp;writeCString
<LI><a href="#[ad]">&gt;&gt;</a>&nbsp;&nbsp;&nbsp;MQTTstrlen
</UL>

<P><STRONG><a name="[a1]"></a>strncmp</STRONG> (Thumb, 30 bytes, Stack size 12 bytes, strncmp.o(.text))
<BR><BR>[Stack]<UL><LI>Max Depth = 12<LI>Call Chain = strncmp
</UL>
<BR>[Called By]<UL><LI><a href="#[9f]">&gt;&gt;</a>&nbsp;&nbsp;&nbsp;MQTTPacket_equals
</UL>

<P><STRONG><a name="[fc]"></a>__aeabi_uidiv</STRONG> (Thumb, 0 bytes, Stack size 12 bytes, uidiv.o(.text), UNUSED)

<P><STRONG><a name="[c7]"></a>__aeabi_uidivmod</STRONG> (Thumb, 44 bytes, Stack size 12 bytes, uidiv.o(.text), UNUSED)
<BR><BR>[Called By]<UL><LI><a href="#[c2]">&gt;&gt;</a>&nbsp;&nbsp;&nbsp;_printf_core
</UL>

<P><STRONG><a name="[58]"></a>__aeabi_uldivmod</STRONG> (Thumb, 98 bytes, Stack size 40 bytes, uldiv.o(.text), UNUSED)
<BR><BR>[Calls]<UL><LI><a href="#[5a]">&gt;&gt;</a>&nbsp;&nbsp;&nbsp;__aeabi_llsl
<LI><a href="#[59]">&gt;&gt;</a>&nbsp;&nbsp;&nbsp;__aeabi_llsr
</UL>
<BR>[Called By]<UL><LI><a href="#[c2]">&gt;&gt;</a>&nbsp;&nbsp;&nbsp;_printf_core
<LI><a href="#[c3]">&gt;&gt;</a>&nbsp;&nbsp;&nbsp;_fp_digits
</UL>

<P><STRONG><a name="[fd]"></a>__I$use$fp</STRONG> (Thumb, 0 bytes, Stack size 48 bytes, iusefp.o(.text), UNUSED)

<P><STRONG><a name="[5b]"></a>__aeabi_dadd</STRONG> (Thumb, 322 bytes, Stack size 48 bytes, dadd.o(.text), UNUSED)
<BR><BR>[Calls]<UL><LI><a href="#[5c]">&gt;&gt;</a>&nbsp;&nbsp;&nbsp;__aeabi_lasr
<LI><a href="#[5a]">&gt;&gt;</a>&nbsp;&nbsp;&nbsp;__aeabi_llsl
<LI><a href="#[5e]">&gt;&gt;</a>&nbsp;&nbsp;&nbsp;_double_round
<LI><a href="#[5d]">&gt;&gt;</a>&nbsp;&nbsp;&nbsp;_double_epilogue
</UL>
<BR>[Called By]<UL><LI><a href="#[60]">&gt;&gt;</a>&nbsp;&nbsp;&nbsp;__aeabi_drsub
<LI><a href="#[5f]">&gt;&gt;</a>&nbsp;&nbsp;&nbsp;__aeabi_dsub
<LI><a href="#[c3]">&gt;&gt;</a>&nbsp;&nbsp;&nbsp;_fp_digits
</UL>

<P><STRONG><a name="[5f]"></a>__aeabi_dsub</STRONG> (Thumb, 6 bytes, Stack size 0 bytes, dadd.o(.text), UNUSED)
<BR><BR>[Calls]<UL><LI><a href="#[5b]">&gt;&gt;</a>&nbsp;&nbsp;&nbsp;__aeabi_dadd
</UL>

<P><STRONG><a name="[60]"></a>__aeabi_drsub</STRONG> (Thumb, 6 bytes, Stack size 0 bytes, dadd.o(.text), UNUSED)
<BR><BR>[Calls]<UL><LI><a href="#[5b]">&gt;&gt;</a>&nbsp;&nbsp;&nbsp;__aeabi_dadd
</UL>

<P><STRONG><a name="[61]"></a>__aeabi_dmul</STRONG> (Thumb, 228 bytes, Stack size 48 bytes, dmul.o(.text), UNUSED)
<BR><BR>[Calls]<UL><LI><a href="#[5d]">&gt;&gt;</a>&nbsp;&nbsp;&nbsp;_double_epilogue
</UL>
<BR>[Called By]<UL><LI><a href="#[c3]">&gt;&gt;</a>&nbsp;&nbsp;&nbsp;_fp_digits
</UL>

<P><STRONG><a name="[62]"></a>__aeabi_ddiv</STRONG> (Thumb, 222 bytes, Stack size 32 bytes, ddiv.o(.text), UNUSED)
<BR><BR>[Calls]<UL><LI><a href="#[5e]">&gt;&gt;</a>&nbsp;&nbsp;&nbsp;_double_round
</UL>
<BR>[Called By]<UL><LI><a href="#[c3]">&gt;&gt;</a>&nbsp;&nbsp;&nbsp;_fp_digits
</UL>

<P><STRONG><a name="[63]"></a>__aeabi_d2ulz</STRONG> (Thumb, 48 bytes, Stack size 0 bytes, dfixul.o(.text), UNUSED)
<BR><BR>[Calls]<UL><LI><a href="#[5a]">&gt;&gt;</a>&nbsp;&nbsp;&nbsp;__aeabi_llsl
<LI><a href="#[59]">&gt;&gt;</a>&nbsp;&nbsp;&nbsp;__aeabi_llsr
</UL>
<BR>[Called By]<UL><LI><a href="#[c3]">&gt;&gt;</a>&nbsp;&nbsp;&nbsp;_fp_digits
</UL>

<P><STRONG><a name="[c4]"></a>__aeabi_cdrcmple</STRONG> (Thumb, 48 bytes, Stack size 0 bytes, cdrcmple.o(.text), UNUSED)
<BR><BR>[Called By]<UL><LI><a href="#[c3]">&gt;&gt;</a>&nbsp;&nbsp;&nbsp;_fp_digits
</UL>

<P><STRONG><a name="[54]"></a>__scatterload</STRONG> (Thumb, 28 bytes, Stack size 0 bytes, init.o(.text))
<BR><BR>[Calls]<UL><LI><a href="#[64]">&gt;&gt;</a>&nbsp;&nbsp;&nbsp;__main_after_scatterload
</UL>
<BR>[Called By]<UL><LI><a href="#[53]">&gt;&gt;</a>&nbsp;&nbsp;&nbsp;_main_scatterload
</UL>

<P><STRONG><a name="[fe]"></a>__scatterload_rt2</STRONG> (Thumb, 0 bytes, Stack size 0 bytes, init.o(.text), UNUSED)

<P><STRONG><a name="[5a]"></a>__aeabi_llsl</STRONG> (Thumb, 30 bytes, Stack size 0 bytes, llshl.o(.text), UNUSED)
<BR><BR>[Called By]<UL><LI><a href="#[5d]">&gt;&gt;</a>&nbsp;&nbsp;&nbsp;_double_epilogue
<LI><a href="#[58]">&gt;&gt;</a>&nbsp;&nbsp;&nbsp;__aeabi_uldivmod
<LI><a href="#[5b]">&gt;&gt;</a>&nbsp;&nbsp;&nbsp;__aeabi_dadd
<LI><a href="#[63]">&gt;&gt;</a>&nbsp;&nbsp;&nbsp;__aeabi_d2ulz
</UL>

<P><STRONG><a name="[ff]"></a>__semihosting_library_function</STRONG> (Thumb, 0 bytes, Stack size 0 bytes, semi.o(.text), UNUSED)

<P><STRONG><a name="[100]"></a>_ll_shift_l</STRONG> (Thumb, 0 bytes, Stack size 0 bytes, llshl.o(.text), UNUSED)

<P><STRONG><a name="[5c]"></a>__aeabi_lasr</STRONG> (Thumb, 36 bytes, Stack size 0 bytes, llsshr.o(.text), UNUSED)
<BR><BR>[Called By]<UL><LI><a href="#[5b]">&gt;&gt;</a>&nbsp;&nbsp;&nbsp;__aeabi_dadd
</UL>

<P><STRONG><a name="[101]"></a>_ll_sshift_r</STRONG> (Thumb, 0 bytes, Stack size 0 bytes, llsshr.o(.text), UNUSED)

<P><STRONG><a name="[102]"></a>__I$use$semihosting$fputc</STRONG> (Thumb, 0 bytes, Stack size 8 bytes, iusesemip.o(.text), UNUSED)

<P><STRONG><a name="[5e]"></a>_double_round</STRONG> (Thumb, 30 bytes, Stack size 8 bytes, depilogue.o(.text), UNUSED)
<BR><BR>[Called By]<UL><LI><a href="#[5d]">&gt;&gt;</a>&nbsp;&nbsp;&nbsp;_double_epilogue
<LI><a href="#[62]">&gt;&gt;</a>&nbsp;&nbsp;&nbsp;__aeabi_ddiv
<LI><a href="#[5b]">&gt;&gt;</a>&nbsp;&nbsp;&nbsp;__aeabi_dadd
</UL>

<P><STRONG><a name="[5d]"></a>_double_epilogue</STRONG> (Thumb, 156 bytes, Stack size 32 bytes, depilogue.o(.text), UNUSED)
<BR><BR>[Calls]<UL><LI><a href="#[5a]">&gt;&gt;</a>&nbsp;&nbsp;&nbsp;__aeabi_llsl
<LI><a href="#[5e]">&gt;&gt;</a>&nbsp;&nbsp;&nbsp;_double_round
<LI><a href="#[59]">&gt;&gt;</a>&nbsp;&nbsp;&nbsp;__aeabi_llsr
</UL>
<BR>[Called By]<UL><LI><a href="#[61]">&gt;&gt;</a>&nbsp;&nbsp;&nbsp;__aeabi_dmul
<LI><a href="#[5b]">&gt;&gt;</a>&nbsp;&nbsp;&nbsp;__aeabi_dadd
</UL>

<P><STRONG><a name="[4]"></a>BusFault_Handler</STRONG> (Thumb, 2 bytes, Stack size 0 bytes, stm32f1xx_it.o(i.BusFault_Handler))
<BR><BR>[Calls]<UL><LI><a href="#[4]">&gt;&gt;</a>&nbsp;&nbsp;&nbsp;BusFault_Handler
</UL>
<BR>[Called By]<UL><LI><a href="#[4]">&gt;&gt;</a>&nbsp;&nbsp;&nbsp;BusFault_Handler
</UL>
<BR>[Address Reference Count : 1]<UL><LI> startup_stm32f103xb.o(RESET)
</UL>
<P><STRONG><a name="[44]"></a>Callback_IPAssigned</STRONG> (Thumb, 22 bytes, Stack size 8 bytes, main.o(i.Callback_IPAssigned))
<BR><BR>[Stack]<UL><LI>Max Depth = 344<LI>Call Chain = Callback_IPAssigned &rArr; UART_Printf &rArr; HAL_UART_Transmit &rArr; UART_WaitOnFlagUntilTimeout
</UL>
<BR>[Calls]<UL><LI><a href="#[65]">&gt;&gt;</a>&nbsp;&nbsp;&nbsp;getDHCPLeasetime
<LI><a href="#[66]">&gt;&gt;</a>&nbsp;&nbsp;&nbsp;UART_Printf
</UL>
<BR>[Address Reference Count : 1]<UL><LI> main.o(i.init)
</UL>
<P><STRONG><a name="[43]"></a>Callback_IPConflict</STRONG> (Thumb, 6 bytes, Stack size 0 bytes, main.o(i.Callback_IPConflict))
<BR><BR>[Stack]<UL><LI>Max Depth = 336<LI>Call Chain = Callback_IPConflict &rArr; UART_Printf &rArr; HAL_UART_Transmit &rArr; UART_WaitOnFlagUntilTimeout
</UL>
<BR>[Calls]<UL><LI><a href="#[66]">&gt;&gt;</a>&nbsp;&nbsp;&nbsp;UART_Printf
</UL>
<BR>[Address Reference Count : 1]<UL><LI> main.o(i.init)
</UL>
<P><STRONG><a name="[67]"></a>ConnectNetwork</STRONG> (Thumb, 36 bytes, Stack size 16 bytes, mqtt_interface.o(i.ConnectNetwork))
<BR><BR>[Stack]<UL><LI>Max Depth = 88<LI>Call Chain = ConnectNetwork &rArr; socket &rArr; close &rArr; WIZCHIP_WRITE
</UL>
<BR>[Calls]<UL><LI><a href="#[68]">&gt;&gt;</a>&nbsp;&nbsp;&nbsp;socket
<LI><a href="#[69]">&gt;&gt;</a>&nbsp;&nbsp;&nbsp;connect
</UL>
<BR>[Called By]<UL><LI><a href="#[35]">&gt;&gt;</a>&nbsp;&nbsp;&nbsp;main
</UL>

<P><STRONG><a name="[6a]"></a>DHCP_init</STRONG> (Thumb, 118 bytes, Stack size 24 bytes, dhcp.o(i.DHCP_init))
<BR><BR>[Stack]<UL><LI>Max Depth = 56<LI>Call Chain = DHCP_init &rArr; WIZCHIP_READ_BUF
</UL>
<BR>[Calls]<UL><LI><a href="#[6b]">&gt;&gt;</a>&nbsp;&nbsp;&nbsp;WIZCHIP_READ_BUF
<LI><a href="#[6d]">&gt;&gt;</a>&nbsp;&nbsp;&nbsp;reset_DHCP_timeout
<LI><a href="#[6c]">&gt;&gt;</a>&nbsp;&nbsp;&nbsp;WIZCHIP_WRITE_BUF
</UL>
<BR>[Called By]<UL><LI><a href="#[d2]">&gt;&gt;</a>&nbsp;&nbsp;&nbsp;init
</UL>

<P><STRONG><a name="[6e]"></a>DHCP_run</STRONG> (Thumb, 288 bytes, Stack size 24 bytes, dhcp.o(i.DHCP_run))
<BR><BR>[Stack]<UL><LI>Max Depth = 184<LI>Call Chain = DHCP_run &rArr; parseDHCPMSG &rArr; recvfrom &rArr; wiz_recv_data &rArr; WIZCHIP_READ_BUF
</UL>
<BR>[Calls]<UL><LI><a href="#[68]">&gt;&gt;</a>&nbsp;&nbsp;&nbsp;socket
<LI><a href="#[6f]">&gt;&gt;</a>&nbsp;&nbsp;&nbsp;WIZCHIP_READ
<LI><a href="#[72]">&gt;&gt;</a>&nbsp;&nbsp;&nbsp;send_DHCP_REQUEST
<LI><a href="#[71]">&gt;&gt;</a>&nbsp;&nbsp;&nbsp;send_DHCP_DISCOVER
<LI><a href="#[6d]">&gt;&gt;</a>&nbsp;&nbsp;&nbsp;reset_DHCP_timeout
<LI><a href="#[70]">&gt;&gt;</a>&nbsp;&nbsp;&nbsp;parseDHCPMSG
<LI><a href="#[74]">&gt;&gt;</a>&nbsp;&nbsp;&nbsp;check_DHCP_timeout
<LI><a href="#[73]">&gt;&gt;</a>&nbsp;&nbsp;&nbsp;check_DHCP_leasedIP
</UL>
<BR>[Called By]<UL><LI><a href="#[d2]">&gt;&gt;</a>&nbsp;&nbsp;&nbsp;init
</UL>

<P><STRONG><a name="[e6]"></a>DHCP_time_handler</STRONG> (Thumb, 10 bytes, Stack size 0 bytes, dhcp.o(i.DHCP_time_handler))
<BR><BR>[Called By]<UL><LI><a href="#[e2]">&gt;&gt;</a>&nbsp;&nbsp;&nbsp;msTick_Handler
</UL>

<P><STRONG><a name="[dd]"></a>DNS_init</STRONG> (Thumb, 14 bytes, Stack size 0 bytes, dns.o(i.DNS_init))
<BR><BR>[Called By]<UL><LI><a href="#[d2]">&gt;&gt;</a>&nbsp;&nbsp;&nbsp;init
</UL>

<P><STRONG><a name="[7]"></a>DebugMon_Handler</STRONG> (Thumb, 2 bytes, Stack size 0 bytes, stm32f1xx_it.o(i.DebugMon_Handler))
<BR>[Address Reference Count : 1]<UL><LI> startup_stm32f103xb.o(RESET)
</UL>
<P><STRONG><a name="[82]"></a>HAL_GPIO_Init</STRONG> (Thumb, 446 bytes, Stack size 40 bytes, stm32f1xx_hal_gpio.o(i.HAL_GPIO_Init))
<BR><BR>[Stack]<UL><LI>Max Depth = 40<LI>Call Chain = HAL_GPIO_Init
</UL>
<BR>[Called By]<UL><LI><a href="#[89]">&gt;&gt;</a>&nbsp;&nbsp;&nbsp;HAL_UART_MspInit
<LI><a href="#[81]">&gt;&gt;</a>&nbsp;&nbsp;&nbsp;HAL_SPI_MspInit
<LI><a href="#[b7]">&gt;&gt;</a>&nbsp;&nbsp;&nbsp;MX_GPIO_Init
</UL>

<P><STRONG><a name="[e1]"></a>HAL_GPIO_TogglePin</STRONG> (Thumb, 14 bytes, Stack size 0 bytes, stm32f1xx_hal_gpio.o(i.HAL_GPIO_TogglePin))
<BR><BR>[Called By]<UL><LI><a href="#[35]">&gt;&gt;</a>&nbsp;&nbsp;&nbsp;main
</UL>

<P><STRONG><a name="[b8]"></a>HAL_GPIO_WritePin</STRONG> (Thumb, 10 bytes, Stack size 0 bytes, stm32f1xx_hal_gpio.o(i.HAL_GPIO_WritePin))
<BR><BR>[Called By]<UL><LI><a href="#[3d]">&gt;&gt;</a>&nbsp;&nbsp;&nbsp;W5500_Unselect
<LI><a href="#[3e]">&gt;&gt;</a>&nbsp;&nbsp;&nbsp;W5500_Select
<LI><a href="#[b7]">&gt;&gt;</a>&nbsp;&nbsp;&nbsp;MX_GPIO_Init
</UL>

<P><STRONG><a name="[7d]"></a>HAL_GetTick</STRONG> (Thumb, 6 bytes, Stack size 0 bytes, stm32f1xx_hal.o(i.HAL_GetTick))
<BR><BR>[Called By]<UL><LI><a href="#[8b]">&gt;&gt;</a>&nbsp;&nbsp;&nbsp;HAL_UART_Transmit
<LI><a href="#[86]">&gt;&gt;</a>&nbsp;&nbsp;&nbsp;HAL_SPI_Transmit
<LI><a href="#[83]">&gt;&gt;</a>&nbsp;&nbsp;&nbsp;HAL_SPI_Receive
<LI><a href="#[7f]">&gt;&gt;</a>&nbsp;&nbsp;&nbsp;HAL_RCC_OscConfig
<LI><a href="#[7c]">&gt;&gt;</a>&nbsp;&nbsp;&nbsp;HAL_RCC_ClockConfig
<LI><a href="#[84]">&gt;&gt;</a>&nbsp;&nbsp;&nbsp;HAL_SPI_TransmitReceive
<LI><a href="#[ba]">&gt;&gt;</a>&nbsp;&nbsp;&nbsp;SPI_WaitFlagStateUntilTimeout
<LI><a href="#[8c]">&gt;&gt;</a>&nbsp;&nbsp;&nbsp;UART_WaitOnFlagUntilTimeout
</UL>

<P><STRONG><a name="[bb]"></a>HAL_IncTick</STRONG> (Thumb, 12 bytes, Stack size 0 bytes, stm32f1xx_hal.o(i.HAL_IncTick))
<BR><BR>[Called By]<UL><LI><a href="#[9]">&gt;&gt;</a>&nbsp;&nbsp;&nbsp;SysTick_Handler
</UL>

<P><STRONG><a name="[75]"></a>HAL_Init</STRONG> (Thumb, 32 bytes, Stack size 8 bytes, stm32f1xx_hal.o(i.HAL_Init))
<BR><BR>[Stack]<UL><LI>Max Depth = 40<LI>Call Chain = HAL_Init &rArr; HAL_InitTick &rArr; HAL_NVIC_SetPriority
</UL>
<BR>[Calls]<UL><LI><a href="#[78]">&gt;&gt;</a>&nbsp;&nbsp;&nbsp;HAL_MspInit
<LI><a href="#[77]">&gt;&gt;</a>&nbsp;&nbsp;&nbsp;HAL_InitTick
<LI><a href="#[76]">&gt;&gt;</a>&nbsp;&nbsp;&nbsp;HAL_NVIC_SetPriorityGrouping
</UL>
<BR>[Called By]<UL><LI><a href="#[35]">&gt;&gt;</a>&nbsp;&nbsp;&nbsp;main
</UL>

<P><STRONG><a name="[77]"></a>HAL_InitTick</STRONG> (Thumb, 54 bytes, Stack size 16 bytes, stm32f1xx_hal.o(i.HAL_InitTick))
<BR><BR>[Stack]<UL><LI>Max Depth = 32<LI>Call Chain = HAL_InitTick &rArr; HAL_NVIC_SetPriority
</UL>
<BR>[Calls]<UL><LI><a href="#[79]">&gt;&gt;</a>&nbsp;&nbsp;&nbsp;HAL_SYSTICK_Config
<LI><a href="#[7a]">&gt;&gt;</a>&nbsp;&nbsp;&nbsp;HAL_NVIC_SetPriority
</UL>
<BR>[Called By]<UL><LI><a href="#[7c]">&gt;&gt;</a>&nbsp;&nbsp;&nbsp;HAL_RCC_ClockConfig
<LI><a href="#[75]">&gt;&gt;</a>&nbsp;&nbsp;&nbsp;HAL_Init
</UL>

<P><STRONG><a name="[78]"></a>HAL_MspInit</STRONG> (Thumb, 52 bytes, Stack size 8 bytes, stm32f1xx_hal_msp.o(i.HAL_MspInit))
<BR><BR>[Stack]<UL><LI>Max Depth = 8<LI>Call Chain = HAL_MspInit
</UL>
<BR>[Called By]<UL><LI><a href="#[75]">&gt;&gt;</a>&nbsp;&nbsp;&nbsp;HAL_Init
</UL>

<P><STRONG><a name="[7a]"></a>HAL_NVIC_SetPriority</STRONG> (Thumb, 60 bytes, Stack size 16 bytes, stm32f1xx_hal_cortex.o(i.HAL_NVIC_SetPriority))
<BR><BR>[Stack]<UL><LI>Max Depth = 16<LI>Call Chain = HAL_NVIC_SetPriority
</UL>
<BR>[Calls]<UL><LI><a href="#[7b]">&gt;&gt;</a>&nbsp;&nbsp;&nbsp;__NVIC_SetPriority
</UL>
<BR>[Called By]<UL><LI><a href="#[77]">&gt;&gt;</a>&nbsp;&nbsp;&nbsp;HAL_InitTick
</UL>

<P><STRONG><a name="[76]"></a>HAL_NVIC_SetPriorityGrouping</STRONG> (Thumb, 26 bytes, Stack size 0 bytes, stm32f1xx_hal_cortex.o(i.HAL_NVIC_SetPriorityGrouping))
<BR><BR>[Called By]<UL><LI><a href="#[75]">&gt;&gt;</a>&nbsp;&nbsp;&nbsp;HAL_Init
</UL>

<P><STRONG><a name="[7c]"></a>HAL_RCC_ClockConfig</STRONG> (Thumb, 280 bytes, Stack size 32 bytes, stm32f1xx_hal_rcc.o(i.HAL_RCC_ClockConfig))
<BR><BR>[Stack]<UL><LI>Max Depth = 64<LI>Call Chain = HAL_RCC_ClockConfig &rArr; HAL_InitTick &rArr; HAL_NVIC_SetPriority
</UL>
<BR>[Calls]<UL><LI><a href="#[7e]">&gt;&gt;</a>&nbsp;&nbsp;&nbsp;HAL_RCC_GetSysClockFreq
<LI><a href="#[77]">&gt;&gt;</a>&nbsp;&nbsp;&nbsp;HAL_InitTick
<LI><a href="#[7d]">&gt;&gt;</a>&nbsp;&nbsp;&nbsp;HAL_GetTick
</UL>
<BR>[Called By]<UL><LI><a href="#[bc]">&gt;&gt;</a>&nbsp;&nbsp;&nbsp;SystemClock_Config
</UL>

<P><STRONG><a name="[c0]"></a>HAL_RCC_GetPCLK1Freq</STRONG> (Thumb, 20 bytes, Stack size 0 bytes, stm32f1xx_hal_rcc.o(i.HAL_RCC_GetPCLK1Freq))
<BR><BR>[Called By]<UL><LI><a href="#[8a]">&gt;&gt;</a>&nbsp;&nbsp;&nbsp;UART_SetConfig
</UL>

<P><STRONG><a name="[bf]"></a>HAL_RCC_GetPCLK2Freq</STRONG> (Thumb, 20 bytes, Stack size 0 bytes, stm32f1xx_hal_rcc.o(i.HAL_RCC_GetPCLK2Freq))
<BR><BR>[Called By]<UL><LI><a href="#[8a]">&gt;&gt;</a>&nbsp;&nbsp;&nbsp;UART_SetConfig
</UL>

<P><STRONG><a name="[7e]"></a>HAL_RCC_GetSysClockFreq</STRONG> (Thumb, 74 bytes, Stack size 20 bytes, stm32f1xx_hal_rcc.o(i.HAL_RCC_GetSysClockFreq))
<BR><BR>[Stack]<UL><LI>Max Depth = 20<LI>Call Chain = HAL_RCC_GetSysClockFreq
</UL>
<BR>[Called By]<UL><LI><a href="#[7c]">&gt;&gt;</a>&nbsp;&nbsp;&nbsp;HAL_RCC_ClockConfig
</UL>

<P><STRONG><a name="[7f]"></a>HAL_RCC_OscConfig</STRONG> (Thumb, 778 bytes, Stack size 40 bytes, stm32f1xx_hal_rcc.o(i.HAL_RCC_OscConfig))
<BR><BR>[Stack]<UL><LI>Max Depth = 40<LI>Call Chain = HAL_RCC_OscConfig
</UL>
<BR>[Calls]<UL><LI><a href="#[7d]">&gt;&gt;</a>&nbsp;&nbsp;&nbsp;HAL_GetTick
</UL>
<BR>[Called By]<UL><LI><a href="#[bc]">&gt;&gt;</a>&nbsp;&nbsp;&nbsp;SystemClock_Config
</UL>

<P><STRONG><a name="[80]"></a>HAL_SPI_Init</STRONG> (Thumb, 124 bytes, Stack size 16 bytes, stm32f1xx_hal_spi.o(i.HAL_SPI_Init))
<BR><BR>[Stack]<UL><LI>Max Depth = 88<LI>Call Chain = HAL_SPI_Init &rArr; HAL_SPI_MspInit &rArr; HAL_GPIO_Init
</UL>
<BR>[Calls]<UL><LI><a href="#[81]">&gt;&gt;</a>&nbsp;&nbsp;&nbsp;HAL_SPI_MspInit
</UL>
<BR>[Called By]<UL><LI><a href="#[b9]">&gt;&gt;</a>&nbsp;&nbsp;&nbsp;MX_SPI2_Init
</UL>

<P><STRONG><a name="[81]"></a>HAL_SPI_MspInit</STRONG> (Thumb, 102 bytes, Stack size 32 bytes, stm32f1xx_hal_msp.o(i.HAL_SPI_MspInit))
<BR><BR>[Stack]<UL><LI>Max Depth = 72<LI>Call Chain = HAL_SPI_MspInit &rArr; HAL_GPIO_Init
</UL>
<BR>[Calls]<UL><LI><a href="#[82]">&gt;&gt;</a>&nbsp;&nbsp;&nbsp;HAL_GPIO_Init
</UL>
<BR>[Called By]<UL><LI><a href="#[80]">&gt;&gt;</a>&nbsp;&nbsp;&nbsp;HAL_SPI_Init
</UL>

<P><STRONG><a name="[83]"></a>HAL_SPI_Receive</STRONG> (Thumb, 336 bytes, Stack size 40 bytes, stm32f1xx_hal_spi.o(i.HAL_SPI_Receive))
<BR><BR>[Stack]<UL><LI>Max Depth = 120<LI>Call Chain = HAL_SPI_Receive &rArr; HAL_SPI_TransmitReceive &rArr; SPI_EndRxTxTransaction &rArr; SPI_WaitFlagStateUntilTimeout
</UL>
<BR>[Calls]<UL><LI><a href="#[7d]">&gt;&gt;</a>&nbsp;&nbsp;&nbsp;HAL_GetTick
<LI><a href="#[84]">&gt;&gt;</a>&nbsp;&nbsp;&nbsp;HAL_SPI_TransmitReceive
<LI><a href="#[85]">&gt;&gt;</a>&nbsp;&nbsp;&nbsp;SPI_EndRxTransaction
</UL>
<BR>[Called By]<UL><LI><a href="#[42]">&gt;&gt;</a>&nbsp;&nbsp;&nbsp;W5500_ReadBuff
</UL>

<P><STRONG><a name="[86]"></a>HAL_SPI_Transmit</STRONG> (Thumb, 348 bytes, Stack size 40 bytes, stm32f1xx_hal_spi.o(i.HAL_SPI_Transmit))
<BR><BR>[Stack]<UL><LI>Max Depth = 80<LI>Call Chain = HAL_SPI_Transmit &rArr; SPI_EndRxTxTransaction &rArr; SPI_WaitFlagStateUntilTimeout
</UL>
<BR>[Calls]<UL><LI><a href="#[7d]">&gt;&gt;</a>&nbsp;&nbsp;&nbsp;HAL_GetTick
<LI><a href="#[87]">&gt;&gt;</a>&nbsp;&nbsp;&nbsp;SPI_EndRxTxTransaction
</UL>
<BR>[Called By]<UL><LI><a href="#[41]">&gt;&gt;</a>&nbsp;&nbsp;&nbsp;W5500_WriteBuff
</UL>

<P><STRONG><a name="[84]"></a>HAL_SPI_TransmitReceive</STRONG> (Thumb, 482 bytes, Stack size 40 bytes, stm32f1xx_hal_spi.o(i.HAL_SPI_TransmitReceive))
<BR><BR>[Stack]<UL><LI>Max Depth = 80<LI>Call Chain = HAL_SPI_TransmitReceive &rArr; SPI_EndRxTxTransaction &rArr; SPI_WaitFlagStateUntilTimeout
</UL>
<BR>[Calls]<UL><LI><a href="#[7d]">&gt;&gt;</a>&nbsp;&nbsp;&nbsp;HAL_GetTick
<LI><a href="#[87]">&gt;&gt;</a>&nbsp;&nbsp;&nbsp;SPI_EndRxTxTransaction
</UL>
<BR>[Called By]<UL><LI><a href="#[83]">&gt;&gt;</a>&nbsp;&nbsp;&nbsp;HAL_SPI_Receive
</UL>

<P><STRONG><a name="[79]"></a>HAL_SYSTICK_Config</STRONG> (Thumb, 40 bytes, Stack size 8 bytes, stm32f1xx_hal_cortex.o(i.HAL_SYSTICK_Config))
<BR><BR>[Stack]<UL><LI>Max Depth = 8<LI>Call Chain = HAL_SYSTICK_Config
</UL>
<BR>[Calls]<UL><LI><a href="#[7b]">&gt;&gt;</a>&nbsp;&nbsp;&nbsp;__NVIC_SetPriority
</UL>
<BR>[Called By]<UL><LI><a href="#[77]">&gt;&gt;</a>&nbsp;&nbsp;&nbsp;HAL_InitTick
</UL>

<P><STRONG><a name="[88]"></a>HAL_UART_Init</STRONG> (Thumb, 98 bytes, Stack size 16 bytes, stm32f1xx_hal_uart.o(i.HAL_UART_Init))
<BR><BR>[Stack]<UL><LI>Max Depth = 88<LI>Call Chain = HAL_UART_Init &rArr; HAL_UART_MspInit &rArr; HAL_GPIO_Init
</UL>
<BR>[Calls]<UL><LI><a href="#[89]">&gt;&gt;</a>&nbsp;&nbsp;&nbsp;HAL_UART_MspInit
<LI><a href="#[8a]">&gt;&gt;</a>&nbsp;&nbsp;&nbsp;UART_SetConfig
</UL>
<BR>[Called By]<UL><LI><a href="#[35]">&gt;&gt;</a>&nbsp;&nbsp;&nbsp;main
</UL>

<P><STRONG><a name="[89]"></a>HAL_UART_MspInit</STRONG> (Thumb, 100 bytes, Stack size 32 bytes, stm32f1xx_hal_msp.o(i.HAL_UART_MspInit))
<BR><BR>[Stack]<UL><LI>Max Depth = 72<LI>Call Chain = HAL_UART_MspInit &rArr; HAL_GPIO_Init
</UL>
<BR>[Calls]<UL><LI><a href="#[82]">&gt;&gt;</a>&nbsp;&nbsp;&nbsp;HAL_GPIO_Init
</UL>
<BR>[Called By]<UL><LI><a href="#[88]">&gt;&gt;</a>&nbsp;&nbsp;&nbsp;HAL_UART_Init
</UL>

<P><STRONG><a name="[8b]"></a>HAL_UART_Transmit</STRONG> (Thumb, 186 bytes, Stack size 32 bytes, stm32f1xx_hal_uart.o(i.HAL_UART_Transmit))
<BR><BR>[Stack]<UL><LI>Max Depth = 56<LI>Call Chain = HAL_UART_Transmit &rArr; UART_WaitOnFlagUntilTimeout
</UL>
<BR>[Calls]<UL><LI><a href="#[7d]">&gt;&gt;</a>&nbsp;&nbsp;&nbsp;HAL_GetTick
<LI><a href="#[8c]">&gt;&gt;</a>&nbsp;&nbsp;&nbsp;UART_WaitOnFlagUntilTimeout
</UL>
<BR>[Called By]<UL><LI><a href="#[66]">&gt;&gt;</a>&nbsp;&nbsp;&nbsp;UART_Printf
</UL>

<P><STRONG><a name="[2]"></a>HardFault_Handler</STRONG> (Thumb, 2 bytes, Stack size 0 bytes, stm32f1xx_it.o(i.HardFault_Handler))
<BR><BR>[Calls]<UL><LI><a href="#[2]">&gt;&gt;</a>&nbsp;&nbsp;&nbsp;HardFault_Handler
</UL>
<BR>[Called By]<UL><LI><a href="#[2]">&gt;&gt;</a>&nbsp;&nbsp;&nbsp;HardFault_Handler
</UL>
<BR>[Address Reference Count : 1]<UL><LI> startup_stm32f103xb.o(RESET)
</UL>
<P><STRONG><a name="[8d]"></a>MQTTClientInit</STRONG> (Thumb, 58 bytes, Stack size 16 bytes, mqttclient.o(i.MQTTClientInit))
<BR><BR>[Stack]<UL><LI>Max Depth = 16<LI>Call Chain = MQTTClientInit
</UL>
<BR>[Calls]<UL><LI><a href="#[8e]">&gt;&gt;</a>&nbsp;&nbsp;&nbsp;TimerInit
</UL>
<BR>[Called By]<UL><LI><a href="#[35]">&gt;&gt;</a>&nbsp;&nbsp;&nbsp;main
</UL>

<P><STRONG><a name="[8f]"></a>MQTTConnect</STRONG> (Thumb, 146 bytes, Stack size 128 bytes, mqttclient.o(i.MQTTConnect))
<BR><BR>[Stack]<UL><LI>Max Depth = 296<LI>Call Chain = MQTTConnect &rArr; waitfor &rArr; cycle &rArr; MQTTDeserialize_publish &rArr; MQTTPacket_decodeBuf &rArr; MQTTPacket_decode
</UL>
<BR>[Calls]<UL><LI><a href="#[8e]">&gt;&gt;</a>&nbsp;&nbsp;&nbsp;TimerInit
<LI><a href="#[91]">&gt;&gt;</a>&nbsp;&nbsp;&nbsp;TimerCountdownMS
<LI><a href="#[92]">&gt;&gt;</a>&nbsp;&nbsp;&nbsp;TimerCountdown
<LI><a href="#[93]">&gt;&gt;</a>&nbsp;&nbsp;&nbsp;MQTTSerialize_connect
<LI><a href="#[96]">&gt;&gt;</a>&nbsp;&nbsp;&nbsp;MQTTDeserialize_connack
<LI><a href="#[95]">&gt;&gt;</a>&nbsp;&nbsp;&nbsp;waitfor
<LI><a href="#[94]">&gt;&gt;</a>&nbsp;&nbsp;&nbsp;sendPacket
<LI><a href="#[90]">&gt;&gt;</a>&nbsp;&nbsp;&nbsp;__aeabi_memcpy4
</UL>
<BR>[Called By]<UL><LI><a href="#[35]">&gt;&gt;</a>&nbsp;&nbsp;&nbsp;main
</UL>

<P><STRONG><a name="[97]"></a>MQTTDeserialize_ack</STRONG> (Thumb, 72 bytes, Stack size 32 bytes, mqttdeserializepublish.o(i.MQTTDeserialize_ack))
<BR><BR>[Stack]<UL><LI>Max Depth = 56<LI>Call Chain = MQTTDeserialize_ack &rArr; MQTTPacket_decodeBuf &rArr; MQTTPacket_decode
</UL>
<BR>[Calls]<UL><LI><a href="#[9a]">&gt;&gt;</a>&nbsp;&nbsp;&nbsp;readInt
<LI><a href="#[98]">&gt;&gt;</a>&nbsp;&nbsp;&nbsp;readChar
<LI><a href="#[99]">&gt;&gt;</a>&nbsp;&nbsp;&nbsp;MQTTPacket_decodeBuf
</UL>
<BR>[Called By]<UL><LI><a href="#[b6]">&gt;&gt;</a>&nbsp;&nbsp;&nbsp;cycle
<LI><a href="#[a2]">&gt;&gt;</a>&nbsp;&nbsp;&nbsp;MQTTPublish
</UL>

<P><STRONG><a name="[96]"></a>MQTTDeserialize_connack</STRONG> (Thumb, 90 bytes, Stack size 32 bytes, mqttconnectclient.o(i.MQTTDeserialize_connack))
<BR><BR>[Stack]<UL><LI>Max Depth = 56<LI>Call Chain = MQTTDeserialize_connack &rArr; MQTTPacket_decodeBuf &rArr; MQTTPacket_decode
</UL>
<BR>[Calls]<UL><LI><a href="#[98]">&gt;&gt;</a>&nbsp;&nbsp;&nbsp;readChar
<LI><a href="#[99]">&gt;&gt;</a>&nbsp;&nbsp;&nbsp;MQTTPacket_decodeBuf
</UL>
<BR>[Called By]<UL><LI><a href="#[8f]">&gt;&gt;</a>&nbsp;&nbsp;&nbsp;MQTTConnect
</UL>

<P><STRONG><a name="[9b]"></a>MQTTDeserialize_publish</STRONG> (Thumb, 140 bytes, Stack size 48 bytes, mqttdeserializepublish.o(i.MQTTDeserialize_publish))
<BR><BR>[Stack]<UL><LI>Max Depth = 72<LI>Call Chain = MQTTDeserialize_publish &rArr; MQTTPacket_decodeBuf &rArr; MQTTPacket_decode
</UL>
<BR>[Calls]<UL><LI><a href="#[9c]">&gt;&gt;</a>&nbsp;&nbsp;&nbsp;readMQTTLenString
<LI><a href="#[9a]">&gt;&gt;</a>&nbsp;&nbsp;&nbsp;readInt
<LI><a href="#[98]">&gt;&gt;</a>&nbsp;&nbsp;&nbsp;readChar
<LI><a href="#[99]">&gt;&gt;</a>&nbsp;&nbsp;&nbsp;MQTTPacket_decodeBuf
</UL>
<BR>[Called By]<UL><LI><a href="#[b6]">&gt;&gt;</a>&nbsp;&nbsp;&nbsp;cycle
</UL>

<P><STRONG><a name="[9d]"></a>MQTTDeserialize_suback</STRONG> (Thumb, 124 bytes, Stack size 40 bytes, mqttsubscribeclient.o(i.MQTTDeserialize_suback))
<BR><BR>[Stack]<UL><LI>Max Depth = 64<LI>Call Chain = MQTTDeserialize_suback &rArr; MQTTPacket_decodeBuf &rArr; MQTTPacket_decode
</UL>
<BR>[Calls]<UL><LI><a href="#[9a]">&gt;&gt;</a>&nbsp;&nbsp;&nbsp;readInt
<LI><a href="#[98]">&gt;&gt;</a>&nbsp;&nbsp;&nbsp;readChar
<LI><a href="#[99]">&gt;&gt;</a>&nbsp;&nbsp;&nbsp;MQTTPacket_decodeBuf
</UL>
<BR>[Called By]<UL><LI><a href="#[b4]">&gt;&gt;</a>&nbsp;&nbsp;&nbsp;MQTTSubscribe
</UL>

<P><STRONG><a name="[9e]"></a>MQTTPacket_decode</STRONG> (Thumb, 54 bytes, Stack size 24 bytes, mqttpacket.o(i.MQTTPacket_decode))
<BR><BR>[Stack]<UL><LI>Max Depth = 24<LI>Call Chain = MQTTPacket_decode
</UL>
<BR>[Called By]<UL><LI><a href="#[99]">&gt;&gt;</a>&nbsp;&nbsp;&nbsp;MQTTPacket_decodeBuf
</UL>

<P><STRONG><a name="[99]"></a>MQTTPacket_decodeBuf</STRONG> (Thumb, 10 bytes, Stack size 0 bytes, mqttpacket.o(i.MQTTPacket_decodeBuf))
<BR><BR>[Stack]<UL><LI>Max Depth = 24<LI>Call Chain = MQTTPacket_decodeBuf &rArr; MQTTPacket_decode
</UL>
<BR>[Calls]<UL><LI><a href="#[9e]">&gt;&gt;</a>&nbsp;&nbsp;&nbsp;MQTTPacket_decode
</UL>
<BR>[Called By]<UL><LI><a href="#[9d]">&gt;&gt;</a>&nbsp;&nbsp;&nbsp;MQTTDeserialize_suback
<LI><a href="#[9b]">&gt;&gt;</a>&nbsp;&nbsp;&nbsp;MQTTDeserialize_publish
<LI><a href="#[96]">&gt;&gt;</a>&nbsp;&nbsp;&nbsp;MQTTDeserialize_connack
<LI><a href="#[97]">&gt;&gt;</a>&nbsp;&nbsp;&nbsp;MQTTDeserialize_ack
</UL>

<P><STRONG><a name="[a7]"></a>MQTTPacket_encode</STRONG> (Thumb, 42 bytes, Stack size 8 bytes, mqttpacket.o(i.MQTTPacket_encode))
<BR><BR>[Stack]<UL><LI>Max Depth = 8<LI>Call Chain = MQTTPacket_encode
</UL>
<BR>[Called By]<UL><LI><a href="#[b2]">&gt;&gt;</a>&nbsp;&nbsp;&nbsp;MQTTSerialize_subscribe
<LI><a href="#[a4]">&gt;&gt;</a>&nbsp;&nbsp;&nbsp;MQTTSerialize_publish
<LI><a href="#[93]">&gt;&gt;</a>&nbsp;&nbsp;&nbsp;MQTTSerialize_connect
<LI><a href="#[a5]">&gt;&gt;</a>&nbsp;&nbsp;&nbsp;MQTTSerialize_ack
<LI><a href="#[cc]">&gt;&gt;</a>&nbsp;&nbsp;&nbsp;readPacket
<LI><a href="#[af]">&gt;&gt;</a>&nbsp;&nbsp;&nbsp;MQTTSerialize_zero
</UL>

<P><STRONG><a name="[9f]"></a>MQTTPacket_equals</STRONG> (Thumb, 52 bytes, Stack size 16 bytes, mqttpacket.o(i.MQTTPacket_equals))
<BR><BR>[Stack]<UL><LI>Max Depth = 28<LI>Call Chain = MQTTPacket_equals &rArr; strncmp
</UL>
<BR>[Calls]<UL><LI><a href="#[a1]">&gt;&gt;</a>&nbsp;&nbsp;&nbsp;strncmp
<LI><a href="#[a0]">&gt;&gt;</a>&nbsp;&nbsp;&nbsp;strlen
</UL>
<BR>[Called By]<UL><LI><a href="#[cd]">&gt;&gt;</a>&nbsp;&nbsp;&nbsp;deliverMessage
</UL>

<P><STRONG><a name="[aa]"></a>MQTTPacket_len</STRONG> (Thumb, 34 bytes, Stack size 0 bytes, mqttpacket.o(i.MQTTPacket_len))
<BR><BR>[Called By]<UL><LI><a href="#[b2]">&gt;&gt;</a>&nbsp;&nbsp;&nbsp;MQTTSerialize_subscribe
<LI><a href="#[a4]">&gt;&gt;</a>&nbsp;&nbsp;&nbsp;MQTTSerialize_publish
<LI><a href="#[93]">&gt;&gt;</a>&nbsp;&nbsp;&nbsp;MQTTSerialize_connect
</UL>

<P><STRONG><a name="[a2]"></a>MQTTPublish</STRONG> (Thumb, 182 bytes, Stack size 64 bytes, mqttclient.o(i.MQTTPublish))
<BR><BR>[Stack]<UL><LI>Max Depth = 232<LI>Call Chain = MQTTPublish &rArr; waitfor &rArr; cycle &rArr; MQTTDeserialize_publish &rArr; MQTTPacket_decodeBuf &rArr; MQTTPacket_decode
</UL>
<BR>[Calls]<UL><LI><a href="#[8e]">&gt;&gt;</a>&nbsp;&nbsp;&nbsp;TimerInit
<LI><a href="#[91]">&gt;&gt;</a>&nbsp;&nbsp;&nbsp;TimerCountdownMS
<LI><a href="#[a4]">&gt;&gt;</a>&nbsp;&nbsp;&nbsp;MQTTSerialize_publish
<LI><a href="#[97]">&gt;&gt;</a>&nbsp;&nbsp;&nbsp;MQTTDeserialize_ack
<LI><a href="#[95]">&gt;&gt;</a>&nbsp;&nbsp;&nbsp;waitfor
<LI><a href="#[94]">&gt;&gt;</a>&nbsp;&nbsp;&nbsp;sendPacket
<LI><a href="#[a3]">&gt;&gt;</a>&nbsp;&nbsp;&nbsp;getNextPacketId
</UL>
<BR>[Called By]<UL><LI><a href="#[35]">&gt;&gt;</a>&nbsp;&nbsp;&nbsp;main
</UL>

<P><STRONG><a name="[a5]"></a>MQTTSerialize_ack</STRONG> (Thumb, 72 bytes, Stack size 24 bytes, mqttserializepublish.o(i.MQTTSerialize_ack))
<BR><BR>[Stack]<UL><LI>Max Depth = 32<LI>Call Chain = MQTTSerialize_ack &rArr; MQTTPacket_encode
</UL>
<BR>[Calls]<UL><LI><a href="#[a7]">&gt;&gt;</a>&nbsp;&nbsp;&nbsp;MQTTPacket_encode
<LI><a href="#[a8]">&gt;&gt;</a>&nbsp;&nbsp;&nbsp;writeInt
<LI><a href="#[a6]">&gt;&gt;</a>&nbsp;&nbsp;&nbsp;writeChar
</UL>
<BR>[Called By]<UL><LI><a href="#[b6]">&gt;&gt;</a>&nbsp;&nbsp;&nbsp;cycle
</UL>

<P><STRONG><a name="[93]"></a>MQTTSerialize_connect</STRONG> (Thumb, 262 bytes, Stack size 32 bytes, mqttconnectclient.o(i.MQTTSerialize_connect))
<BR><BR>[Stack]<UL><LI>Max Depth = 72<LI>Call Chain = MQTTSerialize_connect &rArr; writeMQTTString &rArr; writeCString &rArr; writeInt
</UL>
<BR>[Calls]<UL><LI><a href="#[a7]">&gt;&gt;</a>&nbsp;&nbsp;&nbsp;MQTTPacket_encode
<LI><a href="#[ac]">&gt;&gt;</a>&nbsp;&nbsp;&nbsp;writeMQTTString
<LI><a href="#[a8]">&gt;&gt;</a>&nbsp;&nbsp;&nbsp;writeInt
<LI><a href="#[a6]">&gt;&gt;</a>&nbsp;&nbsp;&nbsp;writeChar
<LI><a href="#[ab]">&gt;&gt;</a>&nbsp;&nbsp;&nbsp;writeCString
<LI><a href="#[aa]">&gt;&gt;</a>&nbsp;&nbsp;&nbsp;MQTTPacket_len
<LI><a href="#[a9]">&gt;&gt;</a>&nbsp;&nbsp;&nbsp;MQTTSerialize_connectLength
</UL>
<BR>[Called By]<UL><LI><a href="#[8f]">&gt;&gt;</a>&nbsp;&nbsp;&nbsp;MQTTConnect
</UL>

<P><STRONG><a name="[a9]"></a>MQTTSerialize_connectLength</STRONG> (Thumb, 118 bytes, Stack size 16 bytes, mqttconnectclient.o(i.MQTTSerialize_connectLength))
<BR><BR>[Stack]<UL><LI>Max Depth = 24<LI>Call Chain = MQTTSerialize_connectLength &rArr; MQTTstrlen
</UL>
<BR>[Calls]<UL><LI><a href="#[ad]">&gt;&gt;</a>&nbsp;&nbsp;&nbsp;MQTTstrlen
</UL>
<BR>[Called By]<UL><LI><a href="#[93]">&gt;&gt;</a>&nbsp;&nbsp;&nbsp;MQTTSerialize_connect
</UL>

<P><STRONG><a name="[ae]"></a>MQTTSerialize_pingreq</STRONG> (Thumb, 6 bytes, Stack size 0 bytes, mqttconnectclient.o(i.MQTTSerialize_pingreq))
<BR><BR>[Stack]<UL><LI>Max Depth = 24<LI>Call Chain = MQTTSerialize_pingreq &rArr; MQTTSerialize_zero &rArr; MQTTPacket_encode
</UL>
<BR>[Calls]<UL><LI><a href="#[af]">&gt;&gt;</a>&nbsp;&nbsp;&nbsp;MQTTSerialize_zero
</UL>
<BR>[Called By]<UL><LI><a href="#[ce]">&gt;&gt;</a>&nbsp;&nbsp;&nbsp;keepalive
</UL>

<P><STRONG><a name="[a4]"></a>MQTTSerialize_publish</STRONG> (Thumb, 134 bytes, Stack size 48 bytes, mqttserializepublish.o(i.MQTTSerialize_publish))
<BR><BR>[Stack]<UL><LI>Max Depth = 88<LI>Call Chain = MQTTSerialize_publish &rArr; writeMQTTString &rArr; writeCString &rArr; writeInt
</UL>
<BR>[Calls]<UL><LI><a href="#[a7]">&gt;&gt;</a>&nbsp;&nbsp;&nbsp;MQTTPacket_encode
<LI><a href="#[b0]">&gt;&gt;</a>&nbsp;&nbsp;&nbsp;MQTTSerialize_publishLength
<LI><a href="#[ac]">&gt;&gt;</a>&nbsp;&nbsp;&nbsp;writeMQTTString
<LI><a href="#[a8]">&gt;&gt;</a>&nbsp;&nbsp;&nbsp;writeInt
<LI><a href="#[a6]">&gt;&gt;</a>&nbsp;&nbsp;&nbsp;writeChar
<LI><a href="#[aa]">&gt;&gt;</a>&nbsp;&nbsp;&nbsp;MQTTPacket_len
<LI><a href="#[b1]">&gt;&gt;</a>&nbsp;&nbsp;&nbsp;__aeabi_memcpy
</UL>
<BR>[Called By]<UL><LI><a href="#[a2]">&gt;&gt;</a>&nbsp;&nbsp;&nbsp;MQTTPublish
</UL>

<P><STRONG><a name="[b0]"></a>MQTTSerialize_publishLength</STRONG> (Thumb, 30 bytes, Stack size 16 bytes, mqttserializepublish.o(i.MQTTSerialize_publishLength))
<BR><BR>[Stack]<UL><LI>Max Depth = 24<LI>Call Chain = MQTTSerialize_publishLength &rArr; MQTTstrlen
</UL>
<BR>[Calls]<UL><LI><a href="#[ad]">&gt;&gt;</a>&nbsp;&nbsp;&nbsp;MQTTstrlen
</UL>
<BR>[Called By]<UL><LI><a href="#[a4]">&gt;&gt;</a>&nbsp;&nbsp;&nbsp;MQTTSerialize_publish
</UL>

<P><STRONG><a name="[b2]"></a>MQTTSerialize_subscribe</STRONG> (Thumb, 140 bytes, Stack size 64 bytes, mqttsubscribeclient.o(i.MQTTSerialize_subscribe))
<BR><BR>[Stack]<UL><LI>Max Depth = 104<LI>Call Chain = MQTTSerialize_subscribe &rArr; writeMQTTString &rArr; writeCString &rArr; writeInt
</UL>
<BR>[Calls]<UL><LI><a href="#[a7]">&gt;&gt;</a>&nbsp;&nbsp;&nbsp;MQTTPacket_encode
<LI><a href="#[b3]">&gt;&gt;</a>&nbsp;&nbsp;&nbsp;MQTTSerialize_subscribeLength
<LI><a href="#[ac]">&gt;&gt;</a>&nbsp;&nbsp;&nbsp;writeMQTTString
<LI><a href="#[a8]">&gt;&gt;</a>&nbsp;&nbsp;&nbsp;writeInt
<LI><a href="#[a6]">&gt;&gt;</a>&nbsp;&nbsp;&nbsp;writeChar
<LI><a href="#[aa]">&gt;&gt;</a>&nbsp;&nbsp;&nbsp;MQTTPacket_len
</UL>
<BR>[Called By]<UL><LI><a href="#[b4]">&gt;&gt;</a>&nbsp;&nbsp;&nbsp;MQTTSubscribe
</UL>

<P><STRONG><a name="[b3]"></a>MQTTSerialize_subscribeLength</STRONG> (Thumb, 46 bytes, Stack size 24 bytes, mqttsubscribeclient.o(i.MQTTSerialize_subscribeLength))
<BR><BR>[Stack]<UL><LI>Max Depth = 32<LI>Call Chain = MQTTSerialize_subscribeLength &rArr; MQTTstrlen
</UL>
<BR>[Calls]<UL><LI><a href="#[ad]">&gt;&gt;</a>&nbsp;&nbsp;&nbsp;MQTTstrlen
</UL>
<BR>[Called By]<UL><LI><a href="#[b2]">&gt;&gt;</a>&nbsp;&nbsp;&nbsp;MQTTSerialize_subscribe
</UL>

<P><STRONG><a name="[af]"></a>MQTTSerialize_zero</STRONG> (Thumb, 50 bytes, Stack size 16 bytes, mqttconnectclient.o(i.MQTTSerialize_zero))
<BR><BR>[Stack]<UL><LI>Max Depth = 24<LI>Call Chain = MQTTSerialize_zero &rArr; MQTTPacket_encode
</UL>
<BR>[Calls]<UL><LI><a href="#[a7]">&gt;&gt;</a>&nbsp;&nbsp;&nbsp;MQTTPacket_encode
<LI><a href="#[a6]">&gt;&gt;</a>&nbsp;&nbsp;&nbsp;writeChar
</UL>
<BR>[Called By]<UL><LI><a href="#[ae]">&gt;&gt;</a>&nbsp;&nbsp;&nbsp;MQTTSerialize_pingreq
</UL>

<P><STRONG><a name="[b4]"></a>MQTTSubscribe</STRONG> (Thumb, 184 bytes, Stack size 96 bytes, mqttclient.o(i.MQTTSubscribe))
<BR><BR>[Stack]<UL><LI>Max Depth = 264<LI>Call Chain = MQTTSubscribe &rArr; waitfor &rArr; cycle &rArr; MQTTDeserialize_publish &rArr; MQTTPacket_decodeBuf &rArr; MQTTPacket_decode
</UL>
<BR>[Calls]<UL><LI><a href="#[8e]">&gt;&gt;</a>&nbsp;&nbsp;&nbsp;TimerInit
<LI><a href="#[91]">&gt;&gt;</a>&nbsp;&nbsp;&nbsp;TimerCountdownMS
<LI><a href="#[b2]">&gt;&gt;</a>&nbsp;&nbsp;&nbsp;MQTTSerialize_subscribe
<LI><a href="#[9d]">&gt;&gt;</a>&nbsp;&nbsp;&nbsp;MQTTDeserialize_suback
<LI><a href="#[95]">&gt;&gt;</a>&nbsp;&nbsp;&nbsp;waitfor
<LI><a href="#[94]">&gt;&gt;</a>&nbsp;&nbsp;&nbsp;sendPacket
<LI><a href="#[a3]">&gt;&gt;</a>&nbsp;&nbsp;&nbsp;getNextPacketId
</UL>
<BR>[Called By]<UL><LI><a href="#[35]">&gt;&gt;</a>&nbsp;&nbsp;&nbsp;main
</UL>

<P><STRONG><a name="[b5]"></a>MQTTYield</STRONG> (Thumb, 40 bytes, Stack size 24 bytes, mqttclient.o(i.MQTTYield))
<BR><BR>[Stack]<UL><LI>Max Depth = 168<LI>Call Chain = MQTTYield &rArr; cycle &rArr; MQTTDeserialize_publish &rArr; MQTTPacket_decodeBuf &rArr; MQTTPacket_decode
</UL>
<BR>[Calls]<UL><LI><a href="#[8e]">&gt;&gt;</a>&nbsp;&nbsp;&nbsp;TimerInit
<LI><a href="#[91]">&gt;&gt;</a>&nbsp;&nbsp;&nbsp;TimerCountdownMS
<LI><a href="#[b6]">&gt;&gt;</a>&nbsp;&nbsp;&nbsp;cycle
</UL>
<BR>[Called By]<UL><LI><a href="#[35]">&gt;&gt;</a>&nbsp;&nbsp;&nbsp;main
</UL>

<P><STRONG><a name="[ad]"></a>MQTTstrlen</STRONG> (Thumb, 14 bytes, Stack size 8 bytes, mqttpacket.o(i.MQTTstrlen))
<BR><BR>[Stack]<UL><LI>Max Depth = 8<LI>Call Chain = MQTTstrlen
</UL>
<BR>[Calls]<UL><LI><a href="#[a0]">&gt;&gt;</a>&nbsp;&nbsp;&nbsp;strlen
</UL>
<BR>[Called By]<UL><LI><a href="#[b3]">&gt;&gt;</a>&nbsp;&nbsp;&nbsp;MQTTSerialize_subscribeLength
<LI><a href="#[b0]">&gt;&gt;</a>&nbsp;&nbsp;&nbsp;MQTTSerialize_publishLength
<LI><a href="#[a9]">&gt;&gt;</a>&nbsp;&nbsp;&nbsp;MQTTSerialize_connectLength
</UL>

<P><STRONG><a name="[3]"></a>MemManage_Handler</STRONG> (Thumb, 2 bytes, Stack size 0 bytes, stm32f1xx_it.o(i.MemManage_Handler))
<BR><BR>[Calls]<UL><LI><a href="#[3]">&gt;&gt;</a>&nbsp;&nbsp;&nbsp;MemManage_Handler
</UL>
<BR>[Called By]<UL><LI><a href="#[3]">&gt;&gt;</a>&nbsp;&nbsp;&nbsp;MemManage_Handler
</UL>
<BR>[Address Reference Count : 1]<UL><LI> startup_stm32f103xb.o(RESET)
</UL>
<P><STRONG><a name="[e5]"></a>MilliTimer_Handler</STRONG> (Thumb, 10 bytes, Stack size 0 bytes, mqtt_interface.o(i.MilliTimer_Handler))
<BR><BR>[Called By]<UL><LI><a href="#[e2]">&gt;&gt;</a>&nbsp;&nbsp;&nbsp;msTick_Handler
</UL>

<P><STRONG><a name="[1]"></a>NMI_Handler</STRONG> (Thumb, 2 bytes, Stack size 0 bytes, stm32f1xx_it.o(i.NMI_Handler))
<BR>[Address Reference Count : 1]<UL><LI> startup_stm32f103xb.o(RESET)
</UL>
<P><STRONG><a name="[df]"></a>NewNetwork</STRONG> (Thumb, 16 bytes, Stack size 0 bytes, mqtt_interface.o(i.NewNetwork))
<BR><BR>[Called By]<UL><LI><a href="#[35]">&gt;&gt;</a>&nbsp;&nbsp;&nbsp;main
</UL>

<P><STRONG><a name="[ef]"></a>NibbleToHex</STRONG> (Thumb, 16 bytes, Stack size 0 bytes, dhcp.o(i.NibbleToHex))
<BR><BR>[Called By]<UL><LI><a href="#[72]">&gt;&gt;</a>&nbsp;&nbsp;&nbsp;send_DHCP_REQUEST
<LI><a href="#[71]">&gt;&gt;</a>&nbsp;&nbsp;&nbsp;send_DHCP_DISCOVER
</UL>

<P><STRONG><a name="[8]"></a>PendSV_Handler</STRONG> (Thumb, 2 bytes, Stack size 0 bytes, stm32f1xx_it.o(i.PendSV_Handler))
<BR>[Address Reference Count : 1]<UL><LI> startup_stm32f103xb.o(RESET)
</UL>
<P><STRONG><a name="[6]"></a>SVC_Handler</STRONG> (Thumb, 2 bytes, Stack size 0 bytes, stm32f1xx_it.o(i.SVC_Handler))
<BR>[Address Reference Count : 1]<UL><LI> startup_stm32f103xb.o(RESET)
</UL>
<P><STRONG><a name="[9]"></a>SysTick_Handler</STRONG> (Thumb, 4 bytes, Stack size 0 bytes, stm32f1xx_it.o(i.SysTick_Handler))
<BR><BR>[Calls]<UL><LI><a href="#[bb]">&gt;&gt;</a>&nbsp;&nbsp;&nbsp;HAL_IncTick
</UL>
<BR>[Address Reference Count : 1]<UL><LI> startup_stm32f103xb.o(RESET)
</UL>
<P><STRONG><a name="[bc]"></a>SystemClock_Config</STRONG> (Thumb, 78 bytes, Stack size 72 bytes, main.o(i.SystemClock_Config))
<BR><BR>[Stack]<UL><LI>Max Depth = 136<LI>Call Chain = SystemClock_Config &rArr; HAL_RCC_ClockConfig &rArr; HAL_InitTick &rArr; HAL_NVIC_SetPriority
</UL>
<BR>[Calls]<UL><LI><a href="#[7f]">&gt;&gt;</a>&nbsp;&nbsp;&nbsp;HAL_RCC_OscConfig
<LI><a href="#[7c]">&gt;&gt;</a>&nbsp;&nbsp;&nbsp;HAL_RCC_ClockConfig
<LI><a href="#[bd]">&gt;&gt;</a>&nbsp;&nbsp;&nbsp;__aeabi_memclr4
</UL>
<BR>[Called By]<UL><LI><a href="#[35]">&gt;&gt;</a>&nbsp;&nbsp;&nbsp;main
</UL>

<P><STRONG><a name="[36]"></a>SystemInit</STRONG> (Thumb, 56 bytes, Stack size 0 bytes, system_stm32f1xx.o(i.SystemInit))
<BR>[Address Reference Count : 1]<UL><LI> startup_stm32f103xb.o(.text)
</UL>
<P><STRONG><a name="[92]"></a>TimerCountdown</STRONG> (Thumb, 20 bytes, Stack size 0 bytes, mqtt_interface.o(i.TimerCountdown))
<BR><BR>[Called By]<UL><LI><a href="#[94]">&gt;&gt;</a>&nbsp;&nbsp;&nbsp;sendPacket
<LI><a href="#[8f]">&gt;&gt;</a>&nbsp;&nbsp;&nbsp;MQTTConnect
</UL>

<P><STRONG><a name="[91]"></a>TimerCountdownMS</STRONG> (Thumb, 10 bytes, Stack size 0 bytes, mqtt_interface.o(i.TimerCountdownMS))
<BR><BR>[Called By]<UL><LI><a href="#[ce]">&gt;&gt;</a>&nbsp;&nbsp;&nbsp;keepalive
<LI><a href="#[b5]">&gt;&gt;</a>&nbsp;&nbsp;&nbsp;MQTTYield
<LI><a href="#[b4]">&gt;&gt;</a>&nbsp;&nbsp;&nbsp;MQTTSubscribe
<LI><a href="#[a2]">&gt;&gt;</a>&nbsp;&nbsp;&nbsp;MQTTPublish
<LI><a href="#[8f]">&gt;&gt;</a>&nbsp;&nbsp;&nbsp;MQTTConnect
</UL>

<P><STRONG><a name="[8e]"></a>TimerInit</STRONG> (Thumb, 6 bytes, Stack size 0 bytes, mqtt_interface.o(i.TimerInit))
<BR><BR>[Called By]<UL><LI><a href="#[ce]">&gt;&gt;</a>&nbsp;&nbsp;&nbsp;keepalive
<LI><a href="#[b5]">&gt;&gt;</a>&nbsp;&nbsp;&nbsp;MQTTYield
<LI><a href="#[b4]">&gt;&gt;</a>&nbsp;&nbsp;&nbsp;MQTTSubscribe
<LI><a href="#[a2]">&gt;&gt;</a>&nbsp;&nbsp;&nbsp;MQTTPublish
<LI><a href="#[8f]">&gt;&gt;</a>&nbsp;&nbsp;&nbsp;MQTTConnect
<LI><a href="#[8d]">&gt;&gt;</a>&nbsp;&nbsp;&nbsp;MQTTClientInit
</UL>

<P><STRONG><a name="[de]"></a>TimerIsExpired</STRONG> (Thumb, 12 bytes, Stack size 0 bytes, mqtt_interface.o(i.TimerIsExpired))
<BR><BR>[Called By]<UL><LI><a href="#[95]">&gt;&gt;</a>&nbsp;&nbsp;&nbsp;waitfor
<LI><a href="#[ce]">&gt;&gt;</a>&nbsp;&nbsp;&nbsp;keepalive
<LI><a href="#[94]">&gt;&gt;</a>&nbsp;&nbsp;&nbsp;sendPacket
</UL>

<P><STRONG><a name="[e9]"></a>TimerLeftMS</STRONG> (Thumb, 14 bytes, Stack size 0 bytes, mqtt_interface.o(i.TimerLeftMS))
<BR><BR>[Called By]<UL><LI><a href="#[94]">&gt;&gt;</a>&nbsp;&nbsp;&nbsp;sendPacket
<LI><a href="#[cc]">&gt;&gt;</a>&nbsp;&nbsp;&nbsp;readPacket
</UL>

<P><STRONG><a name="[66]"></a>UART_Printf</STRONG> (Thumb, 46 bytes, Stack size 280 bytes, main.o(i.UART_Printf))
<BR><BR>[Stack]<UL><LI>Max Depth = 336<LI>Call Chain = UART_Printf &rArr; HAL_UART_Transmit &rArr; UART_WaitOnFlagUntilTimeout
</UL>
<BR>[Calls]<UL><LI><a href="#[8b]">&gt;&gt;</a>&nbsp;&nbsp;&nbsp;HAL_UART_Transmit
<LI><a href="#[be]">&gt;&gt;</a>&nbsp;&nbsp;&nbsp;vsnprintf
<LI><a href="#[a0]">&gt;&gt;</a>&nbsp;&nbsp;&nbsp;strlen
</UL>
<BR>[Called By]<UL><LI><a href="#[45]">&gt;&gt;</a>&nbsp;&nbsp;&nbsp;messageArrived
<LI><a href="#[35]">&gt;&gt;</a>&nbsp;&nbsp;&nbsp;main
<LI><a href="#[d2]">&gt;&gt;</a>&nbsp;&nbsp;&nbsp;init
<LI><a href="#[43]">&gt;&gt;</a>&nbsp;&nbsp;&nbsp;Callback_IPConflict
<LI><a href="#[44]">&gt;&gt;</a>&nbsp;&nbsp;&nbsp;Callback_IPAssigned
</UL>

<P><STRONG><a name="[5]"></a>UsageFault_Handler</STRONG> (Thumb, 2 bytes, Stack size 0 bytes, stm32f1xx_it.o(i.UsageFault_Handler))
<BR><BR>[Calls]<UL><LI><a href="#[5]">&gt;&gt;</a>&nbsp;&nbsp;&nbsp;UsageFault_Handler
</UL>
<BR>[Called By]<UL><LI><a href="#[5]">&gt;&gt;</a>&nbsp;&nbsp;&nbsp;UsageFault_Handler
</UL>
<BR>[Address Reference Count : 1]<UL><LI> startup_stm32f103xb.o(RESET)
</UL>
<P><STRONG><a name="[42]"></a>W5500_ReadBuff</STRONG> (Thumb, 14 bytes, Stack size 0 bytes, main.o(i.W5500_ReadBuff))
<BR><BR>[Stack]<UL><LI>Max Depth = 120<LI>Call Chain = W5500_ReadBuff &rArr; HAL_SPI_Receive &rArr; HAL_SPI_TransmitReceive &rArr; SPI_EndRxTxTransaction &rArr; SPI_WaitFlagStateUntilTimeout
</UL>
<BR>[Calls]<UL><LI><a href="#[83]">&gt;&gt;</a>&nbsp;&nbsp;&nbsp;HAL_SPI_Receive
</UL>
<BR>[Called By]<UL><LI><a href="#[40]">&gt;&gt;</a>&nbsp;&nbsp;&nbsp;W5500_ReadByte
</UL>
<BR>[Address Reference Count : 1]<UL><LI> main.o(i.init)
</UL>
<P><STRONG><a name="[40]"></a>W5500_ReadByte</STRONG> (Thumb, 16 bytes, Stack size 8 bytes, main.o(i.W5500_ReadByte))
<BR><BR>[Stack]<UL><LI>Max Depth = 128<LI>Call Chain = W5500_ReadByte &rArr; W5500_ReadBuff &rArr; HAL_SPI_Receive &rArr; HAL_SPI_TransmitReceive &rArr; SPI_EndRxTxTransaction &rArr; SPI_WaitFlagStateUntilTimeout
</UL>
<BR>[Calls]<UL><LI><a href="#[42]">&gt;&gt;</a>&nbsp;&nbsp;&nbsp;W5500_ReadBuff
</UL>
<BR>[Address Reference Count : 1]<UL><LI> main.o(i.init)
</UL>
<P><STRONG><a name="[3e]"></a>W5500_Select</STRONG> (Thumb, 12 bytes, Stack size 0 bytes, main.o(i.W5500_Select))
<BR><BR>[Calls]<UL><LI><a href="#[b8]">&gt;&gt;</a>&nbsp;&nbsp;&nbsp;HAL_GPIO_WritePin
</UL>
<BR>[Address Reference Count : 1]<UL><LI> main.o(i.init)
</UL>
<P><STRONG><a name="[3d]"></a>W5500_Unselect</STRONG> (Thumb, 10 bytes, Stack size 0 bytes, main.o(i.W5500_Unselect))
<BR><BR>[Calls]<UL><LI><a href="#[b8]">&gt;&gt;</a>&nbsp;&nbsp;&nbsp;HAL_GPIO_WritePin
</UL>
<BR>[Address Reference Count : 1]<UL><LI> main.o(i.init)
</UL>
<P><STRONG><a name="[41]"></a>W5500_WriteBuff</STRONG> (Thumb, 14 bytes, Stack size 0 bytes, main.o(i.W5500_WriteBuff))
<BR><BR>[Stack]<UL><LI>Max Depth = 80<LI>Call Chain = W5500_WriteBuff &rArr; HAL_SPI_Transmit &rArr; SPI_EndRxTxTransaction &rArr; SPI_WaitFlagStateUntilTimeout
</UL>
<BR>[Calls]<UL><LI><a href="#[86]">&gt;&gt;</a>&nbsp;&nbsp;&nbsp;HAL_SPI_Transmit
</UL>
<BR>[Called By]<UL><LI><a href="#[3f]">&gt;&gt;</a>&nbsp;&nbsp;&nbsp;W5500_WriteByte
</UL>
<BR>[Address Reference Count : 1]<UL><LI> main.o(i.init)
</UL>
<P><STRONG><a name="[3f]"></a>W5500_WriteByte</STRONG> (Thumb, 12 bytes, Stack size 8 bytes, main.o(i.W5500_WriteByte))
<BR><BR>[Stack]<UL><LI>Max Depth = 88<LI>Call Chain = W5500_WriteByte &rArr; W5500_WriteBuff &rArr; HAL_SPI_Transmit &rArr; SPI_EndRxTxTransaction &rArr; SPI_WaitFlagStateUntilTimeout
</UL>
<BR>[Calls]<UL><LI><a href="#[41]">&gt;&gt;</a>&nbsp;&nbsp;&nbsp;W5500_WriteBuff
</UL>
<BR>[Address Reference Count : 1]<UL><LI> main.o(i.init)
</UL>
<P><STRONG><a name="[6f]"></a>WIZCHIP_READ</STRONG> (Thumb, 84 bytes, Stack size 24 bytes, w5500.o(i.WIZCHIP_READ))
<BR><BR>[Stack]<UL><LI>Max Depth = 24<LI>Call Chain = WIZCHIP_READ
</UL>
<BR>[Called By]<UL><LI><a href="#[68]">&gt;&gt;</a>&nbsp;&nbsp;&nbsp;socket
<LI><a href="#[c9]">&gt;&gt;</a>&nbsp;&nbsp;&nbsp;sendto
<LI><a href="#[e7]">&gt;&gt;</a>&nbsp;&nbsp;&nbsp;recvfrom
<LI><a href="#[d0]">&gt;&gt;</a>&nbsp;&nbsp;&nbsp;getSn_RX_RSR
<LI><a href="#[cb]">&gt;&gt;</a>&nbsp;&nbsp;&nbsp;close
<LI><a href="#[47]">&gt;&gt;</a>&nbsp;&nbsp;&nbsp;default_ip_update
<LI><a href="#[48]">&gt;&gt;</a>&nbsp;&nbsp;&nbsp;default_ip_conflict
<LI><a href="#[73]">&gt;&gt;</a>&nbsp;&nbsp;&nbsp;check_DHCP_leasedIP
<LI><a href="#[6e]">&gt;&gt;</a>&nbsp;&nbsp;&nbsp;DHCP_run
<LI><a href="#[f0]">&gt;&gt;</a>&nbsp;&nbsp;&nbsp;wizchip_sw_reset
<LI><a href="#[3a]">&gt;&gt;</a>&nbsp;&nbsp;&nbsp;w5x00_write
<LI><a href="#[39]">&gt;&gt;</a>&nbsp;&nbsp;&nbsp;w5x00_read
<LI><a href="#[ee]">&gt;&gt;</a>&nbsp;&nbsp;&nbsp;wiz_send_data
<LI><a href="#[ec]">&gt;&gt;</a>&nbsp;&nbsp;&nbsp;wiz_recv_ignore
<LI><a href="#[eb]">&gt;&gt;</a>&nbsp;&nbsp;&nbsp;wiz_recv_data
<LI><a href="#[d1]">&gt;&gt;</a>&nbsp;&nbsp;&nbsp;getSn_TX_FSR
<LI><a href="#[ed]">&gt;&gt;</a>&nbsp;&nbsp;&nbsp;send
<LI><a href="#[ea]">&gt;&gt;</a>&nbsp;&nbsp;&nbsp;recv
<LI><a href="#[cf]">&gt;&gt;</a>&nbsp;&nbsp;&nbsp;disconnect
<LI><a href="#[69]">&gt;&gt;</a>&nbsp;&nbsp;&nbsp;connect
</UL>

<P><STRONG><a name="[6b]"></a>WIZCHIP_READ_BUF</STRONG> (Thumb, 112 bytes, Stack size 32 bytes, w5500.o(i.WIZCHIP_READ_BUF))
<BR><BR>[Stack]<UL><LI>Max Depth = 32<LI>Call Chain = WIZCHIP_READ_BUF
</UL>
<BR>[Called By]<UL><LI><a href="#[68]">&gt;&gt;</a>&nbsp;&nbsp;&nbsp;socket
<LI><a href="#[e3]">&gt;&gt;</a>&nbsp;&nbsp;&nbsp;makeDHCPMSG
<LI><a href="#[6a]">&gt;&gt;</a>&nbsp;&nbsp;&nbsp;DHCP_init
<LI><a href="#[f0]">&gt;&gt;</a>&nbsp;&nbsp;&nbsp;wizchip_sw_reset
<LI><a href="#[eb]">&gt;&gt;</a>&nbsp;&nbsp;&nbsp;wiz_recv_data
</UL>

<P><STRONG><a name="[c8]"></a>WIZCHIP_WRITE</STRONG> (Thumb, 90 bytes, Stack size 24 bytes, w5500.o(i.WIZCHIP_WRITE))
<BR><BR>[Stack]<UL><LI>Max Depth = 24<LI>Call Chain = WIZCHIP_WRITE
</UL>
<BR>[Called By]<UL><LI><a href="#[68]">&gt;&gt;</a>&nbsp;&nbsp;&nbsp;socket
<LI><a href="#[c9]">&gt;&gt;</a>&nbsp;&nbsp;&nbsp;sendto
<LI><a href="#[e7]">&gt;&gt;</a>&nbsp;&nbsp;&nbsp;recvfrom
<LI><a href="#[cb]">&gt;&gt;</a>&nbsp;&nbsp;&nbsp;close
<LI><a href="#[47]">&gt;&gt;</a>&nbsp;&nbsp;&nbsp;default_ip_update
<LI><a href="#[48]">&gt;&gt;</a>&nbsp;&nbsp;&nbsp;default_ip_conflict
<LI><a href="#[73]">&gt;&gt;</a>&nbsp;&nbsp;&nbsp;check_DHCP_leasedIP
<LI><a href="#[d6]">&gt;&gt;</a>&nbsp;&nbsp;&nbsp;wizchip_init
<LI><a href="#[f0]">&gt;&gt;</a>&nbsp;&nbsp;&nbsp;wizchip_sw_reset
<LI><a href="#[ee]">&gt;&gt;</a>&nbsp;&nbsp;&nbsp;wiz_send_data
<LI><a href="#[ec]">&gt;&gt;</a>&nbsp;&nbsp;&nbsp;wiz_recv_ignore
<LI><a href="#[eb]">&gt;&gt;</a>&nbsp;&nbsp;&nbsp;wiz_recv_data
<LI><a href="#[ed]">&gt;&gt;</a>&nbsp;&nbsp;&nbsp;send
<LI><a href="#[ea]">&gt;&gt;</a>&nbsp;&nbsp;&nbsp;recv
<LI><a href="#[cf]">&gt;&gt;</a>&nbsp;&nbsp;&nbsp;disconnect
<LI><a href="#[69]">&gt;&gt;</a>&nbsp;&nbsp;&nbsp;connect
</UL>

<P><STRONG><a name="[6c]"></a>WIZCHIP_WRITE_BUF</STRONG> (Thumb, 108 bytes, Stack size 24 bytes, w5500.o(i.WIZCHIP_WRITE_BUF))
<BR><BR>[Stack]<UL><LI>Max Depth = 24<LI>Call Chain = WIZCHIP_WRITE_BUF
</UL>
<BR>[Called By]<UL><LI><a href="#[c9]">&gt;&gt;</a>&nbsp;&nbsp;&nbsp;sendto
<LI><a href="#[47]">&gt;&gt;</a>&nbsp;&nbsp;&nbsp;default_ip_update
<LI><a href="#[48]">&gt;&gt;</a>&nbsp;&nbsp;&nbsp;default_ip_conflict
<LI><a href="#[46]">&gt;&gt;</a>&nbsp;&nbsp;&nbsp;default_ip_assign
<LI><a href="#[dc]">&gt;&gt;</a>&nbsp;&nbsp;&nbsp;wizchip_setnetinfo
<LI><a href="#[6a]">&gt;&gt;</a>&nbsp;&nbsp;&nbsp;DHCP_init
<LI><a href="#[d2]">&gt;&gt;</a>&nbsp;&nbsp;&nbsp;init
<LI><a href="#[f0]">&gt;&gt;</a>&nbsp;&nbsp;&nbsp;wizchip_sw_reset
<LI><a href="#[ee]">&gt;&gt;</a>&nbsp;&nbsp;&nbsp;wiz_send_data
<LI><a href="#[69]">&gt;&gt;</a>&nbsp;&nbsp;&nbsp;connect
</UL>

<P><STRONG><a name="[c1]"></a>__0vsnprintf</STRONG> (Thumb, 40 bytes, Stack size 24 bytes, printfa.o(i.__0vsnprintf), UNUSED)
<BR><BR>[Calls]<UL><LI><a href="#[c2]">&gt;&gt;</a>&nbsp;&nbsp;&nbsp;_printf_core
</UL>

<P><STRONG><a name="[103]"></a>__1vsnprintf</STRONG> (Thumb, 0 bytes, Stack size 24 bytes, printfa.o(i.__0vsnprintf), UNUSED)

<P><STRONG><a name="[104]"></a>__2vsnprintf</STRONG> (Thumb, 0 bytes, Stack size 24 bytes, printfa.o(i.__0vsnprintf), UNUSED)

<P><STRONG><a name="[105]"></a>__c89vsnprintf</STRONG> (Thumb, 0 bytes, Stack size 24 bytes, printfa.o(i.__0vsnprintf), UNUSED)

<P><STRONG><a name="[be]"></a>vsnprintf</STRONG> (Thumb, 0 bytes, Stack size 24 bytes, printfa.o(i.__0vsnprintf))
<BR><BR>[Stack]<UL><LI>Max Depth = 24<LI>Call Chain = vsnprintf
</UL>
<BR>[Called By]<UL><LI><a href="#[e0]">&gt;&gt;</a>&nbsp;&nbsp;&nbsp;str_printf
<LI><a href="#[66]">&gt;&gt;</a>&nbsp;&nbsp;&nbsp;UART_Printf
</UL>

<P><STRONG><a name="[106]"></a>__scatterload_copy</STRONG> (Thumb, 14 bytes, Stack size unknown bytes, handlers.o(i.__scatterload_copy), UNUSED)

<P><STRONG><a name="[107]"></a>__scatterload_null</STRONG> (Thumb, 2 bytes, Stack size unknown bytes, handlers.o(i.__scatterload_null), UNUSED)

<P><STRONG><a name="[108]"></a>__scatterload_zeroinit</STRONG> (Thumb, 14 bytes, Stack size unknown bytes, handlers.o(i.__scatterload_zeroinit), UNUSED)

<P><STRONG><a name="[38]"></a>bufchar</STRONG> (Thumb, 30 bytes, Stack size 12 bytes, mqttpacket.o(i.bufchar))
<BR><BR>[Stack]<UL><LI>Max Depth = 12<LI>Call Chain = bufchar
</UL>
<BR>[Address Reference Count : 1]<UL><LI> mqttpacket.o(i.MQTTPacket_decodeBuf)
</UL>
<P><STRONG><a name="[73]"></a>check_DHCP_leasedIP</STRONG> (Thumb, 78 bytes, Stack size 24 bytes, dhcp.o(i.check_DHCP_leasedIP))
<BR><BR>[Stack]<UL><LI>Max Depth = 128<LI>Call Chain = check_DHCP_leasedIP &rArr; send_DHCP_DECLINE &rArr; sendto &rArr; wiz_send_data &rArr; WIZCHIP_WRITE
</UL>
<BR>[Calls]<UL><LI><a href="#[c9]">&gt;&gt;</a>&nbsp;&nbsp;&nbsp;sendto
<LI><a href="#[c8]">&gt;&gt;</a>&nbsp;&nbsp;&nbsp;WIZCHIP_WRITE
<LI><a href="#[6f]">&gt;&gt;</a>&nbsp;&nbsp;&nbsp;WIZCHIP_READ
<LI><a href="#[ca]">&gt;&gt;</a>&nbsp;&nbsp;&nbsp;send_DHCP_DECLINE
</UL>
<BR>[Called By]<UL><LI><a href="#[6e]">&gt;&gt;</a>&nbsp;&nbsp;&nbsp;DHCP_run
</UL>

<P><STRONG><a name="[74]"></a>check_DHCP_timeout</STRONG> (Thumb, 106 bytes, Stack size 16 bytes, dhcp.o(i.check_DHCP_timeout))
<BR><BR>[Stack]<UL><LI>Max Depth = 152<LI>Call Chain = check_DHCP_timeout &rArr; send_DHCP_REQUEST &rArr; sendto &rArr; wiz_send_data &rArr; WIZCHIP_WRITE
</UL>
<BR>[Calls]<UL><LI><a href="#[72]">&gt;&gt;</a>&nbsp;&nbsp;&nbsp;send_DHCP_REQUEST
<LI><a href="#[71]">&gt;&gt;</a>&nbsp;&nbsp;&nbsp;send_DHCP_DISCOVER
<LI><a href="#[6d]">&gt;&gt;</a>&nbsp;&nbsp;&nbsp;reset_DHCP_timeout
</UL>
<BR>[Called By]<UL><LI><a href="#[6e]">&gt;&gt;</a>&nbsp;&nbsp;&nbsp;DHCP_run
</UL>

<P><STRONG><a name="[cb]"></a>close</STRONG> (Thumb, 108 bytes, Stack size 16 bytes, socket.o(i.close))
<BR><BR>[Stack]<UL><LI>Max Depth = 40<LI>Call Chain = close &rArr; WIZCHIP_WRITE
</UL>
<BR>[Calls]<UL><LI><a href="#[c8]">&gt;&gt;</a>&nbsp;&nbsp;&nbsp;WIZCHIP_WRITE
<LI><a href="#[6f]">&gt;&gt;</a>&nbsp;&nbsp;&nbsp;WIZCHIP_READ
</UL>
<BR>[Called By]<UL><LI><a href="#[68]">&gt;&gt;</a>&nbsp;&nbsp;&nbsp;socket
<LI><a href="#[e7]">&gt;&gt;</a>&nbsp;&nbsp;&nbsp;recvfrom
<LI><a href="#[ed]">&gt;&gt;</a>&nbsp;&nbsp;&nbsp;send
<LI><a href="#[ea]">&gt;&gt;</a>&nbsp;&nbsp;&nbsp;recv
<LI><a href="#[cf]">&gt;&gt;</a>&nbsp;&nbsp;&nbsp;disconnect
</UL>

<P><STRONG><a name="[69]"></a>connect</STRONG> (Thumb, 258 bytes, Stack size 24 bytes, socket.o(i.connect))
<BR><BR>[Stack]<UL><LI>Max Depth = 48<LI>Call Chain = connect &rArr; WIZCHIP_WRITE
</UL>
<BR>[Calls]<UL><LI><a href="#[c8]">&gt;&gt;</a>&nbsp;&nbsp;&nbsp;WIZCHIP_WRITE
<LI><a href="#[6f]">&gt;&gt;</a>&nbsp;&nbsp;&nbsp;WIZCHIP_READ
<LI><a href="#[6c]">&gt;&gt;</a>&nbsp;&nbsp;&nbsp;WIZCHIP_WRITE_BUF
</UL>
<BR>[Called By]<UL><LI><a href="#[67]">&gt;&gt;</a>&nbsp;&nbsp;&nbsp;ConnectNetwork
</UL>

<P><STRONG><a name="[b6]"></a>cycle</STRONG> (Thumb, 254 bytes, Stack size 72 bytes, mqttclient.o(i.cycle))
<BR><BR>[Stack]<UL><LI>Max Depth = 144<LI>Call Chain = cycle &rArr; MQTTDeserialize_publish &rArr; MQTTPacket_decodeBuf &rArr; MQTTPacket_decode
</UL>
<BR>[Calls]<UL><LI><a href="#[a5]">&gt;&gt;</a>&nbsp;&nbsp;&nbsp;MQTTSerialize_ack
<LI><a href="#[9b]">&gt;&gt;</a>&nbsp;&nbsp;&nbsp;MQTTDeserialize_publish
<LI><a href="#[97]">&gt;&gt;</a>&nbsp;&nbsp;&nbsp;MQTTDeserialize_ack
<LI><a href="#[ce]">&gt;&gt;</a>&nbsp;&nbsp;&nbsp;keepalive
<LI><a href="#[cd]">&gt;&gt;</a>&nbsp;&nbsp;&nbsp;deliverMessage
<LI><a href="#[94]">&gt;&gt;</a>&nbsp;&nbsp;&nbsp;sendPacket
<LI><a href="#[cc]">&gt;&gt;</a>&nbsp;&nbsp;&nbsp;readPacket
</UL>
<BR>[Called By]<UL><LI><a href="#[95]">&gt;&gt;</a>&nbsp;&nbsp;&nbsp;waitfor
<LI><a href="#[b5]">&gt;&gt;</a>&nbsp;&nbsp;&nbsp;MQTTYield
</UL>

<P><STRONG><a name="[46]"></a>default_ip_assign</STRONG> (Thumb, 44 bytes, Stack size 8 bytes, dhcp.o(i.default_ip_assign))
<BR><BR>[Stack]<UL><LI>Max Depth = 32<LI>Call Chain = default_ip_assign &rArr; WIZCHIP_WRITE_BUF
</UL>
<BR>[Calls]<UL><LI><a href="#[6c]">&gt;&gt;</a>&nbsp;&nbsp;&nbsp;WIZCHIP_WRITE_BUF
</UL>
<BR>[Called By]<UL><LI><a href="#[47]">&gt;&gt;</a>&nbsp;&nbsp;&nbsp;default_ip_update
</UL>
<BR>[Address Reference Count : 2]<UL><LI> dhcp.o(i.reg_dhcp_cbfunc)
<LI> dhcp.o(.data)
</UL>
<P><STRONG><a name="[48]"></a>default_ip_conflict</STRONG> (Thumb, 32 bytes, Stack size 8 bytes, dhcp.o(i.default_ip_conflict))
<BR><BR>[Stack]<UL><LI>Max Depth = 32<LI>Call Chain = default_ip_conflict &rArr; WIZCHIP_WRITE
</UL>
<BR>[Calls]<UL><LI><a href="#[c8]">&gt;&gt;</a>&nbsp;&nbsp;&nbsp;WIZCHIP_WRITE
<LI><a href="#[6f]">&gt;&gt;</a>&nbsp;&nbsp;&nbsp;WIZCHIP_READ
<LI><a href="#[6c]">&gt;&gt;</a>&nbsp;&nbsp;&nbsp;WIZCHIP_WRITE_BUF
</UL>
<BR>[Address Reference Count : 2]<UL><LI> dhcp.o(i.reg_dhcp_cbfunc)
<LI> dhcp.o(.data)
</UL>
<P><STRONG><a name="[47]"></a>default_ip_update</STRONG> (Thumb, 36 bytes, Stack size 8 bytes, dhcp.o(i.default_ip_update))
<BR><BR>[Stack]<UL><LI>Max Depth = 40<LI>Call Chain = default_ip_update &rArr; default_ip_assign &rArr; WIZCHIP_WRITE_BUF
</UL>
<BR>[Calls]<UL><LI><a href="#[c8]">&gt;&gt;</a>&nbsp;&nbsp;&nbsp;WIZCHIP_WRITE
<LI><a href="#[6f]">&gt;&gt;</a>&nbsp;&nbsp;&nbsp;WIZCHIP_READ
<LI><a href="#[46]">&gt;&gt;</a>&nbsp;&nbsp;&nbsp;default_ip_assign
<LI><a href="#[6c]">&gt;&gt;</a>&nbsp;&nbsp;&nbsp;WIZCHIP_WRITE_BUF
</UL>
[...]
</UL>
<BR>[Calls]<UL><LI><a href="#[c9]">&gt;&gt;</a>&nbsp;&nbsp;&nbsp;sendto
<LI><a href="#[e3]">&gt;&gt;</a>&nbsp;&nbsp;&nbsp;makeDHCPMSG
<LI><a href="#[ef]">&gt;&gt;</a>&nbsp;&nbsp;&nbsp;NibbleToHex
</UL>
<BR>[Called By]<UL><LI><a href="#[74]">&gt;&gt;</a>&nbsp;&nbsp;&nbsp;check_DHCP_timeout
<LI><a href="#[6e]">&gt;&gt;</a>&nbsp;&nbsp;&nbsp;DHCP_run
</UL>

<P><STRONG><a name="[72]"></a>send_DHCP_REQUEST</STRONG> (Thumb, 650 bytes, Stack size 48 bytes, dhcp.o(i.send_DHCP_REQUEST))
<BR><BR>[Stack]<UL><LI>Max Depth = 136<LI>Call Chain = send_DHCP_REQUEST &rArr; sendto &rArr; wiz_send_data &rArr; WIZCHIP_WRITE
</UL>
<BR>[Calls]<UL><LI><a href="#[c9]">&gt;&gt;</a>&nbsp;&nbsp;&nbsp;sendto
<LI><a href="#[e3]">&gt;&gt;</a>&nbsp;&nbsp;&nbsp;makeDHCPMSG
<LI><a href="#[ef]">&gt;&gt;</a>&nbsp;&nbsp;&nbsp;NibbleToHex
</UL>
<BR>[Called By]<UL><LI><a href="#[74]">&gt;&gt;</a>&nbsp;&nbsp;&nbsp;check_DHCP_timeout
<LI><a href="#[6e]">&gt;&gt;</a>&nbsp;&nbsp;&nbsp;DHCP_run
</UL>

<P><STRONG><a name="[c9]"></a>sendto</STRONG> (Thumb, 378 bytes, Stack size 32 bytes, socket.o(i.sendto))
<BR><BR>[Stack]<UL><LI>Max Depth = 88<LI>Call Chain = sendto &rArr; wiz_send_data &rArr; WIZCHIP_WRITE
</UL>
<BR>[Calls]<UL><LI><a href="#[c8]">&gt;&gt;</a>&nbsp;&nbsp;&nbsp;WIZCHIP_WRITE
<LI><a href="#[6f]">&gt;&gt;</a>&nbsp;&nbsp;&nbsp;WIZCHIP_READ
<LI><a href="#[6c]">&gt;&gt;</a>&nbsp;&nbsp;&nbsp;WIZCHIP_WRITE_BUF
<LI><a href="#[ee]">&gt;&gt;</a>&nbsp;&nbsp;&nbsp;wiz_send_data
<LI><a href="#[d1]">&gt;&gt;</a>&nbsp;&nbsp;&nbsp;getSn_TX_FSR
</UL>
<BR>[Called By]<UL><LI><a href="#[72]">&gt;&gt;</a>&nbsp;&nbsp;&nbsp;send_DHCP_REQUEST
<LI><a href="#[71]">&gt;&gt;</a>&nbsp;&nbsp;&nbsp;send_DHCP_DISCOVER
<LI><a href="#[ca]">&gt;&gt;</a>&nbsp;&nbsp;&nbsp;send_DHCP_DECLINE
<LI><a href="#[73]">&gt;&gt;</a>&nbsp;&nbsp;&nbsp;check_DHCP_leasedIP
</UL>

<P><STRONG><a name="[68]"></a>socket</STRONG> (Thumb, 276 bytes, Stack size 32 bytes, socket.o(i.socket))
<BR><BR>[Stack]<UL><LI>Max Depth = 72<LI>Call Chain = socket &rArr; close &rArr; WIZCHIP_WRITE
</UL>
<BR>[Calls]<UL><LI><a href="#[cb]">&gt;&gt;</a>&nbsp;&nbsp;&nbsp;close
<LI><a href="#[c8]">&gt;&gt;</a>&nbsp;&nbsp;&nbsp;WIZCHIP_WRITE
<LI><a href="#[6b]">&gt;&gt;</a>&nbsp;&nbsp;&nbsp;WIZCHIP_READ_BUF
<LI><a href="#[6f]">&gt;&gt;</a>&nbsp;&nbsp;&nbsp;WIZCHIP_READ
</UL>
<BR>[Called By]<UL><LI><a href="#[6e]">&gt;&gt;</a>&nbsp;&nbsp;&nbsp;DHCP_run
<LI><a href="#[67]">&gt;&gt;</a>&nbsp;&nbsp;&nbsp;ConnectNetwork
</UL>

<P><STRONG><a name="[e0]"></a>str_printf</STRONG> (Thumb, 20 bytes, Stack size 24 bytes, main.o(i.str_printf))
<BR><BR>[Stack]<UL><LI>Max Depth = 48<LI>Call Chain = str_printf &rArr; vsnprintf
</UL>
<BR>[Calls]<UL><LI><a href="#[be]">&gt;&gt;</a>&nbsp;&nbsp;&nbsp;vsnprintf
</UL>
<BR>[Called By]<UL><LI><a href="#[35]">&gt;&gt;</a>&nbsp;&nbsp;&nbsp;main
</UL>

<P><STRONG><a name="[3b]"></a>w5x00_disconnect</STRONG> (Thumb, 6 bytes, Stack size 0 bytes, mqtt_interface.o(i.w5x00_disconnect))
<BR><BR>[Stack]<UL><LI>Max Depth = 56<LI>Call Chain = w5x00_disconnect &rArr; disconnect &rArr; close &rArr; WIZCHIP_WRITE
</UL>
<BR>[Calls]<UL><LI><a href="#[cf]">&gt;&gt;</a>&nbsp;&nbsp;&nbsp;disconnect
</UL>
<BR>[Address Reference Count : 1]<UL><LI> mqtt_interface.o(i.NewNetwork)
</UL>
<P><STRONG><a name="[39]"></a>w5x00_read</STRONG> (Thumb, 52 bytes, Stack size 16 bytes, mqtt_interface.o(i.w5x00_read))
<BR><BR>[Stack]<UL><LI>Max Depth = 128<LI>Call Chain = w5x00_read &rArr; recv &rArr; wiz_recv_data &rArr; WIZCHIP_READ_BUF
</UL>
<BR>[Calls]<UL><LI><a href="#[d0]">&gt;&gt;</a>&nbsp;&nbsp;&nbsp;getSn_RX_RSR
<LI><a href="#[6f]">&gt;&gt;</a>&nbsp;&nbsp;&nbsp;WIZCHIP_READ
<LI><a href="#[ea]">&gt;&gt;</a>&nbsp;&nbsp;&nbsp;recv
</UL>
<BR>[Address Reference Count : 1]<UL><LI> mqtt_interface.o(i.NewNetwork)
</UL>
<P><STRONG><a name="[3a]"></a>w5x00_write</STRONG> (Thumb, 44 bytes, Stack size 16 bytes, mqtt_interface.o(i.w5x00_write))
<BR><BR>[Stack]<UL><LI>Max Depth = 112<LI>Call Chain = w5x00_write &rArr; send &rArr; wiz_send_data &rArr; WIZCHIP_WRITE
</UL>
<BR>[Calls]<UL><LI><a href="#[6f]">&gt;&gt;</a>&nbsp;&nbsp;&nbsp;WIZCHIP_READ
<LI><a href="#[ed]">&gt;&gt;</a>&nbsp;&nbsp;&nbsp;send
</UL>
<BR>[Address Reference Count : 1]<UL><LI> mqtt_interface.o(i.NewNetwork)
</UL>
<P><STRONG><a name="[95]"></a>waitfor</STRONG> (Thumb, 42 bytes, Stack size 24 bytes, mqttclient.o(i.waitfor))
<BR><BR>[Stack]<UL><LI>Max Depth = 168<LI>Call Chain = waitfor &rArr; cycle &rArr; MQTTDeserialize_publish &rArr; MQTTPacket_decodeBuf &rArr; MQTTPacket_decode
</UL>
<BR>[Calls]<UL><LI><a href="#[de]">&gt;&gt;</a>&nbsp;&nbsp;&nbsp;TimerIsExpired
<LI><a href="#[b6]">&gt;&gt;</a>&nbsp;&nbsp;&nbsp;cycle
</UL>
<BR>[Called By]<UL><LI><a href="#[b4]">&gt;&gt;</a>&nbsp;&nbsp;&nbsp;MQTTSubscribe
<LI><a href="#[a2]">&gt;&gt;</a>&nbsp;&nbsp;&nbsp;MQTTPublish
<LI><a href="#[8f]">&gt;&gt;</a>&nbsp;&nbsp;&nbsp;MQTTConnect
</UL>

<P><STRONG><a name="[eb]"></a>wiz_recv_data</STRONG> (Thumb, 96 bytes, Stack size 32 bytes, w5500.o(i.wiz_recv_data))
<BR><BR>[Stack]<UL><LI>Max Depth = 64<LI>Call Chain = wiz_recv_data &rArr; WIZCHIP_READ_BUF
</UL>
<BR>[Calls]<UL><LI><a href="#[c8]">&gt;&gt;</a>&nbsp;&nbsp;&nbsp;WIZCHIP_WRITE
<LI><a href="#[6b]">&gt;&gt;</a>&nbsp;&nbsp;&nbsp;WIZCHIP_READ_BUF
<LI><a href="#[6f]">&gt;&gt;</a>&nbsp;&nbsp;&nbsp;WIZCHIP_READ
</UL>
<BR>[Called By]<UL><LI><a href="#[e7]">&gt;&gt;</a>&nbsp;&nbsp;&nbsp;recvfrom
<LI><a href="#[ea]">&gt;&gt;</a>&nbsp;&nbsp;&nbsp;recv
</UL>

<P><STRONG><a name="[ec]"></a>wiz_recv_ignore</STRONG> (Thumb, 66 bytes, Stack size 24 bytes, w5500.o(i.wiz_recv_ignore))
<BR><BR>[Stack]<UL><LI>Max Depth = 48<LI>Call Chain = wiz_recv_ignore &rArr; WIZCHIP_WRITE
</UL>
<BR>[Calls]<UL><LI><a href="#[c8]">&gt;&gt;</a>&nbsp;&nbsp;&nbsp;WIZCHIP_WRITE
<LI><a href="#[6f]">&gt;&gt;</a>&nbsp;&nbsp;&nbsp;WIZCHIP_READ
</UL>
<BR>[Called By]<UL><LI><a href="#[e7]">&gt;&gt;</a>&nbsp;&nbsp;&nbsp;recvfrom
</UL>

<P><STRONG><a name="[ee]"></a>wiz_send_data</STRONG> (Thumb, 96 bytes, Stack size 32 bytes, w5500.o(i.wiz_send_data))
<BR><BR>[Stack]<UL><LI>Max Depth = 56<LI>Call Chain = wiz_send_data &rArr; WIZCHIP_WRITE
</UL>
<BR>[Calls]<UL><LI><a href="#[c8]">&gt;&gt;</a>&nbsp;&nbsp;&nbsp;WIZCHIP_WRITE
<LI><a href="#[6f]">&gt;&gt;</a>&nbsp;&nbsp;&nbsp;WIZCHIP_READ
<LI><a href="#[6c]">&gt;&gt;</a>&nbsp;&nbsp;&nbsp;WIZCHIP_WRITE_BUF
</UL>
<BR>[Called By]<UL><LI><a href="#[c9]">&gt;&gt;</a>&nbsp;&nbsp;&nbsp;sendto
<LI><a href="#[ed]">&gt;&gt;</a>&nbsp;&nbsp;&nbsp;send
</UL>

<P><STRONG><a name="[51]"></a>wizchip_bus_readdata</STRONG> (Thumb, 4 bytes, Stack size 0 bytes, wizchip_conf.o(i.wizchip_bus_readdata))
<BR>[Address Reference Count : 1]<UL><LI> wizchip_conf.o(.data)
</UL>
<P><STRONG><a name="[52]"></a>wizchip_bus_writedata</STRONG> (Thumb, 4 bytes, Stack size 0 bytes, wizchip_conf.o(i.wizchip_bus_writedata))
<BR>[Address Reference Count : 1]<UL><LI> wizchip_conf.o(.data)
</UL>
<P><STRONG><a name="[4f]"></a>wizchip_cris_enter</STRONG> (Thumb, 2 bytes, Stack size 0 bytes, wizchip_conf.o(i.wizchip_cris_enter))
<BR>[Address Reference Count : 1]<UL><LI> wizchip_conf.o(.data)
</UL>
<P><STRONG><a name="[50]"></a>wizchip_cris_exit</STRONG> (Thumb, 2 bytes, Stack size 0 bytes, wizchip_conf.o(i.wizchip_cris_exit))
<BR>[Address Reference Count : 1]<UL><LI> wizchip_conf.o(.data)
</UL>
<P><STRONG><a name="[4a]"></a>wizchip_cs_deselect</STRONG> (Thumb, 2 bytes, Stack size 0 bytes, wizchip_conf.o(i.wizchip_cs_deselect))
<BR>[Address Reference Count : 2]<UL><LI> wizchip_conf.o(i.reg_wizchip_cs_cbfunc)
<LI> wizchip_conf.o(.data)
</UL>
<P><STRONG><a name="[49]"></a>wizchip_cs_select</STRONG> (Thumb, 2 bytes, Stack size 0 bytes, wizchip_conf.o(i.wizchip_cs_select))
<BR>[Address Reference Count : 2]<UL><LI> wizchip_conf.o(i.reg_wizchip_cs_cbfunc)
<LI> wizchip_conf.o(.data)
</UL>
<P><STRONG><a name="[d6]"></a>wizchip_init</STRONG> (Thumb, 122 bytes, Stack size 24 bytes, wizchip_conf.o(i.wizchip_init))
<BR><BR>[Stack]<UL><LI>Max Depth = 96<LI>Call Chain = wizchip_init &rArr; wizchip_sw_reset &rArr; WIZCHIP_READ_BUF
</UL>
<BR>[Calls]<UL><LI><a href="#[c8]">&gt;&gt;</a>&nbsp;&nbsp;&nbsp;WIZCHIP_WRITE
<LI><a href="#[f0]">&gt;&gt;</a>&nbsp;&nbsp;&nbsp;wizchip_sw_reset
</UL>
<BR>[Called By]<UL><LI><a href="#[d2]">&gt;&gt;</a>&nbsp;&nbsp;&nbsp;init
</UL>

<P><STRONG><a name="[dc]"></a>wizchip_setnetinfo</STRONG> (Thumb, 82 bytes, Stack size 8 bytes, wizchip_conf.o(i.wizchip_setnetinfo))
<BR><BR>[Stack]<UL><LI>Max Depth = 32<LI>Call Chain = wizchip_setnetinfo &rArr; WIZCHIP_WRITE_BUF
</UL>
<BR>[Calls]<UL><LI><a href="#[6c]">&gt;&gt;</a>&nbsp;&nbsp;&nbsp;WIZCHIP_WRITE_BUF
</UL>
<BR>[Called By]<UL><LI><a href="#[d2]">&gt;&gt;</a>&nbsp;&nbsp;&nbsp;init
</UL>

<P><STRONG><a name="[4d]"></a>wizchip_spi_readburst</STRONG> (Thumb, 2 bytes, Stack size 0 bytes, wizchip_conf.o(i.wizchip_spi_readburst))
<BR>[Address Reference Count : 1]<UL><LI> wizchip_conf.o(i.reg_wizchip_spiburst_cbfunc)
</UL>
<P><STRONG><a name="[4b]"></a>wizchip_spi_readbyte</STRONG> (Thumb, 4 bytes, Stack size 0 bytes, wizchip_conf.o(i.wizchip_spi_readbyte))
<BR>[Address Reference Count : 1]<UL><LI> wizchip_conf.o(i.reg_wizchip_spi_cbfunc)
</UL>
<P><STRONG><a name="[4e]"></a>wizchip_spi_writeburst</STRONG> (Thumb, 2 bytes, Stack size 0 bytes, wizchip_conf.o(i.wizchip_spi_writeburst))
<BR>[Address Reference Count : 1]<UL><LI> wizchip_conf.o(i.reg_wizchip_spiburst_cbfunc)
</UL>
<P><STRONG><a name="[4c]"></a>wizchip_spi_writebyte</STRONG> (Thumb, 2 bytes, Stack size 0 bytes, wizchip_conf.o(i.wizchip_spi_writebyte))
<BR>[Address Reference Count : 1]<UL><LI> wizchip_conf.o(i.reg_wizchip_spi_cbfunc)
</UL>
<P><STRONG><a name="[f0]"></a>wizchip_sw_reset</STRONG> (Thumb, 116 bytes, Stack size 40 bytes, wizchip_conf.o(i.wizchip_sw_reset))
<BR><BR>[Stack]<UL><LI>Max Depth = 72<LI>Call Chain = wizchip_sw_reset &rArr; WIZCHIP_READ_BUF
</UL>
<BR>[Calls]<UL><LI><a href="#[c8]">&gt;&gt;</a>&nbsp;&nbsp;&nbsp;WIZCHIP_WRITE
<LI><a href="#[6b]">&gt;&gt;</a>&nbsp;&nbsp;&nbsp;WIZCHIP_READ_BUF
<LI><a href="#[6f]">&gt;&gt;</a>&nbsp;&nbsp;&nbsp;WIZCHIP_READ
<LI><a href="#[6c]">&gt;&gt;</a>&nbsp;&nbsp;&nbsp;WIZCHIP_WRITE_BUF
</UL>
<BR>[Called By]<UL><LI><a href="#[d6]">&gt;&gt;</a>&nbsp;&nbsp;&nbsp;wizchip_init
</UL>

<P><STRONG><a name="[ab]"></a>writeCString</STRONG> (Thumb, 40 bytes, Stack size 16 bytes, mqttpacket.o(i.writeCString))
<BR><BR>[Stack]<UL><LI>Max Depth = 24<LI>Call Chain = writeCString &rArr; writeInt
</UL>
<BR>[Calls]<UL><LI><a href="#[a8]">&gt;&gt;</a>&nbsp;&nbsp;&nbsp;writeInt
<LI><a href="#[a0]">&gt;&gt;</a>&nbsp;&nbsp;&nbsp;strlen
<LI><a href="#[b1]">&gt;&gt;</a>&nbsp;&nbsp;&nbsp;__aeabi_memcpy
</UL>
<BR>[Called By]<UL><LI><a href="#[93]">&gt;&gt;</a>&nbsp;&nbsp;&nbsp;MQTTSerialize_connect
<LI><a href="#[ac]">&gt;&gt;</a>&nbsp;&nbsp;&nbsp;writeMQTTString
</UL>

<P><STRONG><a name="[a6]"></a>writeChar</STRONG> (Thumb, 12 bytes, Stack size 0 bytes, mqttpacket.o(i.writeChar))
<BR><BR>[Called By]<UL><LI><a href="#[b2]">&gt;&gt;</a>&nbsp;&nbsp;&nbsp;MQTTSerialize_subscribe
<LI><a href="#[a4]">&gt;&gt;</a>&nbsp;&nbsp;&nbsp;MQTTSerialize_publish
<LI><a href="#[93]">&gt;&gt;</a>&nbsp;&nbsp;&nbsp;MQTTSerialize_connect
<LI><a href="#[a5]">&gt;&gt;</a>&nbsp;&nbsp;&nbsp;MQTTSerialize_ack
<LI><a href="#[af]">&gt;&gt;</a>&nbsp;&nbsp;&nbsp;MQTTSerialize_zero
</UL>

<P><STRONG><a name="[a8]"></a>writeInt</STRONG> (Thumb, 30 bytes, Stack size 8 bytes, mqttpacket.o(i.writeInt))
<BR><BR>[Stack]<UL><LI>Max Depth = 8<LI>Call Chain = writeInt
</UL>
<BR>[Called By]<UL><LI><a href="#[b2]">&gt;&gt;</a>&nbsp;&nbsp;&nbsp;MQTTSerialize_subscribe
<LI><a href="#[a4]">&gt;&gt;</a>&nbsp;&nbsp;&nbsp;MQTTSerialize_publish
<LI><a href="#[93]">&gt;&gt;</a>&nbsp;&nbsp;&nbsp;MQTTSerialize_connect
<LI><a href="#[a5]">&gt;&gt;</a>&nbsp;&nbsp;&nbsp;MQTTSerialize_ack
<LI><a href="#[ac]">&gt;&gt;</a>&nbsp;&nbsp;&nbsp;writeMQTTString
<LI><a href="#[ab]">&gt;&gt;</a>&nbsp;&nbsp;&nbsp;writeCString
</UL>

<P><STRONG><a name="[ac]"></a>writeMQTTString</STRONG> (Thumb, 54 bytes, Stack size 16 bytes, mqttpacket.o(i.writeMQTTString))
<BR><BR>[Stack]<UL><LI>Max Depth = 40<LI>Call Chain = writeMQTTString &rArr; writeCString &rArr; writeInt
</UL>
<BR>[Calls]<UL><LI><a href="#[a8]">&gt;&gt;</a>&nbsp;&nbsp;&nbsp;writeInt
<LI><a href="#[ab]">&gt;&gt;</a>&nbsp;&nbsp;&nbsp;writeCString
<LI><a href="#[b1]">&gt;&gt;</a>&nbsp;&nbsp;&nbsp;__aeabi_memcpy
</UL>
<BR>[Called By]<UL><LI><a href="#[b2]">&gt;&gt;</a>&nbsp;&nbsp;&nbsp;MQTTSerialize_subscribe
<LI><a href="#[a4]">&gt;&gt;</a>&nbsp;&nbsp;&nbsp;MQTTSerialize_publish
<LI><a href="#[93]">&gt;&gt;</a>&nbsp;&nbsp;&nbsp;MQTTSerialize_connect
</UL>
<P>
<H3>
Local Symbols
</H3>
<P><STRONG><a name="[b7]"></a>MX_GPIO_Init</STRONG> (Thumb, 212 bytes, Stack size 56 bytes, main.o(i.MX_GPIO_Init))
<BR><BR>[Stack]<UL><LI>Max Depth = 96<LI>Call Chain = MX_GPIO_Init &rArr; HAL_GPIO_Init
</UL>
<BR>[Calls]<UL><LI><a href="#[b8]">&gt;&gt;</a>&nbsp;&nbsp;&nbsp;HAL_GPIO_WritePin
<LI><a href="#[82]">&gt;&gt;</a>&nbsp;&nbsp;&nbsp;HAL_GPIO_Init
</UL>
<BR>[Called By]<UL><LI><a href="#[35]">&gt;&gt;</a>&nbsp;&nbsp;&nbsp;main
</UL>

<P><STRONG><a name="[b9]"></a>MX_SPI2_Init</STRONG> (Thumb, 44 bytes, Stack size 0 bytes, main.o(i.MX_SPI2_Init))
<BR><BR>[Stack]<UL><LI>Max Depth = 88<LI>Call Chain = MX_SPI2_Init &rArr; HAL_SPI_Init &rArr; HAL_SPI_MspInit &rArr; HAL_GPIO_Init
</UL>
<BR>[Calls]<UL><LI><a href="#[80]">&gt;&gt;</a>&nbsp;&nbsp;&nbsp;HAL_SPI_Init
</UL>
<BR>[Called By]<UL><LI><a href="#[35]">&gt;&gt;</a>&nbsp;&nbsp;&nbsp;main
</UL>

<P><STRONG><a name="[a3]"></a>getNextPacketId</STRONG> (Thumb, 22 bytes, Stack size 0 bytes, mqttclient.o(i.getNextPacketId))
<BR><BR>[Called By]<UL><LI><a href="#[b4]">&gt;&gt;</a>&nbsp;&nbsp;&nbsp;MQTTSubscribe
<LI><a href="#[a2]">&gt;&gt;</a>&nbsp;&nbsp;&nbsp;MQTTPublish
</UL>

<P><STRONG><a name="[cc]"></a>readPacket</STRONG> (Thumb, 160 bytes, Stack size 48 bytes, mqttclient.o(i.readPacket))
<BR><BR>[Stack]<UL><LI>Max Depth = 56<LI>Call Chain = readPacket &rArr; MQTTPacket_encode
</UL>
<BR>[Calls]<UL><LI><a href="#[e9]">&gt;&gt;</a>&nbsp;&nbsp;&nbsp;TimerLeftMS
<LI><a href="#[a7]">&gt;&gt;</a>&nbsp;&nbsp;&nbsp;MQTTPacket_encode
</UL>
<BR>[Called By]<UL><LI><a href="#[b6]">&gt;&gt;</a>&nbsp;&nbsp;&nbsp;cycle
</UL>

<P><STRONG><a name="[94]"></a>sendPacket</STRONG> (Thumb, 84 bytes, Stack size 24 bytes, mqttclient.o(i.sendPacket))
<BR><BR>[Stack]<UL><LI>Max Depth = 24<LI>Call Chain = sendPacket
</UL>
<BR>[Calls]<UL><LI><a href="#[e9]">&gt;&gt;</a>&nbsp;&nbsp;&nbsp;TimerLeftMS
<LI><a href="#[de]">&gt;&gt;</a>&nbsp;&nbsp;&nbsp;TimerIsExpired
<LI><a href="#[92]">&gt;&gt;</a>&nbsp;&nbsp;&nbsp;TimerCountdown
</UL>
<BR>[Called By]<UL><LI><a href="#[ce]">&gt;&gt;</a>&nbsp;&nbsp;&nbsp;keepalive
<LI><a href="#[b6]">&gt;&gt;</a>&nbsp;&nbsp;&nbsp;cycle
<LI><a href="#[b4]">&gt;&gt;</a>&nbsp;&nbsp;&nbsp;MQTTSubscribe
<LI><a href="#[a2]">&gt;&gt;</a>&nbsp;&nbsp;&nbsp;MQTTPublish
<LI><a href="#[8f]">&gt;&gt;</a>&nbsp;&nbsp;&nbsp;MQTTConnect
</UL>

<P><STRONG><a name="[85]"></a>SPI_EndRxTransaction</STRONG> (Thumb, 92 bytes, Stack size 24 bytes, stm32f1xx_hal_spi.o(i.SPI_EndRxTransaction))
<BR><BR>[Stack]<UL><LI>Max Depth = 48<LI>Call Chain = SPI_EndRxTransaction &rArr; SPI_WaitFlagStateUntilTimeout
</UL>
<BR>[Calls]<UL><LI><a href="#[ba]">&gt;&gt;</a>&nbsp;&nbsp;&nbsp;SPI_WaitFlagStateUntilTimeout
</UL>
<BR>[Called By]<UL><LI><a href="#[83]">&gt;&gt;</a>&nbsp;&nbsp;&nbsp;HAL_SPI_Receive
</UL>

<P><STRONG><a name="[87]"></a>SPI_EndRxTxTransaction</STRONG> (Thumb, 32 bytes, Stack size 16 bytes, stm32f1xx_hal_spi.o(i.SPI_EndRxTxTransaction))
<BR><BR>[Stack]<UL><LI>Max Depth = 40<LI>Call Chain = SPI_EndRxTxTransaction &rArr; SPI_WaitFlagStateUntilTimeout
</UL>
<BR>[Calls]<UL><LI><a href="#[ba]">&gt;&gt;</a>&nbsp;&nbsp;&nbsp;SPI_WaitFlagStateUntilTimeout
</UL>
<BR>[Called By]<UL><LI><a href="#[86]">&gt;&gt;</a>&nbsp;&nbsp;&nbsp;HAL_SPI_Transmit
<LI><a href="#[84]">&gt;&gt;</a>&nbsp;&nbsp;&nbsp;HAL_SPI_TransmitReceive
</UL>

<P><STRONG><a name="[ba]"></a>SPI_WaitFlagStateUntilTimeout</STRONG> (Thumb, 148 bytes, Stack size 24 bytes, stm32f1xx_hal_spi.o(i.SPI_WaitFlagStateUntilTimeout))
<BR><BR>[Stack]<UL><LI>Max Depth = 24<LI>Call Chain = SPI_WaitFlagStateUntilTimeout
</UL>
<BR>[Calls]<UL><LI><a href="#[7d]">&gt;&gt;</a>&nbsp;&nbsp;&nbsp;HAL_GetTick
</UL>
<BR>[Called By]<UL><LI><a href="#[87]">&gt;&gt;</a>&nbsp;&nbsp;&nbsp;SPI_EndRxTxTransaction
<LI><a href="#[85]">&gt;&gt;</a>&nbsp;&nbsp;&nbsp;SPI_EndRxTransaction
</UL>

<P><STRONG><a name="[7b]"></a>__NVIC_SetPriority</STRONG> (Thumb, 32 bytes, Stack size 0 bytes, stm32f1xx_hal_cortex.o(i.__NVIC_SetPriority))
<BR><BR>[Called By]<UL><LI><a href="#[79]">&gt;&gt;</a>&nbsp;&nbsp;&nbsp;HAL_SYSTICK_Config
<LI><a href="#[7a]">&gt;&gt;</a>&nbsp;&nbsp;&nbsp;HAL_NVIC_SetPriority
</UL>

<P><STRONG><a name="[8a]"></a>UART_SetConfig</STRONG> (Thumb, 178 bytes, Stack size 24 bytes, stm32f1xx_hal_uart.o(i.UART_SetConfig))
<BR><BR>[Stack]<UL><LI>Max Depth = 24<LI>Call Chain = UART_SetConfig
</UL>
<BR>[Calls]<UL><LI><a href="#[bf]">&gt;&gt;</a>&nbsp;&nbsp;&nbsp;HAL_RCC_GetPCLK2Freq
<LI><a href="#[c0]">&gt;&gt;</a>&nbsp;&nbsp;&nbsp;HAL_RCC_GetPCLK1Freq
</UL>
<BR>[Called By]<UL><LI><a href="#[88]">&gt;&gt;</a>&nbsp;&nbsp;&nbsp;HAL_UART_Init
</UL>

<P><STRONG><a name="[8c]"></a>UART_WaitOnFlagUntilTimeout</STRONG> (Thumb, 100 bytes, Stack size 24 bytes, stm32f1xx_hal_uart.o(i.UART_WaitOnFlagUntilTimeout))
<BR><BR>[Stack]<UL><LI>Max Depth = 24<LI>Call Chain = UART_WaitOnFlagUntilTimeout
</UL>
<BR>[Calls]<UL><LI><a href="#[7d]">&gt;&gt;</a>&nbsp;&nbsp;&nbsp;HAL_GetTick
</UL>
<BR>[Called By]<UL><LI><a href="#[8b]">&gt;&gt;</a>&nbsp;&nbsp;&nbsp;HAL_UART_Transmit
</UL>

<P><STRONG><a name="[c3]"></a>_fp_digits</STRONG> (Thumb, 366 bytes, Stack size 64 bytes, printfa.o(i._fp_digits), UNUSED)
<BR><BR>[Calls]<UL><LI><a href="#[58]">&gt;&gt;</a>&nbsp;&nbsp;&nbsp;__aeabi_uldivmod
<LI><a href="#[61]">&gt;&gt;</a>&nbsp;&nbsp;&nbsp;__aeabi_dmul
<LI><a href="#[62]">&gt;&gt;</a>&nbsp;&nbsp;&nbsp;__aeabi_ddiv
<LI><a href="#[5b]">&gt;&gt;</a>&nbsp;&nbsp;&nbsp;__aeabi_dadd
<LI><a href="#[63]">&gt;&gt;</a>&nbsp;&nbsp;&nbsp;__aeabi_d2ulz
<LI><a href="#[c4]">&gt;&gt;</a>&nbsp;&nbsp;&nbsp;__aeabi_cdrcmple
</UL>
<BR>[Called By]<UL><LI><a href="#[c2]">&gt;&gt;</a>&nbsp;&nbsp;&nbsp;_printf_core
</UL>

<P><STRONG><a name="[c2]"></a>_printf_core</STRONG> (Thumb, 1744 bytes, Stack size 136 bytes, printfa.o(i._printf_core), UNUSED)
<BR><BR>[Calls]<UL><LI><a href="#[58]">&gt;&gt;</a>&nbsp;&nbsp;&nbsp;__aeabi_uldivmod
<LI><a href="#[c7]">&gt;&gt;</a>&nbsp;&nbsp;&nbsp;__aeabi_uidivmod
<LI><a href="#[c5]">&gt;&gt;</a>&nbsp;&nbsp;&nbsp;_printf_pre_padding
<LI><a href="#[c6]">&gt;&gt;</a>&nbsp;&nbsp;&nbsp;_printf_post_padding
<LI><a href="#[c3]">&gt;&gt;</a>&nbsp;&nbsp;&nbsp;_fp_digits
</UL>
<BR>[Called By]<UL><LI><a href="#[c1]">&gt;&gt;</a>&nbsp;&nbsp;&nbsp;__0vsnprintf
</UL>

<P><STRONG><a name="[c6]"></a>_printf_post_padding</STRONG> (Thumb, 36 bytes, Stack size 24 bytes, printfa.o(i._printf_post_padding), UNUSED)
<BR><BR>[Called By]<UL><LI><a href="#[c2]">&gt;&gt;</a>&nbsp;&nbsp;&nbsp;_printf_core
</UL>

<P><STRONG><a name="[c5]"></a>_printf_pre_padding</STRONG> (Thumb, 46 bytes, Stack size 24 bytes, printfa.o(i._printf_pre_padding), UNUSED)
<BR><BR>[Called By]<UL><LI><a href="#[c2]">&gt;&gt;</a>&nbsp;&nbsp;&nbsp;_printf_core
</UL>

<P><STRONG><a name="[3c]"></a>_snputc</STRONG> (Thumb, 22 bytes, Stack size 0 bytes, printfa.o(i._snputc))
<BR>[Address Reference Count : 1]<UL><LI> printfa.o(i.__0vsnprintf)
</UL><P>
<H3>
Undefined Global Symbols
</H3><HR></body></html>
