Component: ARM Compiler 5.06 update 6 (build 750) Tool: armlink [4d35ed]

==============================================================================

Section Cross References

    main.o(i.Callback_IPAssigned) refers to dhcp.o(i.getDHCPLeasetime) for getDHCPLeasetime
    main.o(i.Callback_IPAssigned) refers to main.o(i.UART_Printf) for UART_Printf
    main.o(i.Callback_IPAssigned) refers to main.o(.data) for .data
    main.o(i.Callback_IPConflict) refers to main.o(i.UART_Printf) for UART_Printf
    main.o(i.MX_GPIO_Init) refers to stm32f1xx_hal_gpio.o(i.HAL_GPIO_WritePin) for HAL_GPIO_WritePin
    main.o(i.MX_GPIO_Init) refers to stm32f1xx_hal_gpio.o(i.HAL_GPIO_Init) for HAL_GPIO_Init
    main.o(i.MX_SPI2_Init) refers to stm32f1xx_hal_spi.o(i.HAL_SPI_Init) for HAL_SPI_Init
    main.o(i.MX_SPI2_Init) refers to main.o(.bss) for .bss
    main.o(i.SystemClock_Config) refers to memseta.o(.text) for __aeabi_memclr4
    main.o(i.SystemClock_Config) refers to stm32f1xx_hal_rcc.o(i.HAL_RCC_OscConfig) for HAL_RCC_OscConfig
    main.o(i.SystemClock_Config) refers to stm32f1xx_hal_rcc.o(i.HAL_RCC_ClockConfig) for HAL_RCC_ClockConfig
    main.o(i.UART_Printf) refers to printfa.o(i.__0vsnprintf) for vsnprintf
    main.o(i.UART_Printf) refers to strlen.o(.text) for strlen
    main.o(i.UART_Printf) refers to stm32f1xx_hal_uart.o(i.HAL_UART_Transmit) for HAL_UART_Transmit
    main.o(i.UART_Printf) refers to main.o(.bss) for .bss
    main.o(i.W5500_ReadBuff) refers to stm32f1xx_hal_spi.o(i.HAL_SPI_Receive) for HAL_SPI_Receive
    main.o(i.W5500_ReadBuff) refers to main.o(.bss) for .bss
    main.o(i.W5500_ReadByte) refers to main.o(i.W5500_ReadBuff) for W5500_ReadBuff
    main.o(i.W5500_Select) refers to stm32f1xx_hal_gpio.o(i.HAL_GPIO_WritePin) for HAL_GPIO_WritePin
    main.o(i.W5500_Unselect) refers to stm32f1xx_hal_gpio.o(i.HAL_GPIO_WritePin) for HAL_GPIO_WritePin
    main.o(i.W5500_WriteBuff) refers to stm32f1xx_hal_spi.o(i.HAL_SPI_Transmit) for HAL_SPI_Transmit
    main.o(i.W5500_WriteBuff) refers to main.o(.bss) for .bss
    main.o(i.W5500_WriteByte) refers to main.o(i.W5500_WriteBuff) for W5500_WriteBuff
    main.o(i.init) refers to main.o(i.UART_Printf) for UART_Printf
    main.o(i.init) refers to wizchip_conf.o(i.reg_wizchip_cs_cbfunc) for reg_wizchip_cs_cbfunc
    main.o(i.init) refers to wizchip_conf.o(i.reg_wizchip_spi_cbfunc) for reg_wizchip_spi_cbfunc
    main.o(i.init) refers to wizchip_conf.o(i.reg_wizchip_spiburst_cbfunc) for reg_wizchip_spiburst_cbfunc
    main.o(i.init) refers to wizchip_conf.o(i.wizchip_init) for wizchip_init
    main.o(i.init) refers to memcpya.o(.text) for __aeabi_memcpy4
    main.o(i.init) refers to w5500.o(i.WIZCHIP_WRITE_BUF) for WIZCHIP_WRITE_BUF
    main.o(i.init) refers to dhcp.o(i.DHCP_init) for DHCP_init
    main.o(i.init) refers to dhcp.o(i.reg_dhcp_cbfunc) for reg_dhcp_cbfunc
    main.o(i.init) refers to dhcp.o(i.DHCP_run) for DHCP_run
    main.o(i.init) refers to dhcp.o(i.getIPfromDHCP) for getIPfromDHCP
    main.o(i.init) refers to dhcp.o(i.getGWfromDHCP) for getGWfromDHCP
    main.o(i.init) refers to dhcp.o(i.getSNfromDHCP) for getSNfromDHCP
    main.o(i.init) refers to dhcp.o(i.getDNSfromDHCP) for getDNSfromDHCP
    main.o(i.init) refers to wizchip_conf.o(i.wizchip_setnetinfo) for wizchip_setnetinfo
    main.o(i.init) refers to dns.o(i.DNS_init) for DNS_init
    main.o(i.init) refers to main.o(i.W5500_Unselect) for W5500_Unselect
    main.o(i.init) refers to main.o(i.W5500_Select) for W5500_Select
    main.o(i.init) refers to main.o(i.W5500_WriteByte) for W5500_WriteByte
    main.o(i.init) refers to main.o(i.W5500_ReadByte) for W5500_ReadByte
    main.o(i.init) refers to main.o(i.W5500_WriteBuff) for W5500_WriteBuff
    main.o(i.init) refers to main.o(i.W5500_ReadBuff) for W5500_ReadBuff
    main.o(i.init) refers to main.o(.constdata) for .constdata
    main.o(i.init) refers to main.o(.bss) for .bss
    main.o(i.init) refers to main.o(i.Callback_IPConflict) for Callback_IPConflict
    main.o(i.init) refers to main.o(i.Callback_IPAssigned) for Callback_IPAssigned
    main.o(i.init) refers to main.o(.data) for .data
    main.o(i.init) refers to main.o(.conststring) for .conststring
    main.o(i.loop) refers to stm32f1xx_hal.o(i.HAL_Delay) for HAL_Delay
    main.o(i.main) refers to stm32f1xx_hal.o(i.HAL_Init) for HAL_Init
    main.o(i.main) refers to main.o(i.SystemClock_Config) for SystemClock_Config
    main.o(i.main) refers to main.o(i.MX_GPIO_Init) for MX_GPIO_Init
    main.o(i.main) refers to main.o(i.MX_SPI2_Init) for MX_SPI2_Init
    main.o(i.main) refers to stm32f1xx_hal_uart.o(i.HAL_UART_Init) for HAL_UART_Init
    main.o(i.main) refers to main.o(i.init) for init
    main.o(i.main) refers to mqtt_interface.o(i.NewNetwork) for NewNetwork
    main.o(i.main) refers to mqtt_interface.o(i.ConnectNetwork) for ConnectNetwork
    main.o(i.main) refers to mqttclient.o(i.MQTTClientInit) for MQTTClientInit
[...]
    ..\w5500\wizchip_conf.c                  0x00000000   Number         0  wizchip_conf.o ABSOLUTE
    cdrcmple.s                               0x00000000   Number         0  cdrcmple.o ABSOLUTE
    dc.s                                     0x00000000   Number         0  dc.o ABSOLUTE
    handlers.s                               0x00000000   Number         0  handlers.o ABSOLUTE
    init.s                                   0x00000000   Number         0  init.o ABSOLUTE
    startup_stm32f103xb.s                    0x00000000   Number         0  startup_stm32f103xb.o ABSOLUTE
    RESET                                    0x08000000   Section      236  startup_stm32f103xb.o(RESET)
    .ARM.Collect$$$$00000000                 0x080000ec   Section        0  entry.o(.ARM.Collect$$$$00000000)
    .ARM.Collect$$$$00000001                 0x080000ec   Section        4  entry2.o(.ARM.Collect$$$$00000001)
    .ARM.Collect$$$$00000004                 0x080000f0   Section        4  entry5.o(.ARM.Collect$$$$00000004)
    .ARM.Collect$$$$00000008                 0x080000f4   Section        0  entry7b.o(.ARM.Collect$$$$00000008)
    .ARM.Collect$$$$0000000A                 0x080000f4   Section        0  entry8b.o(.ARM.Collect$$$$0000000A)
    .ARM.Collect$$$$0000000B                 0x080000f4   Section        8  entry9a.o(.ARM.Collect$$$$0000000B)
    .ARM.Collect$$$$0000000D                 0x080000fc   Section        0  entry10a.o(.ARM.Collect$$$$0000000D)
    .ARM.Collect$$$$0000000F                 0x080000fc   Section        0  entry11a.o(.ARM.Collect$$$$0000000F)
    .ARM.Collect$$$$00002712                 0x080000fc   Section        4  entry2.o(.ARM.Collect$$$$00002712)
    __lit__00000000                          0x080000fc   Data           4  entry2.o(.ARM.Collect$$$$00002712)
    .text                                    0x08000100   Section       36  startup_stm32f103xb.o(.text)
    .text                                    0x08000124   Section        0  llushr.o(.text)
    .text                                    0x08000144   Section        0  memcpya.o(.text)
    .text                                    0x08000168   Section        0  memseta.o(.text)
    .text                                    0x0800018c   Section        0  strlen.o(.text)
    .text                                    0x0800019a   Section        0  strncmp.o(.text)
    .text                                    0x080001b8   Section        0  uidiv.o(.text)
    .text                                    0x080001e4   Section        0  uldiv.o(.text)
    .text                                    0x08000246   Section        0  dadd.o(.text)
    .text                                    0x08000246   Section        0  iusefp.o(.text)
    .text                                    0x08000394   Section        0  dmul.o(.text)
    .text                                    0x08000478   Section        0  ddiv.o(.text)
    .text                                    0x08000556   Section        0  dfixul.o(.text)
    .text                                    0x08000588   Section       48  cdrcmple.o(.text)
    .text                                    0x080005b8   Section       36  init.o(.text)
    .text                                    0x080005dc   Section        0  llshl.o(.text)
    .text                                    0x080005dc   Section        0  semi.o(.text)
    .text                                    0x080005fa   Section        0  llsshr.o(.text)
    .text                                    0x0800061e   Section        0  iusesemip.o(.text)
    .text                                    0x0800061e   Section        0  depilogue.o(.text)
    i.BusFault_Handler                       0x080006d8   Section        0  stm32f1xx_it.o(i.BusFault_Handler)
    i.Callback_IPAssigned                    0x080006dc   Section        0  main.o(i.Callback_IPAssigned)
    i.Callback_IPConflict                    0x08000728   Section        0  main.o(i.Callback_IPConflict)
    i.ConnectNetwork                         0x0800074c   Section        0  mqtt_interface.o(i.ConnectNetwork)
    i.DHCP_init                              0x08000770   Section        0  dhcp.o(i.DHCP_init)
    i.DHCP_run                               0x080007f0   Section        0  dhcp.o(i.DHCP_run)
    i.DHCP_time_handler                      0x08000914   Section        0  dhcp.o(i.DHCP_time_handler)
    i.DNS_init                               0x08000924   Section        0  dns.o(i.DNS_init)
    i.DebugMon_Handler                       0x08000938   Section        0  stm32f1xx_it.o(i.DebugMon_Handler)
    i.HAL_GPIO_Init                          0x0800093c   Section        0  stm32f1xx_hal_gpio.o(i.HAL_GPIO_Init)
    i.HAL_GPIO_TogglePin                     0x08000b1c   Section        0  stm32f1xx_hal_gpio.o(i.HAL_GPIO_TogglePin)
    i.HAL_GPIO_WritePin                      0x08000b2a   Section        0  stm32f1xx_hal_gpio.o(i.HAL_GPIO_WritePin)
    i.HAL_GetTick                            0x08000b34   Section        0  stm32f1xx_hal.o(i.HAL_GetTick)
    i.HAL_IncTick                            0x08000b40   Section        0  stm32f1xx_hal.o(i.HAL_IncTick)
    i.HAL_Init                               0x08000b50   Section        0  stm32f1xx_hal.o(i.HAL_Init)
    i.HAL_InitTick                           0x08000b74   Section        0  stm32f1xx_hal.o(i.HAL_InitTick)
    i.HAL_MspInit                            0x08000bb4   Section        0  stm32f1xx_hal_msp.o(i.HAL_MspInit)
    i.HAL_NVIC_SetPriority                   0x08000bf0   Section        0  stm32f1xx_hal_cortex.o(i.HAL_NVIC_SetPriority)
    i.HAL_NVIC_SetPriorityGrouping           0x08000c30   Section        0  stm32f1xx_hal_cortex.o(i.HAL_NVIC_SetPriorityGrouping)
    i.HAL_RCC_ClockConfig                    0x08000c54   Section        0  stm32f1xx_hal_rcc.o(i.HAL_RCC_ClockConfig)
    i.HAL_RCC_GetPCLK1Freq                   0x08000d80   Section        0  stm32f1xx_hal_rcc.o(i.HAL_RCC_GetPCLK1Freq)
    i.HAL_RCC_GetPCLK2Freq                   0x08000da0   Section        0  stm32f1xx_hal_rcc.o(i.HAL_RCC_GetPCLK2Freq)
    i.HAL_RCC_GetSysClockFreq                0x08000dc0   Section        0  stm32f1xx_hal_rcc.o(i.HAL_RCC_GetSysClockFreq)
    i.HAL_RCC_OscConfig                      0x08000e2c   Section        0  stm32f1xx_hal_rcc.o(i.HAL_RCC_OscConfig)
    i.HAL_SPI_Init                           0x0800114c   Section        0  stm32f1xx_hal_spi.o(i.HAL_SPI_Init)
    i.HAL_SPI_MspInit                        0x080011c8   Section        0  stm32f1xx_hal_msp.o(i.HAL_SPI_MspInit)
    i.HAL_SPI_Receive                        0x0800123c   Section        0  stm32f1xx_hal_spi.o(i.HAL_SPI_Receive)
    i.HAL_SPI_Transmit                       0x0800138c   Section        0  stm32f1xx_hal_spi.o(i.HAL_SPI_Transmit)
    i.HAL_SPI_TransmitReceive                0x080014e8   Section        0  stm32f1xx_hal_spi.o(i.HAL_SPI_TransmitReceive)
    i.HAL_SYSTICK_Config                     0x080016ca   Section        0  stm32f1xx_hal_cortex.o(i.HAL_SYSTICK_Config)
    i.HAL_UART_Init                          0x080016f2   Section        0  stm32f1xx_hal_uart.o(i.HAL_UART_Init)
    i.HAL_UART_MspInit                       0x08001754   Section        0  stm32f1xx_hal_msp.o(i.HAL_UART_MspInit)
    i.HAL_UART_Transmit                      0x080017c4   Section        0  stm32f1xx_hal_uart.o(i.HAL_UART_Transmit)
    i.HardFault_Handler                      0x0800187e   Section        0  stm32f1xx_it.o(i.HardFault_Handler)
    i.MQTTClientInit                         0x08001880   Section        0  mqttclient.o(i.MQTTClientInit)
    i.MQTTConnect                            0x080018bc   Section        0  mqttclient.o(i.MQTTConnect)
    i.MQTTDeserialize_ack                    0x08001954   Section        0  mqttdeserializepublish.o(i.MQTTDeserialize_ack)
    i.MQTTDeserialize_connack                0x0800199c   Section        0  mqttconnectclient.o(i.MQTTDeserialize_connack)
    i.MQTTDeserialize_publish                0x080019f6   Section        0  mqttdeserializepublish.o(i.MQTTDeserialize_publish)
    i.MQTTDeserialize_suback                 0x08001a82   Section        0  mqttsubscribeclient.o(i.MQTTDeserialize_suback)
    i.MQTTPacket_decode                      0x08001afe   Section        0  mqttpacket.o(i.MQTTPacket_decode)
    i.MQTTPacket_decodeBuf                   0x08001b34   Section        0  mqttpacket.o(i.MQTTPacket_decodeBuf)
    i.MQTTPacket_encode                      0x08001b48   Section        0  mqttpacket.o(i.MQTTPacket_encode)
    i.MQTTPacket_equals                      0x08001b72   Section        0  mqttpacket.o(i.MQTTPacket_equals)
    i.MQTTPacket_len                         0x08001ba8   Section        0  mqttpacket.o(i.MQTTPacket_len)
    i.MQTTPublish                            0x08001bd0   Section        0  mqttclient.o(i.MQTTPublish)
    i.MQTTSerialize_ack                      0x08001c86   Section        0  mqttserializepublish.o(i.MQTTSerialize_ack)
    i.MQTTSerialize_connect                  0x08001cd0   Section        0  mqttconnectclient.o(i.MQTTSerialize_connect)
    i.MQTTSerialize_connectLength            0x08001de8   Section        0  mqttconnectclient.o(i.MQTTSerialize_connectLength)
    i.MQTTSerialize_pingreq                  0x08001e5e   Section        0  mqttconnectclient.o(i.MQTTSerialize_pingreq)
    i.MQTTSerialize_publish                  0x08001e64   Section        0  mqttserializepublish.o(i.MQTTSerialize_publish)
    i.MQTTSerialize_publishLength            0x08001eea   Section        0  mqttserializepublish.o(i.MQTTSerialize_publishLength)
    i.MQTTSerialize_subscribe                0x08001f08   Section        0  mqttsubscribeclient.o(i.MQTTSerialize_subscribe)
    i.MQTTSerialize_subscribeLength          0x08001f94   Section        0  mqttsubscribeclient.o(i.MQTTSerialize_subscribeLength)
    i.MQTTSerialize_zero                     0x08001fc2   Section        0  mqttconnectclient.o(i.MQTTSerialize_zero)
    i.MQTTSubscribe                          0x08001ff4   Section        0  mqttclient.o(i.MQTTSubscribe)
    i.MQTTYield                              0x080020ac   Section        0  mqttclient.o(i.MQTTYield)
    i.MQTTstrlen                             0x080020d4   Section        0  mqttpacket.o(i.MQTTstrlen)
    i.MX_GPIO_Init                           0x080020e4   Section        0  main.o(i.MX_GPIO_Init)
    MX_GPIO_Init                             0x080020e5   Thumb Code   212  main.o(i.MX_GPIO_Init)
    i.MX_SPI2_Init                           0x080021c8   Section        0  main.o(i.MX_SPI2_Init)
    MX_SPI2_Init                             0x080021c9   Thumb Code    44  main.o(i.MX_SPI2_Init)
    i.MemManage_Handler                      0x080021fc   Section        0  stm32f1xx_it.o(i.MemManage_Handler)
    i.MilliTimer_Handler                     0x08002200   Section        0  mqtt_interface.o(i.MilliTimer_Handler)
    i.NMI_Handler                            0x08002210   Section        0  stm32f1xx_it.o(i.NMI_Handler)
    i.NewNetwork                             0x08002214   Section        0  mqtt_interface.o(i.NewNetwork)
    i.NibbleToHex                            0x08002230   Section        0  dhcp.o(i.NibbleToHex)
    i.PendSV_Handler                         0x08002240   Section        0  stm32f1xx_it.o(i.PendSV_Handler)
    i.SPI_EndRxTransaction                   0x08002242   Section        0  stm32f1xx_hal_spi.o(i.SPI_EndRxTransaction)
    SPI_EndRxTransaction                     0x08002243   Thumb Code    92  stm32f1xx_hal_spi.o(i.SPI_EndRxTransaction)
    i.SPI_EndRxTxTransaction                 0x0800229e   Section        0  stm32f1xx_hal_spi.o(i.SPI_EndRxTxTransaction)
    SPI_EndRxTxTransaction                   0x0800229f   Thumb Code    32  stm32f1xx_hal_spi.o(i.SPI_EndRxTxTransaction)
    i.SPI_WaitFlagStateUntilTimeout          0x080022be   Section        0  stm32f1xx_hal_spi.o(i.SPI_WaitFlagStateUntilTimeout)
    SPI_WaitFlagStateUntilTimeout            0x080022bf   Thumb Code   148  stm32f1xx_hal_spi.o(i.SPI_WaitFlagStateUntilTimeout)
    i.SVC_Handler                            0x08002352   Section        0  stm32f1xx_it.o(i.SVC_Handler)
    i.SysTick_Handler                        0x08002354   Section        0  stm32f1xx_it.o(i.SysTick_Handler)
    i.SystemClock_Config                     0x08002358   Section        0  main.o(i.SystemClock_Config)
    i.SystemInit                             0x080023a8   Section        0  system_stm32f1xx.o(i.SystemInit)
    i.TimerCountdown                         0x080023f0   Section        0  mqtt_interface.o(i.TimerCountdown)
    i.TimerCountdownMS                       0x08002408   Section        0  mqtt_interface.o(i.TimerCountdownMS)
    i.TimerInit                              0x08002418   Section        0  mqtt_interface.o(i.TimerInit)
    i.TimerIsExpired                         0x08002420   Section        0  mqtt_interface.o(i.TimerIsExpired)
    i.TimerLeftMS                            0x08002430   Section        0  mqtt_interface.o(i.TimerLeftMS)
    i.UART_Printf                            0x08002444   Section        0  main.o(i.UART_Printf)
    i.UART_SetConfig                         0x08002478   Section        0  stm32f1xx_hal_uart.o(i.UART_SetConfig)
    UART_SetConfig                           0x08002479   Thumb Code   178  stm32f1xx_hal_uart.o(i.UART_SetConfig)
    i.UART_WaitOnFlagUntilTimeout            0x08002530   Section        0  stm32f1xx_hal_uart.o(i.UART_WaitOnFlagUntilTimeout)
    UART_WaitOnFlagUntilTimeout              0x08002531   Thumb Code   100  stm32f1xx_hal_uart.o(i.UART_WaitOnFlagUntilTimeout)
    i.UsageFault_Handler                     0x08002594   Section        0  stm32f1xx_it.o(i.UsageFault_Handler)
    i.W5500_ReadBuff                         0x08002598   Section        0  main.o(i.W5500_ReadBuff)
    i.W5500_ReadByte                         0x080025ac   Section        0  main.o(i.W5500_ReadByte)
    i.W5500_Select                           0x080025bc   Section        0  main.o(i.W5500_Select)
    i.W5500_Unselect                         0x080025cc   Section        0  main.o(i.W5500_Unselect)
    i.W5500_WriteBuff                        0x080025dc   Section        0  main.o(i.W5500_WriteBuff)
    i.W5500_WriteByte                        0x080025f0   Section        0  main.o(i.W5500_WriteByte)
    i.WIZCHIP_READ                           0x080025fc   Section        0  w5500.o(i.WIZCHIP_READ)
    i.WIZCHIP_READ_BUF                       0x08002654   Section        0  w5500.o(i.WIZCHIP_READ_BUF)
    i.WIZCHIP_WRITE                          0x080026c8   Section        0  w5500.o(i.WIZCHIP_WRITE)
    i.WIZCHIP_WRITE_BUF                      0x08002728   Section        0  w5500.o(i.WIZCHIP_WRITE_BUF)
    i.__0vsnprintf                           0x08002798   Section        0  printfa.o(i.__0vsnprintf)
    i.__NVIC_SetPriority                     0x080027c4   Section        0  stm32f1xx_hal_cortex.o(i.__NVIC_SetPriority)
    __NVIC_SetPriority                       0x080027c5   Thumb Code    32  stm32f1xx_hal_cortex.o(i.__NVIC_SetPriority)
    i.__scatterload_copy                     0x080027e4   Section       14  handlers.o(i.__scatterload_copy)
    i.__scatterload_null                     0x080027f2   Section        2  handlers.o(i.__scatterload_null)
    i.__scatterload_zeroinit                 0x080027f4   Section       14  handlers.o(i.__scatterload_zeroinit)
    i._fp_digits                             0x08002804   Section        0  printfa.o(i._fp_digits)
    _fp_digits                               0x08002805   Thumb Code   366  printfa.o(i._fp_digits)
    i._printf_core                           0x08002988   Section        0  printfa.o(i._printf_core)
    _printf_core                             0x08002989   Thumb Code  1744  printfa.o(i._printf_core)
    i._printf_post_padding                   0x08003064   Section        0  printfa.o(i._printf_post_padding)
    _printf_post_padding                     0x08003065   Thumb Code    36  printfa.o(i._printf_post_padding)
    i._printf_pre_padding                    0x08003088   Section        0  printfa.o(i._printf_pre_padding)
    _printf_pre_padding                      0x08003089   Thumb Code    46  printfa.o(i._printf_pre_padding)
    i._snputc                                0x080030b6   Section        0  printfa.o(i._snputc)
    _snputc                                  0x080030b7   Thumb Code    22  printfa.o(i._snputc)
    i.bufchar                                0x080030cc   Section        0  mqttpacket.o(i.bufchar)
    i.check_DHCP_leasedIP                    0x080030f0   Section        0  dhcp.o(i.check_DHCP_leasedIP)
    i.check_DHCP_timeout                     0x08003158   Section        0  dhcp.o(i.check_DHCP_timeout)
    i.close                                  0x080031c8   Section        0  socket.o(i.close)
    i.connect                                0x0800323c   Section        0  socket.o(i.connect)
    i.cycle                                  0x08003344   Section        0  mqttclient.o(i.cycle)
    i.default_ip_assign                      0x08003444   Section        0  dhcp.o(i.default_ip_assign)
    i.default_ip_conflict                    0x08003474   Section        0  dhcp.o(i.default_ip_conflict)
    i.default_ip_update                      0x08003498   Section        0  dhcp.o(i.default_ip_update)
    i.deliverMessage                         0x080034c0   Section        0  mqttclient.o(i.deliverMessage)
    i.disconnect                             0x08003570   Section        0  socket.o(i.disconnect)
    i.fputc                                  0x080035fc   Section        0  fputc.o(i.fputc)
    i.getDHCPLeasetime                       0x08003610   Section        0  dhcp.o(i.getDHCPLeasetime)
    i.getDNSfromDHCP                         0x0800361c   Section        0  dhcp.o(i.getDNSfromDHCP)
    i.getGWfromDHCP                          0x08003634   Section        0  dhcp.o(i.getGWfromDHCP)
    i.getIPfromDHCP                          0x0800364c   Section        0  dhcp.o(i.getIPfromDHCP)
    i.getNextPacketId                        0x08003664   Section        0  mqttclient.o(i.getNextPacketId)
    getNextPacketId                          0x08003665   Thumb Code    22  mqttclient.o(i.getNextPacketId)
    i.getSNfromDHCP                          0x0800367c   Section        0  dhcp.o(i.getSNfromDHCP)
    i.getSn_RX_RSR                           0x08003694   Section        0  w5500.o(i.getSn_RX_RSR)
    i.getSn_TX_FSR                           0x080036e0   Section        0  w5500.o(i.getSn_TX_FSR)
    i.init                                   0x0800372c   Section        0  main.o(i.init)
    i.keepalive                              0x080039a0   Section        0  mqttclient.o(i.keepalive)
    i.main                                   0x080039f0   Section        0  main.o(i.main)
    i.makeDHCPMSG                            0x08003ba4   Section        0  dhcp.o(i.makeDHCPMSG)
    i.messageArrived                         0x08003c74   Section        0  main.o(i.messageArrived)
    i.msTick_Handler                         0x08003cb4   Section        0  main.o(i.msTick_Handler)
    i.parseDHCPMSG                           0x08003ce8   Section        0  dhcp.o(i.parseDHCPMSG)
    i.putc                                   0x08003e04   Section        0  putc.o(i.putc)
    i.readChar                               0x08003e08   Section        0  mqttpacket.o(i.readChar)
    i.readInt                                0x08003e14   Section        0  mqttpacket.o(i.readInt)
    i.readMQTTLenString                      0x08003e26   Section        0  mqttpacket.o(i.readMQTTLenString)
    i.readPacket                             0x08003e5a   Section        0  mqttclient.o(i.readPacket)
    readPacket                               0x08003e5b   Thumb Code   160  mqttclient.o(i.readPacket)
    i.recv                                   0x08003efc   Section        0  socket.o(i.recv)
    i.recvfrom                               0x08003fe0   Section        0  socket.o(i.recvfrom)
    i.reg_dhcp_cbfunc                        0x080041f4   Section        0  dhcp.o(i.reg_dhcp_cbfunc)
    i.reg_wizchip_cs_cbfunc                  0x08004224   Section        0  wizchip_conf.o(i.reg_wizchip_cs_cbfunc)
    i.reg_wizchip_spi_cbfunc                 0x08004248   Section        0  wizchip_conf.o(i.reg_wizchip_spi_cbfunc)
    i.reg_wizchip_spiburst_cbfunc            0x08004274   Section        0  wizchip_conf.o(i.reg_wizchip_spiburst_cbfunc)
    i.reset_DHCP_timeout                     0x080042a0   Section        0  dhcp.o(i.reset_DHCP_timeout)
    i.send                                   0x080042b4   Section        0  socket.o(i.send)
    i.sendPacket                             0x080043d0   Section        0  mqttclient.o(i.sendPacket)
    sendPacket                               0x080043d1   Thumb Code    84  mqttclient.o(i.sendPacket)
    i.send_DHCP_DECLINE                      0x08004424   Section        0  dhcp.o(i.send_DHCP_DECLINE)
    i.send_DHCP_DISCOVER                     0x08004524   Section        0  dhcp.o(i.send_DHCP_DISCOVER)
    i.send_DHCP_REQUEST                      0x080046d8   Section        0  dhcp.o(i.send_DHCP_REQUEST)
    i.sendto                                 0x08004968   Section        0  socket.o(i.sendto)
    i.socket                                 0x08004ae8   Section        0  socket.o(i.socket)
    i.str_printf                             0x08004c04   Section        0  main.o(i.str_printf)
    i.w5x00_disconnect                       0x08004c18   Section        0  mqtt_interface.o(i.w5x00_disconnect)
    i.w5x00_read                             0x08004c1e   Section        0  mqtt_interface.o(i.w5x00_read)
    i.w5x00_write                            0x08004c52   Section        0  mqtt_interface.o(i.w5x00_write)
    i.waitfor                                0x08004c7e   Section        0  mqttclient.o(i.waitfor)
    i.wiz_recv_data                          0x08004ca8   Section        0  w5500.o(i.wiz_recv_data)
    i.wiz_recv_ignore                        0x08004d08   Section        0  w5500.o(i.wiz_recv_ignore)
    i.wiz_send_data                          0x08004d4a   Section        0  w5500.o(i.wiz_send_data)
    i.wizchip_bus_readdata                   0x08004daa   Section        0  wizchip_conf.o(i.wizchip_bus_readdata)
    i.wizchip_bus_writedata                  0x08004dae   Section        0  wizchip_conf.o(i.wizchip_bus_writedata)
    i.wizchip_cris_enter                     0x08004db2   Section        0  wizchip_conf.o(i.wizchip_cris_enter)
    i.wizchip_cris_exit                      0x08004db4   Section        0  wizchip_conf.o(i.wizchip_cris_exit)
    i.wizchip_cs_deselect                    0x08004db6   Section        0  wizchip_conf.o(i.wizchip_cs_deselect)
    i.wizchip_cs_select                      0x08004db8   Section        0  wizchip_conf.o(i.wizchip_cs_select)
    i.wizchip_init                           0x08004dba   Section        0  wizchip_conf.o(i.wizchip_init)
    i.wizchip_setnetinfo                     0x08004e34   Section        0  wizchip_conf.o(i.wizchip_setnetinfo)
    i.wizchip_spi_readburst                  0x08004e8c   Section        0  wizchip_conf.o(i.wizchip_spi_readburst)
    i.wizchip_spi_readbyte                   0x08004e8e   Section        0  wizchip_conf.o(i.wizchip_spi_readbyte)
    i.wizchip_spi_writeburst                 0x08004e92   Section        0  wizchip_conf.o(i.wizchip_spi_writeburst)
    i.wizchip_spi_writebyte                  0x08004e94   Section        0  wizchip_conf.o(i.wizchip_spi_writebyte)
    i.wizchip_sw_reset                       0x08004e96   Section        0  wizchip_conf.o(i.wizchip_sw_reset)
    i.writeCString                           0x08004f0a   Section        0  mqttpacket.o(i.writeCString)
    i.writeChar                              0x08004f32   Section        0  mqttpacket.o(i.writeChar)
    i.writeInt                               0x08004f3e   Section        0  mqttpacket.o(i.writeInt)
    i.writeMQTTString                        0x08004f5c   Section        0  mqttpacket.o(i.writeMQTTString)
    .constdata                               0x08004f94   Section      111  main.o(.constdata)
    .constdata                               0x08005004   Section       88  mqttclient.o(.constdata)
    .constdata                               0x0800505c   Section       16  system_stm32f1xx.o(.constdata)
    .constdata                               0x0800506c   Section        8  system_stm32f1xx.o(.constdata)
    .conststring                             0x08005074   Section       73  main.o(.conststring)
    .data                                    0x20000000   Section       12  main.o(.data)
    .data                                    0x2000000c   Section       74  dhcp.o(.data)
    .data                                    0x20000058   Section       12  dns.o(.data)
    retry_count                              0x20000059   Data           1  dns.o(.data)
    .data                                    0x20000064   Section       14  socket.o(.data)
    sock_any_port                            0x20000064   Data           2  socket.o(.data)
    sock_io_mode                             0x20000066   Data           2  socket.o(.data)
    sock_is_sending                          0x20000068   Data           2  socket.o(.data)
    .data                                    0x20000074   Section        4  mqtt_interface.o(.data)
    .data                                    0x20000078   Section       52  wizchip_conf.o(.data)
    _DHCP_                                   0x20000078   Data           1  wizchip_conf.o(.data)
    _DNS_                                    0x20000079   Data           4  wizchip_conf.o(.data)
    .data                                    0x200000ac   Section        4  mqttpacket.o(.data)
    bufptr                                   0x200000ac   Data           4  mqttpacket.o(.data)
    .data                                    0x200000b0   Section        4  system_stm32f1xx.o(.data)
    .data                                    0x200000b4   Section       12  stm32f1xx_hal.o(.data)
    .data                                    0x200000c0   Section        4  stdout.o(.data)
    .bss                                     0x200000c4   Section     4271  main.o(.bss)
    .bss                                     0x20001174   Section       16  socket.o(.bss)
    sock_remained_size                       0x20001174   Data          16  socket.o(.bss)
    STACK                                    0x20001188   Section     1024  startup_stm32f103xb.o(STACK)

    Global Symbols

    Symbol Name                              Value     Ov Type        Size  Object(Section)

    BuildAttributes$$THM_ISAv4$P$D$K$B$S$PE$A:L22UL41UL21$X:L11$S22US41US21$IEEE1$IW$USESV6$~STKCKD$USESV7$~SHL$OSPACE$ROPI$EBA8$MICROLIB$REQ8$PRES8$EABIv2 0x00000000   Number         0  anon$$obj.o ABSOLUTE
    __ARM_use_no_argv                        0x00000000   Number         0  main.o ABSOLUTE
    _printf_a                                0x00000000   Number         0  stubs.o ABSOLUTE
    _printf_c                                0x00000000   Number         0  stubs.o ABSOLUTE
    _printf_charcount                        0x00000000   Number         0  stubs.o ABSOLUTE
    _printf_d                                0x00000000   Number         0  stubs.o ABSOLUTE
    _printf_e                                0x00000000   Number         0  stubs.o ABSOLUTE
    _printf_f                                0x00000000   Number         0  stubs.o ABSOLUTE
    _printf_flags                            0x00000000   Number         0  stubs.o ABSOLUTE
    _printf_fp_dec                           0x00000000   Number         0  stubs.o ABSOLUTE
    _printf_fp_hex                           0x00000000   Number         0  stubs.o ABSOLUTE
    _printf_g                                0x00000000   Number         0  stubs.o ABSOLUTE
    _printf_i                                0x00000000   Number         0  stubs.o ABSOLUTE
    _printf_int_dec                          0x00000000   Number         0  stubs.o ABSOLUTE
    _printf_l                                0x00000000   Number         0  stubs.o ABSOLUTE
    _printf_lc                               0x00000000   Number         0  stubs.o ABSOLUTE
    _printf_ll                               0x00000000   Number         0  stubs.o ABSOLUTE
    _printf_lld                              0x00000000   Number         0  stubs.o ABSOLUTE
    _printf_lli                              0x00000000   Number         0  stubs.o ABSOLUTE
    _printf_llo                              0x00000000   Number         0  stubs.o ABSOLUTE
    _printf_llu                              0x00000000   Number         0  stubs.o ABSOLUTE
    _printf_llx                              0x00000000   Number         0  stubs.o ABSOLUTE
    _printf_longlong_dec                     0x00000000   Number         0  stubs.o ABSOLUTE
    _printf_longlong_hex                     0x00000000   Number         0  stubs.o ABSOLUTE
    _printf_longlong_oct                     0x00000000   Number         0  stubs.o ABSOLUTE
    _printf_ls                               0x00000000   Number         0  stubs.o ABSOLUTE
    _printf_mbtowc                           0x00000000   Number         0  stubs.o ABSOLUTE
    _printf_n                                0x00000000   Number         0  stubs.o ABSOLUTE
    _printf_o                                0x00000000   Number         0  stubs.o ABSOLUTE
    _printf_p                                0x00000000   Number         0  stubs.o ABSOLUTE
    _printf_percent                          0x00000000   Number         0  stubs.o ABSOLUTE
    _printf_pre_padding                      0x00000000   Number         0  stubs.o ABSOLUTE
    _printf_return_value                     0x00000000   Number         0  stubs.o ABSOLUTE
    _printf_s                                0x00000000   Number         0  stubs.o ABSOLUTE
    _printf_sizespec                         0x00000000   Number         0  stubs.o ABSOLUTE
    _printf_str                              0x00000000   Number         0  stubs.o ABSOLUTE
    _printf_truncate_signed                  0x00000000   Number         0  stubs.o ABSOLUTE
    _printf_truncate_unsigned                0x00000000   Number         0  stubs.o ABSOLUTE
    _printf_u                                0x00000000   Number         0  stubs.o ABSOLUTE
    _printf_wc                               0x00000000   Number         0  stubs.o ABSOLUTE
    _printf_wctomb                           0x00000000   Number         0  stubs.o ABSOLUTE
    _printf_widthprec                        0x00000000   Number         0  stubs.o ABSOLUTE
    _printf_x                                0x00000000   Number         0  stubs.o ABSOLUTE
    __cpp_initialize__aeabi_                  - Undefined Weak Reference
    __cxa_finalize                            - Undefined Weak Reference
    __decompress                              - Undefined Weak Reference
    _clock_init                               - Undefined Weak Reference
    _microlib_exit                            - Undefined Weak Reference
    __Vectors_Size                           0x000000ec   Number         0  startup_stm32f103xb.o ABSOLUTE
    __Vectors                                0x08000000   Data           4  startup_stm32f103xb.o(RESET)
    __Vectors_End                            0x080000ec   Data           0  startup_stm32f103xb.o(RESET)
    __main                                   0x080000ed   Thumb Code     0  entry.o(.ARM.Collect$$$$00000000)
    _main_stk                                0x080000ed   Thumb Code     0  entry2.o(.ARM.Collect$$$$00000001)
    _main_scatterload                        0x080000f1   Thumb Code     0  entry5.o(.ARM.Collect$$$$00000004)
    __main_after_scatterload                 0x080000f5   Thumb Code     0  entry5.o(.ARM.Collect$$$$00000004)
    _main_clock                              0x080000f5   Thumb Code     0  entry7b.o(.ARM.Collect$$$$00000008)
    _main_cpp_init                           0x080000f5   Thumb Code     0  entry8b.o(.ARM.Collect$$$$0000000A)
    _main_init                               0x080000f5   Thumb Code     0  entry9a.o(.ARM.Collect$$$$0000000B)
    __rt_final_cpp                           0x080000fd   Thumb Code     0  entry10a.o(.ARM.Collect$$$$0000000D)
    __rt_final_exit                          0x080000fd   Thumb Code     0  entry11a.o(.ARM.Collect$$$$0000000F)
    Reset_Handler                            0x08000101   Thumb Code     8  startup_stm32f103xb.o(.text)
    ADC1_2_IRQHandler                        0x0800011b   Thumb Code     0  startup_stm32f103xb.o(.text)
    CAN1_RX1_IRQHandler                      0x0800011b   Thumb Code     0  startup_stm32f103xb.o(.text)
    CAN1_SCE_IRQHandler                      0x0800011b   Thumb Code     0  startup_stm32f103xb.o(.text)
    DMA1_Channel1_IRQHandler                 0x0800011b   Thumb Code     0  startup_stm32f103xb.o(.text)
    DMA1_Channel2_IRQHandler                 0x0800011b   Thumb Code     0  startup_stm32f103xb.o(.text)
    DMA1_Channel3_IRQHandler                 0x0800011b   Thumb Code     0  startup_stm32f103xb.o(.text)
    DMA1_Channel4_IRQHandler                 0x0800011b   Thumb Code     0  startup_stm32f103xb.o(.text)
    DMA1_Channel5_IRQHandler                 0x0800011b   Thumb Code     0  startup_stm32f103xb.o(.text)
    DMA1_Channel6_IRQHandler                 0x0800011b   Thumb Code     0  startup_stm32f103xb.o(.text)
    DMA1_Channel7_IRQHandler                 0x0800011b   Thumb Code     0  startup_stm32f103xb.o(.text)
    EXTI0_IRQHandler                         0x0800011b   Thumb Code     0  startup_stm32f103xb.o(.text)
    EXTI15_10_IRQHandler                     0x0800011b   Thumb Code     0  startup_stm32f103xb.o(.text)
    EXTI1_IRQHandler                         0x0800011b   Thumb Code     0  startup_stm32f103xb.o(.text)
    EXTI2_IRQHandler                         0x0800011b   Thumb Code     0  startup_stm32f103xb.o(.text)
    EXTI3_IRQHandler                         0x0800011b   Thumb Code     0  startup_stm32f103xb.o(.text)
    EXTI4_IRQHandler                         0x0800011b   Thumb Code     0  startup_stm32f103xb.o(.text)
    EXTI9_5_IRQHandler                       0x0800011b   Thumb Code     0  startup_stm32f103xb.o(.text)
    FLASH_IRQHandler                         0x0800011b   Thumb Code     0  startup_stm32f103xb.o(.text)
    I2C1_ER_IRQHandler                       0x0800011b   Thumb Code     0  startup_stm32f103xb.o(.text)
    I2C1_EV_IRQHandler                       0x0800011b   Thumb Code     0  startup_stm32f103xb.o(.text)
    I2C2_ER_IRQHandler                       0x0800011b   Thumb Code     0  startup_stm32f103xb.o(.text)
    I2C2_EV_IRQHandler                       0x0800011b   Thumb Code     0  startup_stm32f103xb.o(.text)
    PVD_IRQHandler                           0x0800011b   Thumb Code     0  startup_stm32f103xb.o(.text)
    RCC_IRQHandler                           0x0800011b   Thumb Code     0  startup_stm32f103xb.o(.text)
    RTC_Alarm_IRQHandler                     0x0800011b   Thumb Code     0  startup_stm32f103xb.o(.text)
    RTC_IRQHandler                           0x0800011b   Thumb Code     0  startup_stm32f103xb.o(.text)
    SPI1_IRQHandler                          0x0800011b   Thumb Code     0  startup_stm32f103xb.o(.text)
    SPI2_IRQHandler                          0x0800011b   Thumb Code     0  startup_stm32f103xb.o(.text)
    TAMPER_IRQHandler                        0x0800011b   Thumb Code     0  startup_stm32f103xb.o(.text)
    TIM1_BRK_IRQHandler                      0x0800011b   Thumb Code     0  startup_stm32f103xb.o(.text)
    TIM1_CC_IRQHandler                       0x0800011b   Thumb Code     0  startup_stm32f103xb.o(.text)
    TIM1_TRG_COM_IRQHandler                  0x0800011b   Thumb Code     0  startup_stm32f103xb.o(.text)
    TIM1_UP_IRQHandler                       0x0800011b   Thumb Code     0  startup_stm32f103xb.o(.text)
    TIM2_IRQHandler                          0x0800011b   Thumb Code     0  startup_stm32f103xb.o(.text)
    TIM3_IRQHandler                          0x0800011b   Thumb Code     0  startup_stm32f103xb.o(.text)
    TIM4_IRQHandler                          0x0800011b   Thumb Code     0  startup_stm32f103xb.o(.text)
    USART1_IRQHandler                        0x0800011b   Thumb Code     0  startup_stm32f103xb.o(.text)
    USART2_IRQHandler                        0x0800011b   Thumb Code     0  startup_stm32f103xb.o(.text)
    USART3_IRQHandler                        0x0800011b   Thumb Code     0  startup_stm32f103xb.o(.text)
    USBWakeUp_IRQHandler                     0x0800011b   Thumb Code     0  startup_stm32f103xb.o(.text)
    USB_HP_CAN1_TX_IRQHandler                0x0800011b   Thumb Code     0  startup_stm32f103xb.o(.text)
    USB_LP_CAN1_RX0_IRQHandler               0x0800011b   Thumb Code     0  startup_stm32f103xb.o(.text)
    WWDG_IRQHandler                          0x0800011b   Thumb Code     0  startup_stm32f103xb.o(.text)
    __aeabi_llsr                             0x08000125   Thumb Code    32  llushr.o(.text)
    _ll_ushift_r                             0x08000125   Thumb Code     0  llushr.o(.text)
    __aeabi_memcpy                           0x08000145   Thumb Code    36  memcpya.o(.text)
    __aeabi_memcpy4                          0x08000145   Thumb Code     0  memcpya.o(.text)
    __aeabi_memcpy8                          0x08000145   Thumb Code     0  memcpya.o(.text)
    __aeabi_memset                           0x08000169   Thumb Code    14  memseta.o(.text)
    __aeabi_memset4                          0x08000169   Thumb Code     0  memseta.o(.text)
    __aeabi_memset8                          0x08000169   Thumb Code     0  memseta.o(.text)
    __aeabi_memclr                           0x08000177   Thumb Code     4  memseta.o(.text)
    __aeabi_memclr4                          0x08000177   Thumb Code     0  memseta.o(.text)
    __aeabi_memclr8                          0x08000177   Thumb Code     0  memseta.o(.text)
    _memset$wrapper                          0x0800017b   Thumb Code    18  memseta.o(.text)
    strlen                                   0x0800018d   Thumb Code    14  strlen.o(.text)
    strncmp                                  0x0800019b   Thumb Code    30  strncmp.o(.text)
    __aeabi_uidiv                            0x080001b9   Thumb Code     0  uidiv.o(.text)
    __aeabi_uidivmod                         0x080001b9   Thumb Code    44  uidiv.o(.text)
    __aeabi_uldivmod                         0x080001e5   Thumb Code    98  uldiv.o(.text)
    __I$use$fp                               0x08000247   Thumb Code     0  iusefp.o(.text)
    __aeabi_dadd                             0x08000247   Thumb Code   322  dadd.o(.text)
    __aeabi_dsub                             0x08000389   Thumb Code     6  dadd.o(.text)
    __aeabi_drsub                            0x0800038f   Thumb Code     6  dadd.o(.text)
    __aeabi_dmul                             0x08000395   Thumb Code   228  dmul.o(.text)
    __aeabi_ddiv                             0x08000479   Thumb Code   222  ddiv.o(.text)
    __aeabi_d2ulz                            0x08000557   Thumb Code    48  dfixul.o(.text)
    __aeabi_cdrcmple                         0x08000589   Thumb Code    48  cdrcmple.o(.text)
    __scatterload                            0x080005b9   Thumb Code    28  init.o(.text)
    __scatterload_rt2                        0x080005b9   Thumb Code     0  init.o(.text)
    __aeabi_llsl                             0x080005dd   Thumb Code    30  llshl.o(.text)
    __semihosting_library_function           0x080005dd   Thumb Code     0  semi.o(.text)
    _ll_shift_l                              0x080005dd   Thumb Code     0  llshl.o(.text)
    __aeabi_lasr                             0x080005fb   Thumb Code    36  llsshr.o(.text)
    _ll_sshift_r                             0x080005fb   Thumb Code     0  llsshr.o(.text)
    __I$use$semihosting$fputc                0x0800061f   Thumb Code     0  iusesemip.o(.text)
    _double_round                            0x0800061f   Thumb Code    30  depilogue.o(.text)
    _double_epilogue                         0x0800063d   Thumb Code   156  depilogue.o(.text)
    BusFault_Handler                         0x080006d9   Thumb Code     2  stm32f1xx_it.o(i.BusFault_Handler)
    Callback_IPAssigned                      0x080006dd   Thumb Code    22  main.o(i.Callback_IPAssigned)
    Callback_IPConflict                      0x08000729   Thumb Code     6  main.o(i.Callback_IPConflict)
    ConnectNetwork                           0x0800074d   Thumb Code    36  mqtt_interface.o(i.ConnectNetwork)
    DHCP_init                                0x08000771   Thumb Code   118  dhcp.o(i.DHCP_init)
    DHCP_run                                 0x080007f1   Thumb Code   288  dhcp.o(i.DHCP_run)
    DHCP_time_handler                        0x08000915   Thumb Code    10  dhcp.o(i.DHCP_time_handler)
    DNS_init                                 0x08000925   Thumb Code    14  dns.o(i.DNS_init)
    DebugMon_Handler                         0x08000939   Thumb Code     2  stm32f1xx_it.o(i.DebugMon_Handler)
    HAL_GPIO_Init                            0x0800093d   Thumb Code   446  stm32f1xx_hal_gpio.o(i.HAL_GPIO_Init)
    HAL_GPIO_TogglePin                       0x08000b1d   Thumb Code    14  stm32f1xx_hal_gpio.o(i.HAL_GPIO_TogglePin)
    HAL_GPIO_WritePin                        0x08000b2b   Thumb Code    10  stm32f1xx_hal_gpio.o(i.HAL_GPIO_WritePin)
    HAL_GetTick                              0x08000b35   Thumb Code     6  stm32f1xx_hal.o(i.HAL_GetTick)
    HAL_IncTick                              0x08000b41   Thumb Code    12  stm32f1xx_hal.o(i.HAL_IncTick)
    HAL_Init                                 0x08000b51   Thumb Code    32  stm32f1xx_hal.o(i.HAL_Init)
    HAL_InitTick                             0x08000b75   Thumb Code    54  stm32f1xx_hal.o(i.HAL_InitTick)
    HAL_MspInit                              0x08000bb5   Thumb Code    52  stm32f1xx_hal_msp.o(i.HAL_MspInit)
    HAL_NVIC_SetPriority                     0x08000bf1   Thumb Code    60  stm32f1xx_hal_cortex.o(i.HAL_NVIC_SetPriority)
    HAL_NVIC_SetPriorityGrouping             0x08000c31   Thumb Code    26  stm32f1xx_hal_cortex.o(i.HAL_NVIC_SetPriorityGrouping)
    HAL_RCC_ClockConfig                      0x08000c55   Thumb Code   280  stm32f1xx_hal_rcc.o(i.HAL_RCC_ClockConfig)
    HAL_RCC_GetPCLK1Freq                     0x08000d81   Thumb Code    20  stm32f1xx_hal_rcc.o(i.HAL_RCC_GetPCLK1Freq)
    HAL_RCC_GetPCLK2Freq                     0x08000da1   Thumb Code    20  stm32f1xx_hal_rcc.o(i.HAL_RCC_GetPCLK2Freq)
    HAL_RCC_GetSysClockFreq                  0x08000dc1   Thumb Code    74  stm32f1xx_hal_rcc.o(i.HAL_RCC_GetSysClockFreq)
    HAL_RCC_OscConfig                        0x08000e2d   Thumb Code   778  stm32f1xx_hal_rcc.o(i.HAL_RCC_OscConfig)
    HAL_SPI_Init                             0x0800114d   Thumb Code   124  stm32f1xx_hal_spi.o(i.HAL_SPI_Init)
    HAL_SPI_MspInit                          0x080011c9   Thumb Code   102  stm32f1xx_hal_msp.o(i.HAL_SPI_MspInit)
    HAL_SPI_Receive                          0x0800123d   Thumb Code   336  stm32f1xx_hal_spi.o(i.HAL_SPI_Receive)
    HAL_SPI_Transmit                         0x0800138d   Thumb Code   348  stm32f1xx_hal_spi.o(i.HAL_SPI_Transmit)
    HAL_SPI_TransmitReceive                  0x080014e9   Thumb Code   482  stm32f1xx_hal_spi.o(i.HAL_SPI_TransmitReceive)
    HAL_SYSTICK_Config                       0x080016cb   Thumb Code    40  stm32f1xx_hal_cortex.o(i.HAL_SYSTICK_Config)
    HAL_UART_Init                            0x080016f3   Thumb Code    98  stm32f1xx_hal_uart.o(i.HAL_UART_Init)
    HAL_UART_MspInit                         0x08001755   Thumb Code   100  stm32f1xx_hal_msp.o(i.HAL_UART_MspInit)
    HAL_UART_Transmit                        0x080017c5   Thumb Code   186  stm32f1xx_hal_uart.o(i.HAL_UART_Transmit)
    HardFault_Handler                        0x0800187f   Thumb Code     2  stm32f1xx_it.o(i.HardFault_Handler)
    MQTTClientInit                           0x08001881   Thumb Code    58  mqttclient.o(i.MQTTClientInit)
    MQTTConnect                              0x080018bd   Thumb Code   146  mqttclient.o(i.MQTTConnect)
    MQTTDeserialize_ack                      0x08001955   Thumb Code    72  mqttdeserializepublish.o(i.MQTTDeserialize_ack)
    MQTTDeserialize_connack                  0x0800199d   Thumb Code    90  mqttconnectclient.o(i.MQTTDeserialize_connack)
    MQTTDeserialize_publish                  0x080019f7   Thumb Code   140  mqttdeserializepublish.o(i.MQTTDeserialize_publish)
    MQTTDeserialize_suback                   0x08001a83   Thumb Code   124  mqttsubscribeclient.o(i.MQTTDeserialize_suback)
    MQTTPacket_decode                        0x08001aff   Thumb Code    54  mqttpacket.o(i.MQTTPacket_decode)
    MQTTPacket_decodeBuf                     0x08001b35   Thumb Code    10  mqttpacket.o(i.MQTTPacket_decodeBuf)
    MQTTPacket_encode                        0x08001b49   Thumb Code    42  mqttpacket.o(i.MQTTPacket_encode)
    MQTTPacket_equals                        0x08001b73   Thumb Code    52  mqttpacket.o(i.MQTTPacket_equals)
    MQTTPacket_len                           0x08001ba9   Thumb Code    34  mqttpacket.o(i.MQTTPacket_len)
    MQTTPublish                              0x08001bd1   Thumb Code   182  mqttclient.o(i.MQTTPublish)
    MQTTSerialize_ack                        0x08001c87   Thumb Code    72  mqttserializepublish.o(i.MQTTSerialize_ack)
    MQTTSerialize_connect                    0x08001cd1   Thumb Code   262  mqttconnectclient.o(i.MQTTSerialize_connect)
    MQTTSerialize_connectLength              0x08001de9   Thumb Code   118  mqttconnectclient.o(i.MQTTSerialize_connectLength)
    MQTTSerialize_pingreq                    0x08001e5f   Thumb Code     6  mqttconnectclient.o(i.MQTTSerialize_pingreq)
    MQTTSerialize_publish                    0x08001e65   Thumb Code   134  mqttserializepublish.o(i.MQTTSerialize_publish)
    MQTTSerialize_publishLength              0x08001eeb   Thumb Code    30  mqttserializepublish.o(i.MQTTSerialize_publishLength)
    MQTTSerialize_subscribe                  0x08001f09   Thumb Code   140  mqttsubscribeclient.o(i.MQTTSerialize_subscribe)
    MQTTSerialize_subscribeLength            0x08001f95   Thumb Code    46  mqttsubscribeclient.o(i.MQTTSerialize_subscribeLength)
    MQTTSerialize_zero                       0x08001fc3   Thumb Code    50  mqttconnectclient.o(i.MQTTSerialize_zero)
    MQTTSubscribe                            0x08001ff5   Thumb Code   184  mqttclient.o(i.MQTTSubscribe)
    MQTTYield                                0x080020ad   Thumb Code    40  mqttclient.o(i.MQTTYield)
    MQTTstrlen                               0x080020d5   Thumb Code    14  mqttpacket.o(i.MQTTstrlen)
    MemManage_Handler                        0x080021fd   Thumb Code     2  stm32f1xx_it.o(i.MemManage_Handler)
    MilliTimer_Handler                       0x08002201   Thumb Code    10  mqtt_interface.o(i.MilliTimer_Handler)
    NMI_Handler                              0x08002211   Thumb Code     2  stm32f1xx_it.o(i.NMI_Handler)
    NewNetwork                               0x08002215   Thumb Code    16  mqtt_interface.o(i.NewNetwork)
    NibbleToHex                              0x08002231   Thumb Code    16  dhcp.o(i.NibbleToHex)
    PendSV_Handler                           0x08002241   Thumb Code     2  stm32f1xx_it.o(i.PendSV_Handler)
    SVC_Handler                              0x08002353   Thumb Code     2  stm32f1xx_it.o(i.SVC_Handler)
    SysTick_Handler                          0x08002355   Thumb Code     4  stm32f1xx_it.o(i.SysTick_Handler)
    SystemClock_Config                       0x08002359   Thumb Code    78  main.o(i.SystemClock_Config)
    SystemInit                               0x080023a9   Thumb Code    56  system_stm32f1xx.o(i.SystemInit)
    TimerCountdown                           0x080023f1   Thumb Code    20  mqtt_interface.o(i.TimerCountdown)
    TimerCountdownMS                         0x08002409   Thumb Code    10  mqtt_interface.o(i.TimerCountdownMS)
    TimerInit                                0x08002419   Thumb Code     6  mqtt_interface.o(i.TimerInit)
    TimerIsExpired                           0x08002421   Thumb Code    12  mqtt_interface.o(i.TimerIsExpired)
    TimerLeftMS                              0x08002431   Thumb Code    14  mqtt_interface.o(i.TimerLeftMS)
    UART_Printf                              0x08002445   Thumb Code    46  main.o(i.UART_Printf)
    UsageFault_Handler                       0x08002595   Thumb Code     2  stm32f1xx_it.o(i.UsageFault_Handler)
    W5500_ReadBuff                           0x08002599   Thumb Code    14  main.o(i.W5500_ReadBuff)
    W5500_ReadByte                           0x080025ad   Thumb Code    16  main.o(i.W5500_ReadByte)
    W5500_Select                             0x080025bd   Thumb Code    12  main.o(i.W5500_Select)
    W5500_Unselect                           0x080025cd   Thumb Code    10  main.o(i.W5500_Unselect)
    W5500_WriteBuff                          0x080025dd   Thumb Code    14  main.o(i.W5500_WriteBuff)
    W5500_WriteByte                          0x080025f1   Thumb Code    12  main.o(i.W5500_WriteByte)
    WIZCHIP_READ                             0x080025fd   Thumb Code    84  w5500.o(i.WIZCHIP_READ)
    WIZCHIP_READ_BUF                         0x08002655   Thumb Code   112  w5500.o(i.WIZCHIP_READ_BUF)
    WIZCHIP_WRITE                            0x080026c9   Thumb Code    90  w5500.o(i.WIZCHIP_WRITE)
    WIZCHIP_WRITE_BUF                        0x08002729   Thumb Code   108  w5500.o(i.WIZCHIP_WRITE_BUF)
    __0vsnprintf                             0x08002799   Thumb Code    40  printfa.o(i.__0vsnprintf)
    __1vsnprintf                             0x08002799   Thumb Code     0  printfa.o(i.__0vsnprintf)
    __2vsnprintf                             0x08002799   Thumb Code     0  printfa.o(i.__0vsnprintf)
    __c89vsnprintf                           0x08002799   Thumb Code     0  printfa.o(i.__0vsnprintf)
    vsnprintf                                0x08002799   Thumb Code     0  printfa.o(i.__0vsnprintf)
    __scatterload_copy                       0x080027e5   Thumb Code    14  handlers.o(i.__scatterload_copy)
    __scatterload_null                       0x080027f3   Thumb Code     2  handlers.o(i.__scatterload_null)
    __scatterload_zeroinit                   0x080027f5   Thumb Code    14  handlers.o(i.__scatterload_zeroinit)
    bufchar                                  0x080030cd   Thumb Code    30  mqttpacket.o(i.bufchar)
    check_DHCP_leasedIP                      0x080030f1   Thumb Code    78  dhcp.o(i.check_DHCP_leasedIP)
    check_DHCP_timeout                       0x08003159   Thumb Code   106  dhcp.o(i.check_DHCP_timeout)
    close                                    0x080031c9   Thumb Code   108  socket.o(i.close)
    connect                                  0x0800323d   Thumb Code   258  socket.o(i.connect)
    cycle                                    0x08003345   Thumb Code   254  mqttclient.o(i.cycle)
    default_ip_assign                        0x08003445   Thumb Code    44  dhcp.o(i.default_ip_assign)
    default_ip_conflict                      0x08003475   Thumb Code    32  dhcp.o(i.default_ip_conflict)
    default_ip_update                        0x08003499   Thumb Code    36  dhcp.o(i.default_ip_update)
    deliverMessage                           0x080034c1   Thumb Code   174  mqttclient.o(i.deliverMessage)
    disconnect                               0x08003571   Thumb Code   134  socket.o(i.disconnect)
    fputc                                    0x080035fd   Thumb Code    18  fputc.o(i.fputc)
    getDHCPLeasetime                         0x08003611   Thumb Code     6  dhcp.o(i.getDHCPLeasetime)
    getDNSfromDHCP                           0x0800361d   Thumb Code    20  dhcp.o(i.getDNSfromDHCP)
    getGWfromDHCP                            0x08003635   Thumb Code    20  dhcp.o(i.getGWfromDHCP)
    getIPfromDHCP                            0x0800364d   Thumb Code    20  dhcp.o(i.getIPfromDHCP)
    getSNfromDHCP                            0x0800367d   Thumb Code    20  dhcp.o(i.getSNfromDHCP)
    getSn_RX_RSR                             0x08003695   Thumb Code    76  w5500.o(i.getSn_RX_RSR)
    getSn_TX_FSR                             0x080036e1   Thumb Code    76  w5500.o(i.getSn_TX_FSR)
    init                                     0x0800372d   Thumb Code   306  main.o(i.init)
    keepalive                                0x080039a1   Thumb Code    80  mqttclient.o(i.keepalive)
    main                                     0x080039f1   Thumb Code   300  main.o(i.main)
    makeDHCPMSG                              0x08003ba5   Thumb Code   202  dhcp.o(i.makeDHCPMSG)
    messageArrived                           0x08003c75   Thumb Code    46  main.o(i.messageArrived)
    msTick_Handler                           0x08003cb5   Thumb Code    48  main.o(i.msTick_Handler)
    parseDHCPMSG                             0x08003ce9   Thumb Code   278  dhcp.o(i.parseDHCPMSG)
    putc                                     0x08003e05   Thumb Code     4  putc.o(i.putc)
    readChar                                 0x08003e09   Thumb Code    12  mqttpacket.o(i.readChar)
    readInt                                  0x08003e15   Thumb Code    18  mqttpacket.o(i.readInt)
    readMQTTLenString                        0x08003e27   Thumb Code    52  mqttpacket.o(i.readMQTTLenString)
    recv                                     0x08003efd   Thumb Code   224  socket.o(i.recv)
    recvfrom                                 0x08003fe1   Thumb Code   524  socket.o(i.recvfrom)
    reg_dhcp_cbfunc                          0x080041f5   Thumb Code    32  dhcp.o(i.reg_dhcp_cbfunc)
    reg_wizchip_cs_cbfunc                    0x08004225   Thumb Code    22  wizchip_conf.o(i.reg_wizchip_cs_cbfunc)
    reg_wizchip_spi_cbfunc                   0x08004249   Thumb Code    30  wizchip_conf.o(i.reg_wizchip_spi_cbfunc)
    reg_wizchip_spiburst_cbfunc              0x08004275   Thumb Code    30  wizchip_conf.o(i.reg_wizchip_spiburst_cbfunc)
    reset_DHCP_timeout                       0x080042a1   Thumb Code    14  dhcp.o(i.reset_DHCP_timeout)
    send                                     0x080042b5   Thumb Code   278  socket.o(i.send)
    send_DHCP_DECLINE                        0x08004425   Thumb Code   250  dhcp.o(i.send_DHCP_DECLINE)
    send_DHCP_DISCOVER                       0x08004525   Thumb Code   432  dhcp.o(i.send_DHCP_DISCOVER)
    send_DHCP_REQUEST                        0x080046d9   Thumb Code   650  dhcp.o(i.send_DHCP_REQUEST)
    sendto                                   0x08004969   Thumb Code   378  socket.o(i.sendto)
    socket                                   0x08004ae9   Thumb Code   276  socket.o(i.socket)
    str_printf                               0x08004c05   Thumb Code    20  main.o(i.str_printf)
    w5x00_disconnect                         0x08004c19   Thumb Code     6  mqtt_interface.o(i.w5x00_disconnect)
    w5x00_read                               0x08004c1f   Thumb Code    52  mqtt_interface.o(i.w5x00_read)
    w5x00_write                              0x08004c53   Thumb Code    44  mqtt_interface.o(i.w5x00_write)
    waitfor                                  0x08004c7f   Thumb Code    42  mqttclient.o(i.waitfor)
    wiz_recv_data                            0x08004ca9   Thumb Code    96  w5500.o(i.wiz_recv_data)
    wiz_recv_ignore                          0x08004d09   Thumb Code    66  w5500.o(i.wiz_recv_ignore)
    wiz_send_data                            0x08004d4b   Thumb Code    96  w5500.o(i.wiz_send_data)
    wizchip_bus_readdata                     0x08004dab   Thumb Code     4  wizchip_conf.o(i.wizchip_bus_readdata)
    wizchip_bus_writedata                    0x08004daf   Thumb Code     4  wizchip_conf.o(i.wizchip_bus_writedata)
    wizchip_cris_enter                       0x08004db3   Thumb Code     2  wizchip_conf.o(i.wizchip_cris_enter)
    wizchip_cris_exit                        0x08004db5   Thumb Code     2  wizchip_conf.o(i.wizchip_cris_exit)
    wizchip_cs_deselect                      0x08004db7   Thumb Code     2  wizchip_conf.o(i.wizchip_cs_deselect)
    wizchip_cs_select                        0x08004db9   Thumb Code     2  wizchip_conf.o(i.wizchip_cs_select)
    wizchip_init                             0x08004dbb   Thumb Code   122  wizchip_conf.o(i.wizchip_init)
    wizchip_setnetinfo                       0x08004e35   Thumb Code    82  wizchip_conf.o(i.wizchip_setnetinfo)
    wizchip_spi_readburst                    0x08004e8d   Thumb Code     2  wizchip_conf.o(i.wizchip_spi_readburst)
    wizchip_spi_readbyte                     0x08004e8f   Thumb Code     4  wizchip_conf.o(i.wizchip_spi_readbyte)
    wizchip_spi_writeburst                   0x08004e93   Thumb Code     2  wizchip_conf.o(i.wizchip_spi_writeburst)
    wizchip_spi_writebyte                    0x08004e95   Thumb Code     2  wizchip_conf.o(i.wizchip_spi_writebyte)
    wizchip_sw_reset                         0x08004e97   Thumb Code   116  wizchip_conf.o(i.wizchip_sw_reset)
    writeCString                             0x08004f0b   Thumb Code    40  mqttpacket.o(i.writeCString)
    writeChar                                0x08004f33   Thumb Code    12  mqttpacket.o(i.writeChar)
    writeInt                                 0x08004f3f   Thumb Code    30  mqttpacket.o(i.writeInt)
    writeMQTTString                          0x08004f5d   Thumb Code    54  mqttpacket.o(i.writeMQTTString)
    AHBPrescTable                            0x0800505c   Data          16  system_stm32f1xx.o(.constdata)
    APBPrescTable                            0x0800506c   Data           8  system_stm32f1xx.o(.constdata)
    Region$$Table$$Base                      0x080050c0   Number         0  anon$$obj.o(Region$$Table)
    Region$$Table$$Limit                     0x080050e0   Number         0  anon$$obj.o(Region$$Table)
    ip_assigned                              0x20000000   Data           1  main.o(.data)
    mqtt_push_counter                        0x20000001   Data           1  main.o(.data)
    mqtt_flag                                0x20000002   Data           1  main.o(.data)
    mes_id                                   0x20000004   Data           2  main.o(.data)
    dhcp_counter                             0x20000008   Data           4  main.o(.data)
    dhcp_state                               0x2000000c   Data           1  dhcp.o(.data)
    dhcp_retry_count                         0x2000000d   Data           1  dhcp.o(.data)
    DHCP_SOCKET                              0x2000000e   Data           1  dhcp.o(.data)
    OLD_allocated_ip                         0x2000000f   Data           4  dhcp.o(.data)
    DHCP_allocated_ip                        0x20000013   Data           4  dhcp.o(.data)
    DHCP_allocated_gw                        0x20000017   Data           4  dhcp.o(.data)
    DHCP_allocated_sn                        0x2000001b   Data           4  dhcp.o(.data)
    DHCP_allocated_dns                       0x2000001f   Data           4  dhcp.o(.data)
    dhcp_lease_time                          0x20000024   Data           4  dhcp.o(.data)
    dhcp_tick_1s                             0x20000028   Data           4  dhcp.o(.data)
    dhcp_tick_next                           0x2000002c   Data           4  dhcp.o(.data)
    dhcp_ip_assign                           0x20000030   Data           4  dhcp.o(.data)
    dhcp_ip_update                           0x20000034   Data           4  dhcp.o(.data)
    dhcp_ip_conflict                         0x20000038   Data           4  dhcp.o(.data)
    DHCP_SIP                                 0x2000003c   Data           4  dhcp.o(.data)
    DHCP_XID                                 0x20000040   Data           4  dhcp.o(.data)
    pDHCPMSG                                 0x20000044   Data           4  dhcp.o(.data)
    DHCP_CHADDR                              0x20000048   Data           6  dhcp.o(.data)
    HOST_NAME                                0x2000004e   Data           8  dhcp.o(.data)
    DNS_SOCKET                               0x20000058   Data           1  dns.o(.data)
    DNS_MSGID                                0x2000005a   Data           2  dns.o(.data)
    pDNSMSG                                  0x2000005c   Data           4  dns.o(.data)
    dns_1s_tick                              0x20000060   Data           4  dns.o(.data)
    sock_pack_info                           0x2000006a   Data           8  socket.o(.data)
    MilliTimer                               0x20000074   Data           4  mqtt_interface.o(.data)
    WIZCHIP                                  0x20000080   Data          44  wizchip_conf.o(.data)
    SystemCoreClock                          0x200000b0   Data           4  system_stm32f1xx.o(.data)
    uwTickFreq                               0x200000b4   Data           1  stm32f1xx_hal.o(.data)
    uwTickPrio                               0x200000b8   Data           4  stm32f1xx_hal.o(.data)
    uwTick                                   0x200000bc   Data           4  stm32f1xx_hal.o(.data)
    __stdout                                 0x200000c0   Data           4  stdout.o(.data)
    hspi2                                    0x200000c4   Data          88  main.o(.bss)
    huart1                                   0x2000011c   Data          64  main.o(.bss)
    tempBuffer                               0x2000015c   Data        2048  main.o(.bss)
    net_info2                                0x2000095c   Data          23  main.o(.bss)
    dhcp_buffer                              0x20000973   Data        1024  main.o(.bss)
    dns_buffer                               0x20000d73   Data        1024  main.o(.bss)
    __initial_sp                             0x20001588   Data           0  startup_stm32f103xb.o(STACK)



==============================================================================

Memory Map of the image

  Image Entry point : 0x080000ed

  Load Region LR_IROM1 (Base: 0x08000000, Size: 0x000051a4, Max: 0x00010000, ABSOLUTE)

    Execution Region ER_IROM1 (Exec base: 0x08000000, Load base: 0x08000000, Size: 0x000050e0, Max: 0x00010000, ABSOLUTE)

    Exec Addr    Load Addr    Size         Type   Attr      Idx    E Section Name        Object

    0x08000000   0x08000000   0x000000ec   Data   RO         1604    RESET               startup_stm32f103xb.o
    0x080000ec   0x080000ec   0x00000000   Code   RO         3304  * .ARM.Collect$$$$00000000  mc_w.l(entry.o)
    0x080000ec   0x080000ec   0x00000004   Code   RO         3591    .ARM.Collect$$$$00000001  mc_w.l(entry2.o)
    0x080000f0   0x080000f0   0x00000004   Code   RO         3594    .ARM.Collect$$$$00000004  mc_w.l(entry5.o)
    0x080000f4   0x080000f4   0x00000000   Code   RO         3596    .ARM.Collect$$$$00000008  mc_w.l(entry7b.o)
    0x080000f4   0x080000f4   0x00000000   Code   RO         3598    .ARM.Collect$$$$0000000A  mc_w.l(entry8b.o)
    0x080000f4   0x080000f4   0x00000008   Code   RO         3599    .ARM.Collect$$$$0000000B  mc_w.l(entry9a.o)
    0x080000fc   0x080000fc   0x00000000   Code   RO         3601    .ARM.Collect$$$$0000000D  mc_w.l(entry10a.o)
    0x080000fc   0x080000fc   0x00000000   Code   RO         3603    .ARM.Collect$$$$0000000F  mc_w.l(entry11a.o)
    0x080000fc   0x080000fc   0x00000004   Code   RO         3592    .ARM.Collect$$$$00002712  mc_w.l(entry2.o)
    0x08000100   0x08000100   0x00000024   Code   RO         1605    .text               startup_stm32f103xb.o
    0x08000124   0x08000124   0x00000020   Code   RO         3310    .text               mc_w.l(llushr.o)
    0x08000144   0x08000144   0x00000024   Code   RO         3312    .text               mc_w.l(memcpya.o)
    0x08000168   0x08000168   0x00000024   Code   RO         3314    .text               mc_w.l(memseta.o)
    0x0800018c   0x0800018c   0x0000000e   Code   RO         3320    .text               mc_w.l(strlen.o)
    0x0800019a   0x0800019a   0x0000001e   Code   RO         3326    .text               mc_w.l(strncmp.o)
    0x080001b8   0x080001b8   0x0000002c   Code   RO         3607    .text               mc_w.l(uidiv.o)
    0x080001e4   0x080001e4   0x00000062   Code   RO         3609    .text               mc_w.l(uldiv.o)
    0x08000246   0x08000246   0x00000000   Code   RO         3611    .text               mc_w.l(iusefp.o)
    0x08000246   0x08000246   0x0000014e   Code   RO         3612    .text               mf_w.l(dadd.o)
    0x08000394   0x08000394   0x000000e4   Code   RO         3614    .text               mf_w.l(dmul.o)
    0x08000478   0x08000478   0x000000de   Code   RO         3616    .text               mf_w.l(ddiv.o)
    0x08000556   0x08000556   0x00000030   Code   RO         3618    .text               mf_w.l(dfixul.o)
    0x08000586   0x08000586   0x00000002   PAD
    0x08000588   0x08000588   0x00000030   Code   RO         3620    .text               mf_w.l(cdrcmple.o)
    0x080005b8   0x080005b8   0x00000024   Code   RO         3622    .text               mc_w.l(init.o)
    0x080005dc   0x080005dc   0x00000000   Code   RO         3624    .text               mc_w.l(semi.o)
    0x080005dc   0x080005dc   0x0000001e   Code   RO         3625    .text               mc_w.l(llshl.o)
    0x080005fa   0x080005fa   0x00000024   Code   RO         3627    .text               mc_w.l(llsshr.o)
    0x0800061e   0x0800061e   0x00000000   Code   RO         3629    .text               mc_w.l(iusesemip.o)
    0x0800061e   0x0800061e   0x000000ba   Code   RO         3630    .text               mf_w.l(depilogue.o)
    0x080006d8   0x080006d8   0x00000002   Code   RO          279    i.BusFault_Handler  stm32f1xx_it.o
    0x080006da   0x080006da   0x00000002   PAD
    0x080006dc   0x080006dc   0x0000004c   Code   RO            4    i.Callback_IPAssigned  main.o
    0x08000728   0x08000728   0x00000024   Code   RO            5    i.Callback_IPConflict  main.o
    0x0800074c   0x0800074c   0x00000024   Code   RO          800    i.ConnectNetwork    mqtt_interface.o
    0x08000770   0x08000770   0x00000080   Code   RO          399    i.DHCP_init         dhcp.o
    0x080007f0   0x080007f0   0x00000124   Code   RO          400    i.DHCP_run          dhcp.o
    0x08000914   0x08000914   0x00000010   Code   RO          402    i.DHCP_time_handler  dhcp.o
    0x08000924   0x08000924   0x00000014   Code   RO          538    i.DNS_init          dns.o
    0x08000938   0x08000938   0x00000002   Code   RO          280    i.DebugMon_Handler  stm32f1xx_it.o
    0x0800093a   0x0800093a   0x00000002   PAD
    0x0800093c   0x0800093c   0x000001e0   Code   RO         2285    i.HAL_GPIO_Init     stm32f1xx_hal_gpio.o
    0x08000b1c   0x08000b1c   0x0000000e   Code   RO         2288    i.HAL_GPIO_TogglePin  stm32f1xx_hal_gpio.o
    0x08000b2a   0x08000b2a   0x0000000a   Code   RO         2289    i.HAL_GPIO_WritePin  stm32f1xx_hal_gpio.o
    0x08000b34   0x08000b34   0x0000000c   Code   RO         1981    i.HAL_GetTick       stm32f1xx_hal.o
    0x08000b40   0x08000b40   0x00000010   Code   RO         1987    i.HAL_IncTick       stm32f1xx_hal.o
    0x08000b50   0x08000b50   0x00000024   Code   RO         1988    i.HAL_Init          stm32f1xx_hal.o
    0x08000b74   0x08000b74   0x00000040   Code   RO         1989    i.HAL_InitTick      stm32f1xx_hal.o
    0x08000bb4   0x08000bb4   0x0000003c   Code   RO          354    i.HAL_MspInit       stm32f1xx_hal_msp.o
    0x08000bf0   0x08000bf0   0x00000040   Code   RO         2451    i.HAL_NVIC_SetPriority  stm32f1xx_hal_cortex.o
    0x08000c30   0x08000c30   0x00000024   Code   RO         2452    i.HAL_NVIC_SetPriorityGrouping  stm32f1xx_hal_cortex.o
    0x08000c54   0x08000c54   0x0000012c   Code   RO         2145    i.HAL_RCC_ClockConfig  stm32f1xx_hal_rcc.o
    0x08000d80   0x08000d80   0x00000020   Code   RO         2152    i.HAL_RCC_GetPCLK1Freq  stm32f1xx_hal_rcc.o
    0x08000da0   0x08000da0   0x00000020   Code   RO         2153    i.HAL_RCC_GetPCLK2Freq  stm32f1xx_hal_rcc.o
    0x08000dc0   0x08000dc0   0x0000006c   Code   RO         2154    i.HAL_RCC_GetSysClockFreq  stm32f1xx_hal_rcc.o
    0x08000e2c   0x08000e2c   0x00000320   Code   RO         2157    i.HAL_RCC_OscConfig  stm32f1xx_hal_rcc.o
    0x0800114c   0x0800114c   0x0000007c   Code   RO         1659    i.HAL_SPI_Init      stm32f1xx_hal_spi.o
    0x080011c8   0x080011c8   0x00000074   Code   RO          356    i.HAL_SPI_MspInit   stm32f1xx_hal_msp.o
    0x0800123c   0x0800123c   0x00000150   Code   RO         1662    i.HAL_SPI_Receive   stm32f1xx_hal_spi.o
    0x0800138c   0x0800138c   0x0000015c   Code   RO         1667    i.HAL_SPI_Transmit  stm32f1xx_hal_spi.o
    0x080014e8   0x080014e8   0x000001e2   Code   RO         1668    i.HAL_SPI_TransmitReceive  stm32f1xx_hal_spi.o
    0x080016ca   0x080016ca   0x00000028   Code   RO         2456    i.HAL_SYSTICK_Config  stm32f1xx_hal_cortex.o
    0x080016f2   0x080016f2   0x00000062   Code   RO         3006    i.HAL_UART_Init     stm32f1xx_hal_uart.o
    0x08001754   0x08001754   0x00000070   Code   RO          358    i.HAL_UART_MspInit  stm32f1xx_hal_msp.o
    0x080017c4   0x080017c4   0x000000ba   Code   RO         3014    i.HAL_UART_Transmit  stm32f1xx_hal_uart.o
    0x0800187e   0x0800187e   0x00000002   Code   RO          281    i.HardFault_Handler  stm32f1xx_it.o
    0x08001880   0x08001880   0x0000003a   Code   RO          617    i.MQTTClientInit    mqttclient.o
    0x080018ba   0x080018ba   0x00000002   PAD
    0x080018bc   0x080018bc   0x00000098   Code   RO          618    i.MQTTConnect       mqttclient.o
    0x08001954   0x08001954   0x00000048   Code   RO         1243    i.MQTTDeserialize_ack  mqttdeserializepublish.o
    0x0800199c   0x0800199c   0x0000005a   Code   RO         1153    i.MQTTDeserialize_connack  mqttconnectclient.o
    0x080019f6   0x080019f6   0x0000008c   Code   RO         1244    i.MQTTDeserialize_publish  mqttdeserializepublish.o
    0x08001a82   0x08001a82   0x0000007c   Code   RO         1480    i.MQTTDeserialize_suback  mqttsubscribeclient.o
    0x08001afe   0x08001afe   0x00000036   Code   RO         1330    i.MQTTPacket_decode  mqttpacket.o
    0x08001b34   0x08001b34   0x00000014   Code   RO         1331    i.MQTTPacket_decodeBuf  mqttpacket.o
    0x08001b48   0x08001b48   0x0000002a   Code   RO         1332    i.MQTTPacket_encode  mqttpacket.o
    0x08001b72   0x08001b72   0x00000034   Code   RO         1333    i.MQTTPacket_equals  mqttpacket.o
    0x08001ba6   0x08001ba6   0x00000002   PAD
    0x08001ba8   0x08001ba8   0x00000028   Code   RO         1334    i.MQTTPacket_len    mqttpacket.o
    0x08001bd0   0x08001bd0   0x000000b6   Code   RO          620    i.MQTTPublish       mqttclient.o
    0x08001c86   0x08001c86   0x00000048   Code   RO         1438    i.MQTTSerialize_ack  mqttserializepublish.o
    0x08001cce   0x08001cce   0x00000002   PAD
    0x08001cd0   0x08001cd0   0x00000118   Code   RO         1154    i.MQTTSerialize_connect  mqttconnectclient.o
    0x08001de8   0x08001de8   0x00000076   Code   RO         1155    i.MQTTSerialize_connectLength  mqttconnectclient.o
    0x08001e5e   0x08001e5e   0x00000006   Code   RO         1157    i.MQTTSerialize_pingreq  mqttconnectclient.o
    0x08001e64   0x08001e64   0x00000086   Code   RO         1441    i.MQTTSerialize_publish  mqttserializepublish.o
    0x08001eea   0x08001eea   0x0000001e   Code   RO         1442    i.MQTTSerialize_publishLength  mqttserializepublish.o
    0x08001f08   0x08001f08   0x0000008c   Code   RO         1481    i.MQTTSerialize_subscribe  mqttsubscribeclient.o
    0x08001f94   0x08001f94   0x0000002e   Code   RO         1482    i.MQTTSerialize_subscribeLength  mqttsubscribeclient.o
    0x08001fc2   0x08001fc2   0x00000032   Code   RO         1158    i.MQTTSerialize_zero  mqttconnectclient.o
    0x08001ff4   0x08001ff4   0x000000b8   Code   RO          622    i.MQTTSubscribe     mqttclient.o
    0x080020ac   0x080020ac   0x00000028   Code   RO          624    i.MQTTYield         mqttclient.o
    0x080020d4   0x080020d4   0x0000000e   Code   RO         1337    i.MQTTstrlen        mqttpacket.o
    0x080020e2   0x080020e2   0x00000002   PAD
    0x080020e4   0x080020e4   0x000000e4   Code   RO            7    i.MX_GPIO_Init      main.o
    0x080021c8   0x080021c8   0x00000034   Code   RO            8    i.MX_SPI2_Init      main.o
    0x080021fc   0x080021fc   0x00000002   Code   RO          282    i.MemManage_Handler  stm32f1xx_it.o
    0x080021fe   0x080021fe   0x00000002   PAD
    0x08002200   0x08002200   0x00000010   Code   RO          801    i.MilliTimer_Handler  mqtt_interface.o
    0x08002210   0x08002210   0x00000002   Code   RO          283    i.NMI_Handler       stm32f1xx_it.o
    0x08002212   0x08002212   0x00000002   PAD
    0x08002214   0x08002214   0x0000001c   Code   RO          802    i.NewNetwork        mqtt_interface.o
    0x08002230   0x08002230   0x00000010   Code   RO          403    i.NibbleToHex       dhcp.o
    0x08002240   0x08002240   0x00000002   Code   RO          284    i.PendSV_Handler    stm32f1xx_it.o
    0x08002242   0x08002242   0x0000005c   Code   RO         1696    i.SPI_EndRxTransaction  stm32f1xx_hal_spi.o
    0x0800229e   0x0800229e   0x00000020   Code   RO         1697    i.SPI_EndRxTxTransaction  stm32f1xx_hal_spi.o
    0x080022be   0x080022be   0x00000094   Code   RO         1702    i.SPI_WaitFlagStateUntilTimeout  stm32f1xx_hal_spi.o
    0x08002352   0x08002352   0x00000002   Code   RO          285    i.SVC_Handler       stm32f1xx_it.o
    0x08002354   0x08002354   0x00000004   Code   RO          286    i.SysTick_Handler   stm32f1xx_it.o
    0x08002358   0x08002358   0x0000004e   Code   RO            9    i.SystemClock_Config  main.o
    0x080023a6   0x080023a6   0x00000002   PAD
    0x080023a8   0x080023a8   0x00000048   Code   RO         1568    i.SystemInit        system_stm32f1xx.o
    0x080023f0   0x080023f0   0x00000018   Code   RO          803    i.TimerCountdown    mqtt_interface.o
    0x08002408   0x08002408   0x00000010   Code   RO          804    i.TimerCountdownMS  mqtt_interface.o
    0x08002418   0x08002418   0x00000006   Code   RO          805    i.TimerInit         mqtt_interface.o
    0x0800241e   0x0800241e   0x00000002   PAD
    0x08002420   0x08002420   0x00000010   Code   RO          806    i.TimerIsExpired    mqtt_interface.o
    0x08002430   0x08002430   0x00000014   Code   RO          807    i.TimerLeftMS       mqtt_interface.o
    0x08002444   0x08002444   0x00000034   Code   RO           10    i.UART_Printf       main.o
    0x08002478   0x08002478   0x000000b8   Code   RO         3032    i.UART_SetConfig    stm32f1xx_hal_uart.o
    0x08002530   0x08002530   0x00000064   Code   RO         3034    i.UART_WaitOnFlagUntilTimeout  stm32f1xx_hal_uart.o
    0x08002594   0x08002594   0x00000002   Code   RO          287    i.UsageFault_Handler  stm32f1xx_it.o
    0x08002596   0x08002596   0x00000002   PAD
    0x08002598   0x08002598   0x00000014   Code   RO           11    i.W5500_ReadBuff    main.o
    0x080025ac   0x080025ac   0x00000010   Code   RO           12    i.W5500_ReadByte    main.o
    0x080025bc   0x080025bc   0x00000010   Code   RO           13    i.W5500_Select      main.o
    0x080025cc   0x080025cc   0x00000010   Code   RO           14    i.W5500_Unselect    main.o
    0x080025dc   0x080025dc   0x00000014   Code   RO           15    i.W5500_WriteBuff   main.o
    0x080025f0   0x080025f0   0x0000000c   Code   RO           16    i.W5500_WriteByte   main.o
    0x080025fc   0x080025fc   0x00000058   Code   RO          875    i.WIZCHIP_READ      w5500.o
    0x08002654   0x08002654   0x00000074   Code   RO          876    i.WIZCHIP_READ_BUF  w5500.o
    0x080026c8   0x080026c8   0x00000060   Code   RO          877    i.WIZCHIP_WRITE     w5500.o
    0x08002728   0x08002728   0x00000070   Code   RO          878    i.WIZCHIP_WRITE_BUF  w5500.o
    0x08002798   0x08002798   0x0000002c   Code   RO         3568    i.__0vsnprintf      mc_w.l(printfa.o)
    0x080027c4   0x080027c4   0x00000020   Code   RO         2458    i.__NVIC_SetPriority  stm32f1xx_hal_cortex.o
    0x080027e4   0x080027e4   0x0000000e   Code   RO         3634    i.__scatterload_copy  mc_w.l(handlers.o)
    0x080027f2   0x080027f2   0x00000002   Code   RO         3635    i.__scatterload_null  mc_w.l(handlers.o)
    0x080027f4   0x080027f4   0x0000000e   Code   RO         3636    i.__scatterload_zeroinit  mc_w.l(handlers.o)
    0x08002802   0x08002802   0x00000002   PAD
    0x08002804   0x08002804   0x00000184   Code   RO         3570    i._fp_digits        mc_w.l(printfa.o)
    0x08002988   0x08002988   0x000006dc   Code   RO         3571    i._printf_core      mc_w.l(printfa.o)
    0x08003064   0x08003064   0x00000024   Code   RO         3572    i._printf_post_padding  mc_w.l(printfa.o)
    0x08003088   0x08003088   0x0000002e   Code   RO         3573    i._printf_pre_padding  mc_w.l(printfa.o)
    0x080030b6   0x080030b6   0x00000016   Code   RO         3574    i._snputc           mc_w.l(printfa.o)
    0x080030cc   0x080030cc   0x00000024   Code   RO         1338    i.bufchar           mqttpacket.o
    0x080030f0   0x080030f0   0x00000068   Code   RO          404    i.check_DHCP_leasedIP  dhcp.o
    0x08003158   0x08003158   0x00000070   Code   RO          405    i.check_DHCP_timeout  dhcp.o
    0x080031c8   0x080031c8   0x00000074   Code   RO          718    i.close             socket.o
    0x0800323c   0x0800323c   0x00000108   Code   RO          719    i.connect           socket.o
    0x08003344   0x08003344   0x000000fe   Code   RO          625    i.cycle             mqttclient.o
    0x08003442   0x08003442   0x00000002   PAD
    0x08003444   0x08003444   0x00000030   Code   RO          406    i.default_ip_assign  dhcp.o
    0x08003474   0x08003474   0x00000024   Code   RO          407    i.default_ip_conflict  dhcp.o
    0x08003498   0x08003498   0x00000028   Code   RO          408    i.default_ip_update  dhcp.o
    0x080034c0   0x080034c0   0x000000ae   Code   RO          626    i.deliverMessage    mqttclient.o
    0x0800356e   0x0800356e   0x00000002   PAD
    0x08003570   0x08003570   0x0000008c   Code   RO          721    i.disconnect        socket.o
    0x080035fc   0x080035fc   0x00000012   Code   RO         3605    i.fputc             mc_w.l(fputc.o)
    0x0800360e   0x0800360e   0x00000002   PAD
    0x08003610   0x08003610   0x0000000c   Code   RO          409    i.getDHCPLeasetime  dhcp.o
    0x0800361c   0x0800361c   0x00000018   Code   RO          410    i.getDNSfromDHCP    dhcp.o
    0x08003634   0x08003634   0x00000018   Code   RO          411    i.getGWfromDHCP     dhcp.o
    0x0800364c   0x0800364c   0x00000018   Code   RO          412    i.getIPfromDHCP     dhcp.o
    0x08003664   0x08003664   0x00000016   Code   RO          627    i.getNextPacketId   mqttclient.o
    0x0800367a   0x0800367a   0x00000002   PAD
    0x0800367c   0x0800367c   0x00000018   Code   RO          413    i.getSNfromDHCP     dhcp.o
    0x08003694   0x08003694   0x0000004c   Code   RO          879    i.getSn_RX_RSR      w5500.o
    0x080036e0   0x080036e0   0x0000004c   Code   RO          880    i.getSn_TX_FSR      w5500.o
    0x0800372c   0x0800372c   0x00000274   Code   RO           17    i.init              main.o
    0x080039a0   0x080039a0   0x00000050   Code   RO          628    i.keepalive         mqttclient.o
    0x080039f0   0x080039f0   0x000001b4   Code   RO           19    i.main              main.o
    0x08003ba4   0x08003ba4   0x000000d0   Code   RO          414    i.makeDHCPMSG       dhcp.o
    0x08003c74   0x08003c74   0x00000040   Code   RO           20    i.messageArrived    main.o
    0x08003cb4   0x08003cb4   0x00000034   Code   RO           21    i.msTick_Handler    main.o
    0x08003ce8   0x08003ce8   0x0000011c   Code   RO          415    i.parseDHCPMSG      dhcp.o
    0x08003e04   0x08003e04   0x00000004   Code   RO         3307    i.putc              mc_w.l(putc.o)
    0x08003e08   0x08003e08   0x0000000c   Code   RO         1340    i.readChar          mqttpacket.o
    0x08003e14   0x08003e14   0x00000012   Code   RO         1341    i.readInt           mqttpacket.o
    0x08003e26   0x08003e26   0x00000034   Code   RO         1342    i.readMQTTLenString  mqttpacket.o
    0x08003e5a   0x08003e5a   0x000000a0   Code   RO          629    i.readPacket        mqttclient.o
    0x08003efa   0x08003efa   0x00000002   PAD
    0x08003efc   0x08003efc   0x000000e4   Code   RO          724    i.recv              socket.o
    0x08003fe0   0x08003fe0   0x00000214   Code   RO          725    i.recvfrom          socket.o
    0x080041f4   0x080041f4   0x00000030   Code   RO          416    i.reg_dhcp_cbfunc   dhcp.o
    0x08004224   0x08004224   0x00000024   Code   RO          939    i.reg_wizchip_cs_cbfunc  wizchip_conf.o
    0x08004248   0x08004248   0x0000002c   Code   RO          940    i.reg_wizchip_spi_cbfunc  wizchip_conf.o
    0x08004274   0x08004274   0x0000002c   Code   RO          941    i.reg_wizchip_spiburst_cbfunc  wizchip_conf.o
    0x080042a0   0x080042a0   0x00000014   Code   RO          417    i.reset_DHCP_timeout  dhcp.o
    0x080042b4   0x080042b4   0x0000011c   Code   RO          726    i.send              socket.o
    0x080043d0   0x080043d0   0x00000054   Code   RO          630    i.sendPacket        mqttclient.o
    0x08004424   0x08004424   0x00000100   Code   RO          418    i.send_DHCP_DECLINE  dhcp.o
    0x08004524   0x08004524   0x000001b4   Code   RO          419    i.send_DHCP_DISCOVER  dhcp.o
    0x080046d8   0x080046d8   0x00000290   Code   RO          420    i.send_DHCP_REQUEST  dhcp.o
    0x08004968   0x08004968   0x00000180   Code   RO          727    i.sendto            socket.o
    0x08004ae8   0x08004ae8   0x0000011c   Code   RO          729    i.socket            socket.o
    0x08004c04   0x08004c04   0x00000014   Code   RO           22    i.str_printf        main.o
    0x08004c18   0x08004c18   0x00000006   Code   RO          808    i.w5x00_disconnect  mqtt_interface.o
    0x08004c1e   0x08004c1e   0x00000034   Code   RO          809    i.w5x00_read        mqtt_interface.o
    0x08004c52   0x08004c52   0x0000002c   Code   RO          810    i.w5x00_write       mqtt_interface.o
    0x08004c7e   0x08004c7e   0x0000002a   Code   RO          631    i.waitfor           mqttclient.o
    0x08004ca8   0x08004ca8   0x00000060   Code   RO          881    i.wiz_recv_data     w5500.o
    0x08004d08   0x08004d08   0x00000042   Code   RO          882    i.wiz_recv_ignore   w5500.o
    0x08004d4a   0x08004d4a   0x00000060   Code   RO          883    i.wiz_send_data     w5500.o
    0x08004daa   0x08004daa   0x00000004   Code   RO          942    i.wizchip_bus_readdata  wizchip_conf.o
    0x08004dae   0x08004dae   0x00000004   Code   RO          943    i.wizchip_bus_writedata  wizchip_conf.o
    0x08004db2   0x08004db2   0x00000002   Code   RO          945    i.wizchip_cris_enter  wizchip_conf.o
    0x08004db4   0x08004db4   0x00000002   Code   RO          946    i.wizchip_cris_exit  wizchip_conf.o
    0x08004db6   0x08004db6   0x00000002   Code   RO          947    i.wizchip_cs_deselect  wizchip_conf.o
    0x08004db8   0x08004db8   0x00000002   Code   RO          948    i.wizchip_cs_select  wizchip_conf.o
    0x08004dba   0x08004dba   0x0000007a   Code   RO          954    i.wizchip_init      wizchip_conf.o
    0x08004e34   0x08004e34   0x00000058   Code   RO          956    i.wizchip_setnetinfo  wizchip_conf.o
    0x08004e8c   0x08004e8c   0x00000002   Code   RO          959    i.wizchip_spi_readburst  wizchip_conf.o
    0x08004e8e   0x08004e8e   0x00000004   Code   RO          960    i.wizchip_spi_readbyte  wizchip_conf.o
    0x08004e92   0x08004e92   0x00000002   Code   RO          961    i.wizchip_spi_writeburst  wizchip_conf.o
    0x08004e94   0x08004e94   0x00000002   Code   RO          962    i.wizchip_spi_writebyte  wizchip_conf.o
    0x08004e96   0x08004e96   0x00000074   Code   RO          963    i.wizchip_sw_reset  wizchip_conf.o
    0x08004f0a   0x08004f0a   0x00000028   Code   RO         1343    i.writeCString      mqttpacket.o
    0x08004f32   0x08004f32   0x0000000c   Code   RO         1344    i.writeChar         mqttpacket.o
    0x08004f3e   0x08004f3e   0x0000001e   Code   RO         1345    i.writeInt          mqttpacket.o
    0x08004f5c   0x08004f5c   0x00000036   Code   RO         1346    i.writeMQTTString   mqttpacket.o
    0x08004f92   0x08004f92   0x00000002   PAD
    0x08004f94   0x08004f94   0x0000006f   Data   RO           24    .constdata          main.o
    0x08005003   0x08005003   0x00000001   PAD
    0x08005004   0x08005004   0x00000058   Data   RO          632    .constdata          mqttclient.o
    0x0800505c   0x0800505c   0x00000010   Data   RO         1569    .constdata          system_stm32f1xx.o
    0x0800506c   0x0800506c   0x00000008   Data   RO         1570    .constdata          system_stm32f1xx.o
    0x08005074   0x08005074   0x00000049   Data   RO           25    .conststring        main.o
    0x080050bd   0x080050bd   0x00000003   PAD
    0x080050c0   0x080050c0   0x00000020   Data   RO         3632    Region$$Table       anon$$obj.o


    Execution Region RW_IRAM1 (Exec base: 0x20000000, Load base: 0x080050e0, Size: 0x00001588, Max: 0x00005000, ABSOLUTE)

    Exec Addr    Load Addr    Size         Type   Attr      Idx    E Section Name        Object

    0x20000000   0x080050e0   0x0000000c   Data   RW           26    .data               main.o
    0x2000000c   0x080050ec   0x0000004a   Data   RW          421    .data               dhcp.o
    0x20000056   0x08005136   0x00000002   PAD
    0x20000058   0x08005138   0x0000000c   Data   RW          549    .data               dns.o
    0x20000064   0x08005144   0x0000000e   Data   RW          731    .data               socket.o
    0x20000072   0x08005152   0x00000002   PAD
    0x20000074   0x08005154   0x00000004   Data   RW          811    .data               mqtt_interface.o
    0x20000078   0x08005158   0x00000034   Data   RW          971    .data               wizchip_conf.o
    0x200000ac   0x0800518c   0x00000004   Data   RW         1347    .data               mqttpacket.o
    0x200000b0   0x08005190   0x00000004   Data   RW         1571    .data               system_stm32f1xx.o
    0x200000b4   0x08005194   0x0000000c   Data   RW         1995    .data               stm32f1xx_hal.o
    0x200000c0   0x080051a0   0x00000004   Data   RW         3309    .data               mc_w.l(stdout.o)
    0x200000c4        -       0x000010af   Zero   RW           23    .bss                main.o
    0x20001173   0x080051a4   0x00000001   PAD
    0x20001174        -       0x00000010   Zero   RW          730    .bss                socket.o
    0x20001184   0x080051a4   0x00000004   PAD
    0x20001188        -       0x00000400   Zero   RW         1602    STACK               startup_stm32f103xb.o


==============================================================================

Image component sizes


      Code (inc. data)   RO Data    RW Data    ZI Data      Debug   Object Name

      2808        142          0         74          0      14883   dhcp.o
        20          6          0         12          0       1977   dns.o
      1822        616        184         12       4271     416106   main.o
       264         38          0          4          0       6177   mqtt_interface.o
      1432         18         88          0          0      13196   mqttclient.o
       544         18          0          0          0       6629   mqttconnectclient.o
       212          0          0          0          0       2288   mqttdeserializepublish.o
       476         22          0          4          0       9168   mqttpacket.o
       236          0          0          0          0       3102   mqttserializepublish.o
       310          0          0          0          0       3279   mqttsubscribeclient.o
      2232         52          0         14         16       8407   socket.o
        36          8        236          0       1024        736   startup_stm32f103xb.o
       128         24          0         12          0       5045   stm32f1xx_hal.o
       172         14          0          0          0      28110   stm32f1xx_hal_cortex.o
       504         34          0          0          0       3345   stm32f1xx_hal_gpio.o
       288         34          0          0          0       2071   stm32f1xx_hal_msp.o
      1272        100          0          0          0       4980   stm32f1xx_hal_rcc.o
      1562          0          0          0          0       7678   stm32f1xx_hal_spi.o
       568          6          0          0          0       3756   stm32f1xx_hal_uart.o
        20          0          0          0          0       3470   stm32f1xx_it.o
        72         16         24          4          0       1055   system_stm32f1xx.o
       822         18          0          0          0       5894   w5500.o
       476         48          0         52          0      11994   wizchip_conf.o

    ----------------------------------------------------------------------
     16308       1214        568        192       5316     563346   Object Totals
         0          0         32          0          0          0   (incl. Generated)
        32          0          4          4          5          0   (incl. Padding)

    ----------------------------------------------------------------------

      Code (inc. data)   RO Data    RW Data    ZI Data      Debug   Library Member Name

         0          0          0          0          0          0   entry.o
         0          0          0          0          0          0   entry10a.o
         0          0          0          0          0          0   entry11a.o
         8          4          0          0          0          0   entry2.o
         4          0          0          0          0          0   entry5.o
         0          0          0          0          0          0   entry7b.o
         0          0          0          0          0          0   entry8b.o
         8          4          0          0          0          0   entry9a.o
        18          0          0          0          0         80   fputc.o
        30          0          0          0          0          0   handlers.o
        36          8          0          0          0         68   init.o
         0          0          0          0          0          0   iusefp.o
         0          0          0          0          0          0   iusesemip.o
        30          0          0          0          0         68   llshl.o
        36          0          0          0          0         68   llsshr.o
        32          0          0          0          0         68   llushr.o
        36          0          0          0          0         68   memcpya.o
        36          0          0          0          0        108   memseta.o
      2292         84          0          0          0        516   printfa.o
         4          0          0          0          0         68   putc.o
         0          0          0          0          0          0   semi.o
         0          0          0          4          0          0   stdout.o
        14          0          0          0          0         68   strlen.o
        30          0          0          0          0         80   strncmp.o
        44          0          0          0          0         80   uidiv.o
        98          0          0          0          0         92   uldiv.o
        48          0          0          0          0         68   cdrcmple.o
       334          0          0          0          0        148   dadd.o
       222          0          0          0          0        100   ddiv.o
       186          0          0          0          0        176   depilogue.o
        48          0          0          0          0         68   dfixul.o
       228          0          0          0          0         96   dmul.o

    ----------------------------------------------------------------------
      3828        100          0          4          0       2088   Library Totals
         6          0          0          0          0          0   (incl. Padding)

    ----------------------------------------------------------------------

      Code (inc. data)   RO Data    RW Data    ZI Data      Debug   Library Name

      2756        100          0          4          0       1432   mc_w.l
      1066          0          0          0          0        656   mf_w.l

    ----------------------------------------------------------------------
      3828        100          0          4          0       2088   Library Totals

    ----------------------------------------------------------------------

==============================================================================


      Code (inc. data)   RO Data    RW Data    ZI Data      Debug   

     20136       1314        568        196       5316     556278   Grand Totals
     20136       1314        568        196       5316     556278   ELF Image Totals
     20136       1314        568        196          0          0   ROM Totals

==============================================================================

    Total RO  Size (Code + RO Data)                20704 (  20.22kB)
    Total RW  Size (RW Data + ZI Data)              5512 (   5.38kB)
    Total ROM Size (Code + RO Data + RW Data)      20900 (  20.41kB)

==============================================================================

